=== 开始重构版本性能基准测试 ===
1. 启动测试服务器...
测试服务器已启动在端口 3333
测试服务器启动成功。

2. 运行基本代理测试...
{"timestamp":"2025-09-15T10:15:23.032Z","level":"INFO","name":"mitmproxy","message":"Node MITMProxy initialized successfully","version":"4.3.0"}
{"timestamp":"2025-09-15T10:15:23.033Z","level":"INFO","name":"mitmproxy","message":"Proxy server started","port":6789,"host":"0.0.0.0"}
{"timestamp":"2025-09-15T10:15:23.034Z","level":"INFO","name":"mitmproxy","message":"Node MITMProxy started","port":6789,"host":"0.0.0.0"}
代理服务器已启动在端口 6789
开始运行工作进程，请求数: 10
开始运行工作进程，请求数: 10
开始运行工作进程，请求数: 10
开始运行工作进程，请求数: 10
开始运行工作进程，请求数: 10
开始运行工作进程，请求数: 10
开始运行工作进程，请求数: 10
开始运行工作进程，请求数: 10
开始运行工作进程，请求数: 10
开始运行工作进程，请求数: 10
开始运行工作进程，请求数: 10
开始运行工作进程，请求数: 10
开始运行工作进程，请求数: 10
开始运行工作进程，请求数: 10
开始运行工作进程，请求数: 10
开始运行工作进程，请求数: 10
开始运行工作进程，请求数: 10
开始运行工作进程，请求数: 10
开始运行工作进程，请求数: 10
开始运行工作进程，请求数: 10
开始运行工作进程，请求数: 10
开始运行工作进程，请求数: 10
开始运行工作进程，请求数: 10
开始运行工作进程，请求数: 10
开始运行工作进程，请求数: 10
开始运行工作进程，请求数: 10
开始运行工作进程，请求数: 10
开始运行工作进程，请求数: 10
开始运行工作进程，请求数: 10
开始运行工作进程，请求数: 10
开始运行工作进程，请求数: 10
开始运行工作进程，请求数: 10
开始运行工作进程，请求数: 10
开始运行工作进程，请求数: 10
开始运行工作进程，请求数: 10
开始运行工作进程，请求数: 10
开始运行工作进程，请求数: 10
开始运行工作进程，请求数: 10
开始运行工作进程，请求数: 10
开始运行工作进程，请求数: 10
开始运行工作进程，请求数: 10
开始运行工作进程，请求数: 10
开始运行工作进程，请求数: 10
开始运行工作进程，请求数: 10
开始运行工作进程，请求数: 10
开始运行工作进程，请求数: 10
开始运行工作进程，请求数: 10
开始运行工作进程，请求数: 10
开始运行工作进程，请求数: 10
开始运行工作进程，请求数: 10
开始运行工作进程，请求数: 10
开始运行工作进程，请求数: 10
开始运行工作进程，请求数: 10
开始运行工作进程，请求数: 10
开始运行工作进程，请求数: 10
开始运行工作进程，请求数: 10
开始运行工作进程，请求数: 10
开始运行工作进程，请求数: 10
开始运行工作进程，请求数: 10
开始运行工作进程，请求数: 10
开始运行工作进程，请求数: 10
开始运行工作进程，请求数: 10
开始运行工作进程，请求数: 10
开始运行工作进程，请求数: 10
开始运行工作进程，请求数: 10
开始运行工作进程，请求数: 10
开始运行工作进程，请求数: 10
开始运行工作进程，请求数: 10
开始运行工作进程，请求数: 10
开始运行工作进程，请求数: 10
开始运行工作进程，请求数: 10
开始运行工作进程，请求数: 10
开始运行工作进程，请求数: 10
开始运行工作进程，请求数: 10
开始运行工作进程，请求数: 10
开始运行工作进程，请求数: 10
开始运行工作进程，请求数: 10
开始运行工作进程，请求数: 10
开始运行工作进程，请求数: 10
开始运行工作进程，请求数: 10
开始运行工作进程，请求数: 10
开始运行工作进程，请求数: 10
开始运行工作进程，请求数: 10
开始运行工作进程，请求数: 10
开始运行工作进程，请求数: 10
开始运行工作进程，请求数: 10
开始运行工作进程，请求数: 10
开始运行工作进程，请求数: 10
开始运行工作进程，请求数: 10
开始运行工作进程，请求数: 10
开始运行工作进程，请求数: 10
开始运行工作进程，请求数: 10
开始运行工作进程，请求数: 10
开始运行工作进程，请求数: 10
开始运行工作进程，请求数: 10
开始运行工作进程，请求数: 10
开始运行工作进程，请求数: 10
开始运行工作进程，请求数: 10
开始运行工作进程，请求数: 10
开始运行工作进程，请求数: 10
请求失败，状态码: 502，响应内容: Proxy server not properly configured
请求失败，状态码: 502，响应内容: Proxy server not properly configured
请求失败，状态码: 502，响应内容: Proxy server not properly configured
请求失败，状态码: 502，响应内容: Proxy server not properly configured
请求失败，状态码: 502，响应内容: Proxy server not properly configured
请求失败，状态码: 502，响应内容: Proxy server not properly configured
请求失败，状态码: 502，响应内容: Proxy server not properly configured
请求失败，状态码: 502，响应内容: Proxy server not properly configured
请求失败，状态码: 502，响应内容: Proxy server not properly configured
请求失败，状态码: 502，响应内容: Proxy server not properly configured
请求失败，状态码: 502，响应内容: Proxy server not properly configured
请求失败，状态码: 502，响应内容: Proxy server not properly configured
请求失败，状态码: 502，响应内容: Proxy server not properly configured
请求失败，状态码: 502，响应内容: Proxy server not properly configured
请求失败，状态码: 502，响应内容: Proxy server not properly configured
请求失败，状态码: 502，响应内容: Proxy server not properly configured
请求失败，状态码: 502，响应内容: Proxy server not properly configured
请求失败，状态码: 502，响应内容: Proxy server not properly configured
请求失败，状态码: 502，响应内容: Proxy server not properly configured
请求失败，状态码: 502，响应内容: Proxy server not properly configured
请求失败，状态码: 502，响应内容: Proxy server not properly configured
请求失败，状态码: 502，响应内容: Proxy server not properly configured
请求失败，状态码: 502，响应内容: Proxy server not properly configured
请求失败，状态码: 502，响应内容: Proxy server not properly configured
请求失败，状态码: 502，响应内容: Proxy server not properly configured
请求失败，状态码: 502，响应内容: Proxy server not properly configured
请求失败，状态码: 502，响应内容: Proxy server not properly configured
请求失败，状态码: 502，响应内容: Proxy server not properly configured
请求失败，状态码: 502，响应内容: Proxy server not properly configured
请求失败，状态码: 502，响应内容: Proxy server not properly configured
请求失败，状态码: 502，响应内容: Proxy server not properly configured
请求失败，状态码: 502，响应内容: Proxy server not properly configured
请求失败，状态码: 502，响应内容: Proxy server not properly configured
请求失败，状态码: 502，响应内容: Proxy server not properly configured
请求失败，状态码: 502，响应内容: Proxy server not properly configured
请求失败，状态码: 502，响应内容: Proxy server not properly configured
请求失败，状态码: 502，响应内容: Proxy server not properly configured
请求失败，状态码: 502，响应内容: Proxy server not properly configured
请求失败，状态码: 502，响应内容: Proxy server not properly configured
请求失败，状态码: 502，响应内容: Proxy server not properly configured
请求失败，状态码: 502，响应内容: Proxy server not properly configured
请求失败，状态码: 502，响应内容: Proxy server not properly configured
请求失败，状态码: 502，响应内容: Proxy server not properly configured
请求失败，状态码: 502，响应内容: Proxy server not properly configured
请求失败，状态码: 502，响应内容: Proxy server not properly configured
请求失败，状态码: 502，响应内容: Proxy server not properly configured
请求失败，状态码: 502，响应内容: Proxy server not properly configured
请求失败，状态码: 502，响应内容: Proxy server not properly configured
请求失败，状态码: 502，响应内容: Proxy server not properly configured
请求失败，状态码: 502，响应内容: Proxy server not properly configured
请求失败，状态码: 502，响应内容: Proxy server not properly configured
请求失败，状态码: 502，响应内容: Proxy server not properly configured
请求失败，状态码: 502，响应内容: Proxy server not properly configured
请求失败，状态码: 502，响应内容: Proxy server not properly configured
请求失败，状态码: 502，响应内容: Proxy server not properly configured
请求失败，状态码: 502，响应内容: Proxy server not properly configured
请求失败，状态码: 502，响应内容: Proxy server not properly configured
请求失败，状态码: 502，响应内容: Proxy server not properly configured
请求失败，状态码: 502，响应内容: Proxy server not properly configured
请求失败，状态码: 502，响应内容: Proxy server not properly configured
请求失败，状态码: 502，响应内容: Proxy server not properly configured
请求失败，状态码: 502，响应内容: Proxy server not properly configured
请求失败，状态码: 502，响应内容: Proxy server not properly configured
请求失败，状态码: 502，响应内容: Proxy server not properly configured
请求失败，状态码: 502，响应内容: Proxy server not properly configured
请求失败，状态码: 502，响应内容: Proxy server not properly configured
请求失败，状态码: 502，响应内容: Proxy server not properly configured
请求失败，状态码: 502，响应内容: Proxy server not properly configured
请求失败，状态码: 502，响应内容: Proxy server not properly configured
请求失败，状态码: 502，响应内容: Proxy server not properly configured
请求失败，状态码: 502，响应内容: Proxy server not properly configured
请求失败，状态码: 502，响应内容: Proxy server not properly configured
请求失败，状态码: 502，响应内容: Proxy server not properly configured
请求失败，状态码: 502，响应内容: Proxy server not properly configured
请求失败，状态码: 502，响应内容: Proxy server not properly configured
请求失败，状态码: 502，响应内容: Proxy server not properly configured
请求失败，状态码: 502，响应内容: Proxy server not properly configured
请求失败，状态码: 502，响应内容: Proxy server not properly configured
请求失败，状态码: 502，响应内容: Proxy server not properly configured
请求失败，状态码: 502，响应内容: Proxy server not properly configured
请求失败，状态码: 502，响应内容: Proxy server not properly configured
请求失败，状态码: 502，响应内容: Proxy server not properly configured
请求失败，状态码: 502，响应内容: Proxy server not properly configured
请求失败，状态码: 502，响应内容: Proxy server not properly configured
请求失败，状态码: 502，响应内容: Proxy server not properly configured
请求失败，状态码: 502，响应内容: Proxy server not properly configured
请求失败，状态码: 502，响应内容: Proxy server not properly configured
请求失败，状态码: 502，响应内容: Proxy server not properly configured
请求失败，状态码: 502，响应内容: Proxy server not properly configured
请求失败，状态码: 502，响应内容: Proxy server not properly configured
请求失败，状态码: 502，响应内容: Proxy server not properly configured
请求失败，状态码: 502，响应内容: Proxy server not properly configured
请求失败，状态码: 502，响应内容: Proxy server not properly configured
请求失败，状态码: 502，响应内容: Proxy server not properly configured
请求失败，状态码: 502，响应内容: Proxy server not properly configured
请求失败，状态码: 502，响应内容: Proxy server not properly configured
请求失败，状态码: 502，响应内容: Proxy server not properly configured
请求失败，状态码: 502，响应内容: Proxy server not properly configured
请求失败，状态码: 502，响应内容: Proxy server not properly configured
请求失败，状态码: 502，响应内容: Proxy server not properly configured
请求失败，状态码: 502，响应内容: Proxy server not properly configured
请求失败，状态码: 502，响应内容: Proxy server not properly configured
请求失败，状态码: 502，响应内容: Proxy server not properly configured
请求失败，状态码: 502，响应内容: Proxy server not properly configured
请求失败，状态码: 502，响应内容: Proxy server not properly configured
请求失败，状态码: 502，响应内容: Proxy server not properly configured
请求失败，状态码: 502，响应内容: Proxy server not properly configured
请求失败，状态码: 502，响应内容: Proxy server not properly configured
请求失败，状态码: 502，响应内容: Proxy server not properly configured
请求失败，状态码: 502，响应内容: Proxy server not properly configured
请求失败，状态码: 502，响应内容: Proxy server not properly configured
请求失败，状态码: 502，响应内容: Proxy server not properly configured
请求失败，状态码: 502，响应内容: Proxy server not properly configured
请求失败，状态码: 502，响应内容: Proxy server not properly configured
请求失败，状态码: 502，响应内容: Proxy server not properly configured
请求失败，状态码: 502，响应内容: Proxy server not properly configured
请求失败，状态码: 502，响应内容: Proxy server not properly configured
请求失败，状态码: 502，响应内容: Proxy server not properly configured
请求失败，状态码: 502，响应内容: Proxy server not properly configured
请求失败，状态码: 502，响应内容: Proxy server not properly configured
请求失败，状态码: 502，响应内容: Proxy server not properly configured
请求失败，状态码: 502，响应内容: Proxy server not properly configured
请求失败，状态码: 502，响应内容: Proxy server not properly configured
请求失败，状态码: 502，响应内容: Proxy server not properly configured
请求失败，状态码: 502，响应内容: Proxy server not properly configured
请求失败，状态码: 502，响应内容: Proxy server not properly configured
请求失败，状态码: 502，响应内容: Proxy server not properly configured
请求失败，状态码: 502，响应内容: Proxy server not properly configured
请求失败，状态码: 502，响应内容: Proxy server not properly configured
请求失败，状态码: 502，响应内容: Proxy server not properly configured
请求失败，状态码: 502，响应内容: Proxy server not properly configured
请求失败，状态码: 502，响应内容: Proxy server not properly configured
请求失败，状态码: 502，响应内容: Proxy server not properly configured
请求失败，状态码: 502，响应内容: Proxy server not properly configured
请求失败，状态码: 502，响应内容: Proxy server not properly configured
请求失败，状态码: 502，响应内容: Proxy server not properly configured
请求失败，状态码: 502，响应内容: Proxy server not properly configured
请求失败，状态码: 502，响应内容: Proxy server not properly configured
请求失败，状态码: 502，响应内容: Proxy server not properly configured
请求失败，状态码: 502，响应内容: Proxy server not properly configured
请求失败，状态码: 502，响应内容: Proxy server not properly configured
请求失败，状态码: 502，响应内容: Proxy server not properly configured
请求失败，状态码: 502，响应内容: Proxy server not properly configured
请求失败，状态码: 502，响应内容: Proxy server not properly configured
请求失败，状态码: 502，响应内容: Proxy server not properly configured
请求失败，状态码: 502，响应内容: Proxy server not properly configured
请求失败，状态码: 502，响应内容: Proxy server not properly configured
请求失败，状态码: 502，响应内容: Proxy server not properly configured
请求失败，状态码: 502，响应内容: Proxy server not properly configured
请求失败，状态码: 502，响应内容: Proxy server not properly configured
请求失败，状态码: 502，响应内容: Proxy server not properly configured
请求失败，状态码: 502，响应内容: Proxy server not properly configured
请求失败，状态码: 502，响应内容: Proxy server not properly configured
请求失败，状态码: 502，响应内容: Proxy server not properly configured
请求失败，状态码: 502，响应内容: Proxy server not properly configured
请求失败，状态码: 502，响应内容: Proxy server not properly configured
请求失败，状态码: 502，响应内容: Proxy server not properly configured
请求失败，状态码: 502，响应内容: Proxy server not properly configured
请求失败，状态码: 502，响应内容: Proxy server not properly configured
请求失败，状态码: 502，响应内容: Proxy server not properly configured
请求失败，状态码: 502，响应内容: Proxy server not properly configured
请求失败，状态码: 502，响应内容: Proxy server not properly configured
请求失败，状态码: 502，响应内容: Proxy server not properly configured
请求失败，状态码: 502，响应内容: Proxy server not properly configured
请求失败，状态码: 502，响应内容: Proxy server not properly configured
请求失败，状态码: 502，响应内容: Proxy server not properly configured
请求失败，状态码: 502，响应内容: Proxy server not properly configured
请求失败，状态码: 502，响应内容: Proxy server not properly configured
请求失败，状态码: 502，响应内容: Proxy server not properly configured
请求失败，状态码: 502，响应内容: Proxy server not properly configured
请求失败，状态码: 502，响应内容: Proxy server not properly configured
请求失败，状态码: 502，响应内容: Proxy server not properly configured
请求失败，状态码: 502，响应内容: Proxy server not properly configured
请求失败，状态码: 502，响应内容: Proxy server not properly configured
请求失败，状态码: 502，响应内容: Proxy server not properly configured
请求失败，状态码: 502，响应内容: Proxy server not properly configured
请求失败，状态码: 502，响应内容: Proxy server not properly configured
请求失败，状态码: 502，响应内容: Proxy server not properly configured
请求失败，状态码: 502，响应内容: Proxy server not properly configured
请求失败，状态码: 502，响应内容: Proxy server not properly configured
请求失败，状态码: 502，响应内容: Proxy server not properly configured
请求失败，状态码: 502，响应内容: Proxy server not properly configured
请求失败，状态码: 502，响应内容: Proxy server not properly configured
请求失败，状态码: 502，响应内容: Proxy server not properly configured
请求失败，状态码: 502，响应内容: Proxy server not properly configured
请求失败，状态码: 502，响应内容: Proxy server not properly configured
请求失败，状态码: 502，响应内容: Proxy server not properly configured
请求失败，状态码: 502，响应内容: Proxy server not properly configured
请求失败，状态码: 502，响应内容: Proxy server not properly configured
请求失败，状态码: 502，响应内容: Proxy server not properly configured
请求失败，状态码: 502，响应内容: Proxy server not properly configured
请求失败，状态码: 502，响应内容: Proxy server not properly configured
请求失败，状态码: 502，响应内容: Proxy server not properly configured
请求失败，状态码: 502，响应内容: Proxy server not properly configured
请求失败，状态码: 502，响应内容: Proxy server not properly configured
请求失败，状态码: 502，响应内容: Proxy server not properly configured
请求失败，状态码: 502，响应内容: Proxy server not properly configured
请求失败，状态码: 502，响应内容: Proxy server not properly configured
请求失败，状态码: 502，响应内容: Proxy server not properly configured
请求失败，状态码: 502，响应内容: Proxy server not properly configured
请求失败，状态码: 502，响应内容: Proxy server not properly configured
请求失败，状态码: 502，响应内容: Proxy server not properly configured
请求失败，状态码: 502，响应内容: Proxy server not properly configured
请求失败，状态码: 502，响应内容: Proxy server not properly configured
请求失败，状态码: 502，响应内容: Proxy server not properly configured
请求失败，状态码: 502，响应内容: Proxy server not properly configured
请求失败，状态码: 502，响应内容: Proxy server not properly configured
请求失败，状态码: 502，响应内容: Proxy server not properly configured
请求失败，状态码: 502，响应内容: Proxy server not properly configured
请求失败，状态码: 502，响应内容: Proxy server not properly configured
请求失败，状态码: 502，响应内容: Proxy server not properly configured
请求失败，状态码: 502，响应内容: Proxy server not properly configured
请求失败，状态码: 502，响应内容: Proxy server not properly configured
请求失败，状态码: 502，响应内容: Proxy server not properly configured
请求失败，状态码: 502，响应内容: Proxy server not properly configured
请求失败，状态码: 502，响应内容: Proxy server not properly configured
请求失败，状态码: 502，响应内容: Proxy server not properly configured
请求失败，状态码: 502，响应内容: Proxy server not properly configured
请求失败，状态码: 502，响应内容: Proxy server not properly configured
请求失败，状态码: 502，响应内容: Proxy server not properly configured
请求失败，状态码: 502，响应内容: Proxy server not properly configured
请求失败，状态码: 502，响应内容: Proxy server not properly configured
请求失败，状态码: 502，响应内容: Proxy server not properly configured
请求失败，状态码: 502，响应内容: Proxy server not properly configured
请求失败，状态码: 502，响应内容: Proxy server not properly configured
请求失败，状态码: 502，响应内容: Proxy server not properly configured
请求失败，状态码: 502，响应内容: Proxy server not properly configured
请求失败，状态码: 502，响应内容: Proxy server not properly configured
请求失败，状态码: 502，响应内容: Proxy server not properly configured
请求失败，状态码: 502，响应内容: Proxy server not properly configured
请求失败，状态码: 502，响应内容: Proxy server not properly configured
请求失败，状态码: 502，响应内容: Proxy server not properly configured
请求失败，状态码: 502，响应内容: Proxy server not properly configured
请求失败，状态码: 502，响应内容: Proxy server not properly configured
请求失败，状态码: 502，响应内容: Proxy server not properly configured
请求失败，状态码: 502，响应内容: Proxy server not properly configured
请求失败，状态码: 502，响应内容: Proxy server not properly configured
请求失败，状态码: 502，响应内容: Proxy server not properly configured
请求失败，状态码: 502，响应内容: Proxy server not properly configured
请求失败，状态码: 502，响应内容: Proxy server not properly configured
请求失败，状态码: 502，响应内容: Proxy server not properly configured
请求失败，状态码: 502，响应内容: Proxy server not properly configured
请求失败，状态码: 502，响应内容: Proxy server not properly configured
请求失败，状态码: 502，响应内容: Proxy server not properly configured
请求失败，状态码: 502，响应内容: Proxy server not properly configured
请求失败，状态码: 502，响应内容: Proxy server not properly configured
请求失败，状态码: 502，响应内容: Proxy server not properly configured
请求失败，状态码: 502，响应内容: Proxy server not properly configured
请求失败，状态码: 502，响应内容: Proxy server not properly configured
请求失败，状态码: 502，响应内容: Proxy server not properly configured
请求失败，状态码: 502，响应内容: Proxy server not properly configured
请求失败，状态码: 502，响应内容: Proxy server not properly configured
请求失败，状态码: 502，响应内容: Proxy server not properly configured
请求失败，状态码: 502，响应内容: Proxy server not properly configured
请求失败，状态码: 502，响应内容: Proxy server not properly configured
请求失败，状态码: 502，响应内容: Proxy server not properly configured
请求失败，状态码: 502，响应内容: Proxy server not properly configured
请求失败，状态码: 502，响应内容: Proxy server not properly configured
请求失败，状态码: 502，响应内容: Proxy server not properly configured
请求失败，状态码: 502，响应内容: Proxy server not properly configured
请求失败，状态码: 502，响应内容: Proxy server not properly configured
请求失败，状态码: 502，响应内容: Proxy server not properly configured
请求失败，状态码: 502，响应内容: Proxy server not properly configured
请求失败，状态码: 502，响应内容: Proxy server not properly configured
请求失败，状态码: 502，响应内容: Proxy server not properly configured
请求失败，状态码: 502，响应内容: Proxy server not properly configured
请求失败，状态码: 502，响应内容: Proxy server not properly configured
请求失败，状态码: 502，响应内容: Proxy server not properly configured
请求失败，状态码: 502，响应内容: Proxy server not properly configured
请求失败，状态码: 502，响应内容: Proxy server not properly configured
请求失败，状态码: 502，响应内容: Proxy server not properly configured
请求失败，状态码: 502，响应内容: Proxy server not properly configured
请求失败，状态码: 502，响应内容: Proxy server not properly configured
请求失败，状态码: 502，响应内容: Proxy server not properly configured
请求失败，状态码: 502，响应内容: Proxy server not properly configured
请求失败，状态码: 502，响应内容: Proxy server not properly configured
请求失败，状态码: 502，响应内容: Proxy server not properly configured
请求失败，状态码: 502，响应内容: Proxy server not properly configured
请求失败，状态码: 502，响应内容: Proxy server not properly configured
请求失败，状态码: 502，响应内容: Proxy server not properly configured
请求失败，状态码: 502，响应内容: Proxy server not properly configured
请求失败，状态码: 502，响应内容: Proxy server not properly configured
请求失败，状态码: 502，响应内容: Proxy server not properly configured
请求失败，状态码: 502，响应内容: Proxy server not properly configured
请求失败，状态码: 502，响应内容: Proxy server not properly configured
请求失败，状态码: 502，响应内容: Proxy server not properly configured
请求失败，状态码: 502，响应内容: Proxy server not properly configured
请求失败，状态码: 502，响应内容: Proxy server not properly configured
请求失败，状态码: 502，响应内容: Proxy server not properly configured
请求失败，状态码: 502，响应内容: Proxy server not properly configured
请求失败，状态码: 502，响应内容: Proxy server not properly configured
请求失败，状态码: 502，响应内容: Proxy server not properly configured
请求失败，状态码: 502，响应内容: Proxy server not properly configured
请求失败，状态码: 502，响应内容: Proxy server not properly configured
请求失败，状态码: 502，响应内容: Proxy server not properly configured
请求失败，状态码: 502，响应内容: Proxy server not properly configured
请求失败，状态码: 502，响应内容: Proxy server not properly configured
请求失败，状态码: 502，响应内容: Proxy server not properly configured
请求失败，状态码: 502，响应内容: Proxy server not properly configured
请求失败，状态码: 502，响应内容: Proxy server not properly configured
请求失败，状态码: 502，响应内容: Proxy server not properly configured
请求失败，状态码: 502，响应内容: Proxy server not properly configured
请求失败，状态码: 502，响应内容: Proxy server not properly configured
请求失败，状态码: 502，响应内容: Proxy server not properly configured
请求失败，状态码: 502，响应内容: Proxy server not properly configured
请求失败，状态码: 502，响应内容: Proxy server not properly configured
请求失败，状态码: 502，响应内容: Proxy server not properly configured
请求失败，状态码: 502，响应内容: Proxy server not properly configured
请求失败，状态码: 502，响应内容: Proxy server not properly configured
请求失败，状态码: 502，响应内容: Proxy server not properly configured
请求失败，状态码: 502，响应内容: Proxy server not properly configured
请求失败，状态码: 502，响应内容: Proxy server not properly configured
请求失败，状态码: 502，响应内容: Proxy server not properly configured
请求失败，状态码: 502，响应内容: Proxy server not properly configured
请求失败，状态码: 502，响应内容: Proxy server not properly configured
请求失败，状态码: 502，响应内容: Proxy server not properly configured
请求失败，状态码: 502，响应内容: Proxy server not properly configured
请求失败，状态码: 502，响应内容: Proxy server not properly configured
请求失败，状态码: 502，响应内容: Proxy server not properly configured
请求失败，状态码: 502，响应内容: Proxy server not properly configured
请求失败，状态码: 502，响应内容: Proxy server not properly configured
请求失败，状态码: 502，响应内容: Proxy server not properly configured
请求失败，状态码: 502，响应内容: Proxy server not properly configured
请求失败，状态码: 502，响应内容: Proxy server not properly configured
请求失败，状态码: 502，响应内容: Proxy server not properly configured
请求失败，状态码: 502，响应内容: Proxy server not properly configured
请求失败，状态码: 502，响应内容: Proxy server not properly configured
请求失败，状态码: 502，响应内容: Proxy server not properly configured
请求失败，状态码: 502，响应内容: Proxy server not properly configured
请求失败，状态码: 502，响应内容: Proxy server not properly configured
请求失败，状态码: 502，响应内容: Proxy server not properly configured
请求失败，状态码: 502，响应内容: Proxy server not properly configured
请求失败，状态码: 502，响应内容: Proxy server not properly configured
请求失败，状态码: 502，响应内容: Proxy server not properly configured
请求失败，状态码: 502，响应内容: Proxy server not properly configured
请求失败，状态码: 502，响应内容: Proxy server not properly configured
请求失败，状态码: 502，响应内容: Proxy server not properly configured
请求失败，状态码: 502，响应内容: Proxy server not properly configured
请求失败，状态码: 502，响应内容: Proxy server not properly configured
请求失败，状态码: 502，响应内容: Proxy server not properly configured
请求失败，状态码: 502，响应内容: Proxy server not properly configured
请求失败，状态码: 502，响应内容: Proxy server not properly configured
请求失败，状态码: 502，响应内容: Proxy server not properly configured
请求失败，状态码: 502，响应内容: Proxy server not properly configured
请求失败，状态码: 502，响应内容: Proxy server not properly configured
请求失败，状态码: 502，响应内容: Proxy server not properly configured
请求失败，状态码: 502，响应内容: Proxy server not properly configured
请求失败，状态码: 502，响应内容: Proxy server not properly configured
请求失败，状态码: 502，响应内容: Proxy server not properly configured
请求失败，状态码: 502，响应内容: Proxy server not properly configured
请求失败，状态码: 502，响应内容: Proxy server not properly configured
请求失败，状态码: 502，响应内容: Proxy server not properly configured
请求失败，状态码: 502，响应内容: Proxy server not properly configured
请求失败，状态码: 502，响应内容: Proxy server not properly configured
请求失败，状态码: 502，响应内容: Proxy server not properly configured
请求失败，状态码: 502，响应内容: Proxy server not properly configured
请求失败，状态码: 502，响应内容: Proxy server not properly configured
请求失败，状态码: 502，响应内容: Proxy server not properly configured
请求失败，状态码: 502，响应内容: Proxy server not properly configured
请求失败，状态码: 502，响应内容: Proxy server not properly configured
请求失败，状态码: 502，响应内容: Proxy server not properly configured
请求失败，状态码: 502，响应内容: Proxy server not properly configured
请求失败，状态码: 502，响应内容: Proxy server not properly configured
请求失败，状态码: 502，响应内容: Proxy server not properly configured
请求失败，状态码: 502，响应内容: Proxy server not properly configured
请求失败，状态码: 502，响应内容: Proxy server not properly configured
请求失败，状态码: 502，响应内容: Proxy server not properly configured
请求失败，状态码: 502，响应内容: Proxy server not properly configured
请求失败，状态码: 502，响应内容: Proxy server not properly configured
请求失败，状态码: 502，响应内容: Proxy server not properly configured
请求失败，状态码: 502，响应内容: Proxy server not properly configured
请求失败，状态码: 502，响应内容: Proxy server not properly configured
请求失败，状态码: 502，响应内容: Proxy server not properly configured
请求失败，状态码: 502，响应内容: Proxy server not properly configured
请求失败，状态码: 502，响应内容: Proxy server not properly configured
请求失败，状态码: 502，响应内容: Proxy server not properly configured
请求失败，状态码: 502，响应内容: Proxy server not properly configured
请求失败，状态码: 502，响应内容: Proxy server not properly configured
请求失败，状态码: 502，响应内容: Proxy server not properly configured
请求失败，状态码: 502，响应内容: Proxy server not properly configured
请求失败，状态码: 502，响应内容: Proxy server not properly configured
请求失败，状态码: 502，响应内容: Proxy server not properly configured
请求失败，状态码: 502，响应内容: Proxy server not properly configured
请求失败，状态码: 502，响应内容: Proxy server not properly configured
请求失败，状态码: 502，响应内容: Proxy server not properly configured
请求失败，状态码: 502，响应内容: Proxy server not properly configured
请求失败，状态码: 502，响应内容: Proxy server not properly configured
请求失败，状态码: 502，响应内容: Proxy server not properly configured
请求失败，状态码: 502，响应内容: Proxy server not properly configured
请求失败，状态码: 502，响应内容: Proxy server not properly configured
请求失败，状态码: 502，响应内容: Proxy server not properly configured
请求失败，状态码: 502，响应内容: Proxy server not properly configured
请求失败，状态码: 502，响应内容: Proxy server not properly configured
请求失败，状态码: 502，响应内容: Proxy server not properly configured
请求失败，状态码: 502，响应内容: Proxy server not properly configured
请求失败，状态码: 502，响应内容: Proxy server not properly configured
请求失败，状态码: 502，响应内容: Proxy server not properly configured
请求失败，状态码: 502，响应内容: Proxy server not properly configured
请求失败，状态码: 502，响应内容: Proxy server not properly configured
请求失败，状态码: 502，响应内容: Proxy server not properly configured
请求失败，状态码: 502，响应内容: Proxy server not properly configured
请求失败，状态码: 502，响应内容: Proxy server not properly configured
请求失败，状态码: 502，响应内容: Proxy server not properly configured
请求失败，状态码: 502，响应内容: Proxy server not properly configured
请求失败，状态码: 502，响应内容: Proxy server not properly configured
请求失败，状态码: 502，响应内容: Proxy server not properly configured
请求失败，状态码: 502，响应内容: Proxy server not properly configured
请求失败，状态码: 502，响应内容: Proxy server not properly configured
请求失败，状态码: 502，响应内容: Proxy server not properly configured
请求失败，状态码: 502，响应内容: Proxy server not properly configured
请求失败，状态码: 502，响应内容: Proxy server not properly configured
请求失败，状态码: 502，响应内容: Proxy server not properly configured
请求失败，状态码: 502，响应内容: Proxy server not properly configured
请求失败，状态码: 502，响应内容: Proxy server not properly configured
请求失败，状态码: 502，响应内容: Proxy server not properly configured
请求失败，状态码: 502，响应内容: Proxy server not properly configured
请求失败，状态码: 502，响应内容: Proxy server not properly configured
请求失败，状态码: 502，响应内容: Proxy server not properly configured
请求失败，状态码: 502，响应内容: Proxy server not properly configured
请求失败，状态码: 502，响应内容: Proxy server not properly configured
请求失败，状态码: 502，响应内容: Proxy server not properly configured
请求失败，状态码: 502，响应内容: Proxy server not properly configured
请求失败，状态码: 502，响应内容: Proxy server not properly configured
请求失败，状态码: 502，响应内容: Proxy server not properly configured
请求失败，状态码: 502，响应内容: Proxy server not properly configured
请求失败，状态码: 502，响应内容: Proxy server not properly configured
请求失败，状态码: 502，响应内容: Proxy server not properly configured
请求失败，状态码: 502，响应内容: Proxy server not properly configured
请求失败，状态码: 502，响应内容: Proxy server not properly configured
请求失败，状态码: 502，响应内容: Proxy server not properly configured
请求失败，状态码: 502，响应内容: Proxy server not properly configured
请求失败，状态码: 502，响应内容: Proxy server not properly configured
请求失败，状态码: 502，响应内容: Proxy server not properly configured
请求失败，状态码: 502，响应内容: Proxy server not properly configured
请求失败，状态码: 502，响应内容: Proxy server not properly configured
请求失败，状态码: 502，响应内容: Proxy server not properly configured
请求失败，状态码: 502，响应内容: Proxy server not properly configured
请求失败，状态码: 502，响应内容: Proxy server not properly configured
请求失败，状态码: 502，响应内容: Proxy server not properly configured
请求失败，状态码: 502，响应内容: Proxy server not properly configured
请求失败，状态码: 502，响应内容: Proxy server not properly configured
请求失败，状态码: 502，响应内容: Proxy server not properly configured
请求失败，状态码: 502，响应内容: Proxy server not properly configured
请求失败，状态码: 502，响应内容: Proxy server not properly configured
请求失败，状态码: 502，响应内容: Proxy server not properly configured
请求失败，状态码: 502，响应内容: Proxy server not properly configured
请求失败，状态码: 502，响应内容: Proxy server not properly configured
请求失败，状态码: 502，响应内容: Proxy server not properly configured
请求失败，状态码: 502，响应内容: Proxy server not properly configured
请求失败，状态码: 502，响应内容: Proxy server not properly configured
请求失败，状态码: 502，响应内容: Proxy server not properly configured
请求失败，状态码: 502，响应内容: Proxy server not properly configured
请求失败，状态码: 502，响应内容: Proxy server not properly configured
请求失败，状态码: 502，响应内容: Proxy server not properly configured
请求失败，状态码: 502，响应内容: Proxy server not properly configured
请求失败，状态码: 502，响应内容: Proxy server not properly configured
请求失败，状态码: 502，响应内容: Proxy server not properly configured
请求失败，状态码: 502，响应内容: Proxy server not properly configured
请求失败，状态码: 502，响应内容: Proxy server not properly configured
请求失败，状态码: 502，响应内容: Proxy server not properly configured
请求失败，状态码: 502，响应内容: Proxy server not properly configured
请求失败，状态码: 502，响应内容: Proxy server not properly configured
请求失败，状态码: 502，响应内容: Proxy server not properly configured
请求失败，状态码: 502，响应内容: Proxy server not properly configured
请求失败，状态码: 502，响应内容: Proxy server not properly configured
请求失败，状态码: 502，响应内容: Proxy server not properly configured
请求失败，状态码: 502，响应内容: Proxy server not properly configured
请求失败，状态码: 502，响应内容: Proxy server not properly configured
请求失败，状态码: 502，响应内容: Proxy server not properly configured
请求失败，状态码: 502，响应内容: Proxy server not properly configured
请求失败，状态码: 502，响应内容: Proxy server not properly configured
请求失败，状态码: 502，响应内容: Proxy server not properly configured
请求失败，状态码: 502，响应内容: Proxy server not properly configured
请求失败，状态码: 502，响应内容: Proxy server not properly configured
请求失败，状态码: 502，响应内容: Proxy server not properly configured
请求失败，状态码: 502，响应内容: Proxy server not properly configured
请求失败，状态码: 502，响应内容: Proxy server not properly configured
请求失败，状态码: 502，响应内容: Proxy server not properly configured
请求失败，状态码: 502，响应内容: Proxy server not properly configured
请求失败，状态码: 502，响应内容: Proxy server not properly configured
请求失败，状态码: 502，响应内容: Proxy server not properly configured
请求失败，状态码: 502，响应内容: Proxy server not properly configured
请求失败，状态码: 502，响应内容: Proxy server not properly configured
请求失败，状态码: 502，响应内容: Proxy server not properly configured
请求失败，状态码: 502，响应内容: Proxy server not properly configured
请求失败，状态码: 502，响应内容: Proxy server not properly configured
请求失败，状态码: 502，响应内容: Proxy server not properly configured
请求失败，状态码: 502，响应内容: Proxy server not properly configured
请求失败，状态码: 502，响应内容: Proxy server not properly configured
请求失败，状态码: 502，响应内容: Proxy server not properly configured
请求失败，状态码: 502，响应内容: Proxy server not properly configured
请求失败，状态码: 502，响应内容: Proxy server not properly configured
请求失败，状态码: 502，响应内容: Proxy server not properly configured
请求失败，状态码: 502，响应内容: Proxy server not properly configured
请求失败，状态码: 502，响应内容: Proxy server not properly configured
请求失败，状态码: 502，响应内容: Proxy server not properly configured
请求失败，状态码: 502，响应内容: Proxy server not properly configured
请求失败，状态码: 502，响应内容: Proxy server not properly configured
请求失败，状态码: 502，响应内容: Proxy server not properly configured
请求失败，状态码: 502，响应内容: Proxy server not properly configured
请求失败，状态码: 502，响应内容: Proxy server not properly configured
请求失败，状态码: 502，响应内容: Proxy server not properly configured
请求失败，状态码: 502，响应内容: Proxy server not properly configured
请求失败，状态码: 502，响应内容: Proxy server not properly configured
请求失败，状态码: 502，响应内容: Proxy server not properly configured
请求失败，状态码: 502，响应内容: Proxy server not properly configured
请求失败，状态码: 502，响应内容: Proxy server not properly configured
请求失败，状态码: 502，响应内容: Proxy server not properly configured
请求失败，状态码: 502，响应内容: Proxy server not properly configured
请求失败，状态码: 502，响应内容: Proxy server not properly configured
请求失败，状态码: 502，响应内容: Proxy server not properly configured
请求失败，状态码: 502，响应内容: Proxy server not properly configured
请求失败，状态码: 502，响应内容: Proxy server not properly configured
请求失败，状态码: 502，响应内容: Proxy server not properly configured
请求失败，状态码: 502，响应内容: Proxy server not properly configured
请求失败，状态码: 502，响应内容: Proxy server not properly configured
请求失败，状态码: 502，响应内容: Proxy server not properly configured
请求失败，状态码: 502，响应内容: Proxy server not properly configured
请求失败，状态码: 502，响应内容: Proxy server not properly configured
请求失败，状态码: 502，响应内容: Proxy server not properly configured
请求失败，状态码: 502，响应内容: Proxy server not properly configured
请求失败，状态码: 502，响应内容: Proxy server not properly configured
请求失败，状态码: 502，响应内容: Proxy server not properly configured
请求失败，状态码: 502，响应内容: Proxy server not properly configured
请求失败，状态码: 502，响应内容: Proxy server not properly configured
请求失败，状态码: 502，响应内容: Proxy server not properly configured
请求失败，状态码: 502，响应内容: Proxy server not properly configured
请求失败，状态码: 502，响应内容: Proxy server not properly configured
请求失败，状态码: 502，响应内容: Proxy server not properly configured
请求失败，状态码: 502，响应内容: Proxy server not properly configured
请求失败，状态码: 502，响应内容: Proxy server not properly configured
请求失败，状态码: 502，响应内容: Proxy server not properly configured
请求失败，状态码: 502，响应内容: Proxy server not properly configured
请求失败，状态码: 502，响应内容: Proxy server not properly configured
请求失败，状态码: 502，响应内容: Proxy server not properly configured
请求失败，状态码: 502，响应内容: Proxy server not properly configured
请求失败，状态码: 502，响应内容: Proxy server not properly configured
请求失败，状态码: 502，响应内容: Proxy server not properly configured
请求失败，状态码: 502，响应内容: Proxy server not properly configured
请求失败，状态码: 502，响应内容: Proxy server not properly configured
请求失败，状态码: 502，响应内容: Proxy server not properly configured
请求失败，状态码: 502，响应内容: Proxy server not properly configured
请求失败，状态码: 502，响应内容: Proxy server not properly configured
请求失败，状态码: 502，响应内容: Proxy server not properly configured
请求失败，状态码: 502，响应内容: Proxy server not properly configured
请求失败，状态码: 502，响应内容: Proxy server not properly configured
请求失败，状态码: 502，响应内容: Proxy server not properly configured
请求失败，状态码: 502，响应内容: Proxy server not properly configured
请求失败，状态码: 502，响应内容: Proxy server not properly configured
请求失败，状态码: 502，响应内容: Proxy server not properly configured
请求失败，状态码: 502，响应内容: Proxy server not properly configured
请求失败，状态码: 502，响应内容: Proxy server not properly configured
请求失败，状态码: 502，响应内容: Proxy server not properly configured
请求失败，状态码: 502，响应内容: Proxy server not properly configured
请求失败，状态码: 502，响应内容: Proxy server not properly configured
请求失败，状态码: 502，响应内容: Proxy server not properly configured
请求失败，状态码: 502，响应内容: Proxy server not properly configured
请求失败，状态码: 502，响应内容: Proxy server not properly configured
请求失败，状态码: 502，响应内容: Proxy server not properly configured
请求失败，状态码: 502，响应内容: Proxy server not properly configured
请求失败，状态码: 502，响应内容: Proxy server not properly configured
请求失败，状态码: 502，响应内容: Proxy server not properly configured
请求失败，状态码: 502，响应内容: Proxy server not properly configured
请求失败，状态码: 502，响应内容: Proxy server not properly configured
请求失败，状态码: 502，响应内容: Proxy server not properly configured
请求失败，状态码: 502，响应内容: Proxy server not properly configured
请求失败，状态码: 502，响应内容: Proxy server not properly configured
请求失败，状态码: 502，响应内容: Proxy server not properly configured
请求失败，状态码: 502，响应内容: Proxy server not properly configured
请求失败，状态码: 502，响应内容: Proxy server not properly configured
请求失败，状态码: 502，响应内容: Proxy server not properly configured
请求失败，状态码: 502，响应内容: Proxy server not properly configured
请求失败，状态码: 502，响应内容: Proxy server not properly configured
请求失败，状态码: 502，响应内容: Proxy server not properly configured
请求失败，状态码: 502，响应内容: Proxy server not properly configured
请求失败，状态码: 502，响应内容: Proxy server not properly configured
请求失败，状态码: 502，响应内容: Proxy server not properly configured
请求失败，状态码: 502，响应内容: Proxy server not properly configured
请求失败，状态码: 502，响应内容: Proxy server not properly configured
请求失败，状态码: 502，响应内容: Proxy server not properly configured
请求失败，状态码: 502，响应内容: Proxy server not properly configured
请求失败，状态码: 502，响应内容: Proxy server not properly configured
请求失败，状态码: 502，响应内容: Proxy server not properly configured
请求失败，状态码: 502，响应内容: Proxy server not properly configured
请求失败，状态码: 502，响应内容: Proxy server not properly configured
请求失败，状态码: 502，响应内容: Proxy server not properly configured
请求失败，状态码: 502，响应内容: Proxy server not properly configured
请求失败，状态码: 502，响应内容: Proxy server not properly configured
请求失败，状态码: 502，响应内容: Proxy server not properly configured
请求失败，状态码: 502，响应内容: Proxy server not properly configured
请求失败，状态码: 502，响应内容: Proxy server not properly configured
请求失败，状态码: 502，响应内容: Proxy server not properly configured
请求失败，状态码: 502，响应内容: Proxy server not properly configured
请求失败，状态码: 502，响应内容: Proxy server not properly configured
请求失败，状态码: 502，响应内容: Proxy server not properly configured
请求失败，状态码: 502，响应内容: Proxy server not properly configured
请求失败，状态码: 502，响应内容: Proxy server not properly configured
请求失败，状态码: 502，响应内容: Proxy server not properly configured
请求失败，状态码: 502，响应内容: Proxy server not properly configured
请求失败，状态码: 502，响应内容: Proxy server not properly configured
请求失败，状态码: 502，响应内容: Proxy server not properly configured
请求失败，状态码: 502，响应内容: Proxy server not properly configured
请求失败，状态码: 502，响应内容: Proxy server not properly configured
请求失败，状态码: 502，响应内容: Proxy server not properly configured
请求失败，状态码: 502，响应内容: Proxy server not properly configured
请求失败，状态码: 502，响应内容: Proxy server not properly configured
请求失败，状态码: 502，响应内容: Proxy server not properly configured
请求失败，状态码: 502，响应内容: Proxy server not properly configured
请求失败，状态码: 502，响应内容: Proxy server not properly configured
请求失败，状态码: 502，响应内容: Proxy server not properly configured
请求失败，状态码: 502，响应内容: Proxy server not properly configured
请求失败，状态码: 502，响应内容: Proxy server not properly configured
请求失败，状态码: 502，响应内容: Proxy server not properly configured
请求失败，状态码: 502，响应内容: Proxy server not properly configured
请求失败，状态码: 502，响应内容: Proxy server not properly configured
请求失败，状态码: 502，响应内容: Proxy server not properly configured
请求失败，状态码: 502，响应内容: Proxy server not properly configured
请求失败，状态码: 502，响应内容: Proxy server not properly configured
请求失败，状态码: 502，响应内容: Proxy server not properly configured
请求失败，状态码: 502，响应内容: Proxy server not properly configured
请求失败，状态码: 502，响应内容: Proxy server not properly configured
请求失败，状态码: 502，响应内容: Proxy server not properly configured
请求失败，状态码: 502，响应内容: Proxy server not properly configured
请求失败，状态码: 502，响应内容: Proxy server not properly configured
请求失败，状态码: 502，响应内容: Proxy server not properly configured
请求失败，状态码: 502，响应内容: Proxy server not properly configured
请求失败，状态码: 502，响应内容: Proxy server not properly configured
请求失败，状态码: 502，响应内容: Proxy server not properly configured
请求失败，状态码: 502，响应内容: Proxy server not properly configured
请求失败，状态码: 502，响应内容: Proxy server not properly configured
请求失败，状态码: 502，响应内容: Proxy server not properly configured
请求失败，状态码: 502，响应内容: Proxy server not properly configured
请求失败，状态码: 502，响应内容: Proxy server not properly configured
请求失败，状态码: 502，响应内容: Proxy server not properly configured
请求失败，状态码: 502，响应内容: Proxy server not properly configured
请求失败，状态码: 502，响应内容: Proxy server not properly configured
请求失败，状态码: 502，响应内容: Proxy server not properly configured
请求失败，状态码: 502，响应内容: Proxy server not properly configured
请求失败，状态码: 502，响应内容: Proxy server not properly configured
请求失败，状态码: 502，响应内容: Proxy server not properly configured
请求失败，状态码: 502，响应内容: Proxy server not properly configured
请求失败，状态码: 502，响应内容: Proxy server not properly configured
请求失败，状态码: 502，响应内容: Proxy server not properly configured
请求失败，状态码: 502，响应内容: Proxy server not properly configured
请求失败，状态码: 502，响应内容: Proxy server not properly configured
请求失败，状态码: 502，响应内容: Proxy server not properly configured
请求失败，状态码: 502，响应内容: Proxy server not properly configured
请求失败，状态码: 502，响应内容: Proxy server not properly configured
请求失败，状态码: 502，响应内容: Proxy server not properly configured
请求失败，状态码: 502，响应内容: Proxy server not properly configured
请求失败，状态码: 502，响应内容: Proxy server not properly configured
请求失败，状态码: 502，响应内容: Proxy server not properly configured
请求失败，状态码: 502，响应内容: Proxy server not properly configured
请求失败，状态码: 502，响应内容: Proxy server not properly configured
请求失败，状态码: 502，响应内容: Proxy server not properly configured
请求失败，状态码: 502，响应内容: Proxy server not properly configured
请求失败，状态码: 502，响应内容: Proxy server not properly configured
请求失败，状态码: 502，响应内容: Proxy server not properly configured
请求失败，状态码: 502，响应内容: Proxy server not properly configured
请求失败，状态码: 502，响应内容: Proxy server not properly configured
请求失败，状态码: 502，响应内容: Proxy server not properly configured
请求失败，状态码: 502，响应内容: Proxy server not properly configured
请求失败，状态码: 502，响应内容: Proxy server not properly configured
请求失败，状态码: 502，响应内容: Proxy server not properly configured
请求失败，状态码: 502，响应内容: Proxy server not properly configured
请求失败，状态码: 502，响应内容: Proxy server not properly configured
请求失败，状态码: 502，响应内容: Proxy server not properly configured
请求失败，状态码: 502，响应内容: Proxy server not properly configured
请求失败，状态码: 502，响应内容: Proxy server not properly configured
请求失败，状态码: 502，响应内容: Proxy server not properly configured
请求失败，状态码: 502，响应内容: Proxy server not properly configured
请求失败，状态码: 502，响应内容: Proxy server not properly configured
请求失败，状态码: 502，响应内容: Proxy server not properly configured
请求失败，状态码: 502，响应内容: Proxy server not properly configured
请求失败，状态码: 502，响应内容: Proxy server not properly configured
请求失败，状态码: 502，响应内容: Proxy server not properly configured
请求失败，状态码: 502，响应内容: Proxy server not properly configured
请求失败，状态码: 502，响应内容: Proxy server not properly configured
请求失败，状态码: 502，响应内容: Proxy server not properly configured
请求失败，状态码: 502，响应内容: Proxy server not properly configured
请求失败，状态码: 502，响应内容: Proxy server not properly configured
请求失败，状态码: 502，响应内容: Proxy server not properly configured
请求失败，状态码: 502，响应内容: Proxy server not properly configured
请求失败，状态码: 502，响应内容: Proxy server not properly configured
请求失败，状态码: 502，响应内容: Proxy server not properly configured
请求失败，状态码: 502，响应内容: Proxy server not properly configured
请求失败，状态码: 502，响应内容: Proxy server not properly configured
请求失败，状态码: 502，响应内容: Proxy server not properly configured
请求失败，状态码: 502，响应内容: Proxy server not properly configured
请求失败，状态码: 502，响应内容: Proxy server not properly configured
请求失败，状态码: 502，响应内容: Proxy server not properly configured
请求失败，状态码: 502，响应内容: Proxy server not properly configured
请求失败，状态码: 502，响应内容: Proxy server not properly configured
请求失败，状态码: 502，响应内容: Proxy server not properly configured
请求失败，状态码: 502，响应内容: Proxy server not properly configured
请求失败，状态码: 502，响应内容: Proxy server not properly configured
请求失败，状态码: 502，响应内容: Proxy server not properly configured
请求失败，状态码: 502，响应内容: Proxy server not properly configured
请求失败，状态码: 502，响应内容: Proxy server not properly configured
请求失败，状态码: 502，响应内容: Proxy server not properly configured
请求失败，状态码: 502，响应内容: Proxy server not properly configured
请求失败，状态码: 502，响应内容: Proxy server not properly configured
请求失败，状态码: 502，响应内容: Proxy server not properly configured
请求失败，状态码: 502，响应内容: Proxy server not properly configured
请求失败，状态码: 502，响应内容: Proxy server not properly configured
请求失败，状态码: 502，响应内容: Proxy server not properly configured
请求失败，状态码: 502，响应内容: Proxy server not properly configured
请求失败，状态码: 502，响应内容: Proxy server not properly configured
请求失败，状态码: 502，响应内容: Proxy server not properly configured
请求失败，状态码: 502，响应内容: Proxy server not properly configured
请求失败，状态码: 502，响应内容: Proxy server not properly configured
请求失败，状态码: 502，响应内容: Proxy server not properly configured
请求失败，状态码: 502，响应内容: Proxy server not properly configured
请求失败，状态码: 502，响应内容: Proxy server not properly configured
请求失败，状态码: 502，响应内容: Proxy server not properly configured
请求失败，状态码: 502，响应内容: Proxy server not properly configured
请求失败，状态码: 502，响应内容: Proxy server not properly configured
请求失败，状态码: 502，响应内容: Proxy server not properly configured
请求失败，状态码: 502，响应内容: Proxy server not properly configured
请求失败，状态码: 502，响应内容: Proxy server not properly configured
请求失败，状态码: 502，响应内容: Proxy server not properly configured
请求失败，状态码: 502，响应内容: Proxy server not properly configured
请求失败，状态码: 502，响应内容: Proxy server not properly configured
请求失败，状态码: 502，响应内容: Proxy server not properly configured
请求失败，状态码: 502，响应内容: Proxy server not properly configured
请求失败，状态码: 502，响应内容: Proxy server not properly configured
请求失败，状态码: 502，响应内容: Proxy server not properly configured
请求失败，状态码: 502，响应内容: Proxy server not properly configured
请求失败，状态码: 502，响应内容: Proxy server not properly configured
请求失败，状态码: 502，响应内容: Proxy server not properly configured
请求失败，状态码: 502，响应内容: Proxy server not properly configured
请求失败，状态码: 502，响应内容: Proxy server not properly configured
请求失败，状态码: 502，响应内容: Proxy server not properly configured
请求失败，状态码: 502，响应内容: Proxy server not properly configured
请求失败，状态码: 502，响应内容: Proxy server not properly configured
请求失败，状态码: 502，响应内容: Proxy server not properly configured
请求失败，状态码: 502，响应内容: Proxy server not properly configured
请求失败，状态码: 502，响应内容: Proxy server not properly configured
请求失败，状态码: 502，响应内容: Proxy server not properly configured
请求失败，状态码: 502，响应内容: Proxy server not properly configured
请求失败，状态码: 502，响应内容: Proxy server not properly configured
请求失败，状态码: 502，响应内容: Proxy server not properly configured
请求失败，状态码: 502，响应内容: Proxy server not properly configured
请求失败，状态码: 502，响应内容: Proxy server not properly configured
请求失败，状态码: 502，响应内容: Proxy server not properly configured
请求失败，状态码: 502，响应内容: Proxy server not properly configured
请求失败，状态码: 502，响应内容: Proxy server not properly configured
请求失败，状态码: 502，响应内容: Proxy server not properly configured
请求失败，状态码: 502，响应内容: Proxy server not properly configured
请求失败，状态码: 502，响应内容: Proxy server not properly configured
请求失败，状态码: 502，响应内容: Proxy server not properly configured
请求失败，状态码: 502，响应内容: Proxy server not properly configured
请求失败，状态码: 502，响应内容: Proxy server not properly configured
请求失败，状态码: 502，响应内容: Proxy server not properly configured
请求失败，状态码: 502，响应内容: Proxy server not properly configured
请求失败，状态码: 502，响应内容: Proxy server not properly configured
请求失败，状态码: 502，响应内容: Proxy server not properly configured
请求失败，状态码: 502，响应内容: Proxy server not properly configured
请求失败，状态码: 502，响应内容: Proxy server not properly configured
请求失败，状态码: 502，响应内容: Proxy server not properly configured
请求失败，状态码: 502，响应内容: Proxy server not properly configured
请求失败，状态码: 502，响应内容: Proxy server not properly configured
请求失败，状态码: 502，响应内容: Proxy server not properly configured
请求失败，状态码: 502，响应内容: Proxy server not properly configured
请求失败，状态码: 502，响应内容: Proxy server not properly configured
请求失败，状态码: 502，响应内容: Proxy server not properly configured
请求失败，状态码: 502，响应内容: Proxy server not properly configured
请求失败，状态码: 502，响应内容: Proxy server not properly configured
请求失败，状态码: 502，响应内容: Proxy server not properly configured
请求失败，状态码: 502，响应内容: Proxy server not properly configured
请求失败，状态码: 502，响应内容: Proxy server not properly configured
请求失败，状态码: 502，响应内容: Proxy server not properly configured
请求失败，状态码: 502，响应内容: Proxy server not properly configured
请求失败，状态码: 502，响应内容: Proxy server not properly configured
请求失败，状态码: 502，响应内容: Proxy server not properly configured
请求失败，状态码: 502，响应内容: Proxy server not properly configured
请求失败，状态码: 502，响应内容: Proxy server not properly configured
请求失败，状态码: 502，响应内容: Proxy server not properly configured
请求失败，状态码: 502，响应内容: Proxy server not properly configured
请求失败，状态码: 502，响应内容: Proxy server not properly configured
请求失败，状态码: 502，响应内容: Proxy server not properly configured
请求失败，状态码: 502，响应内容: Proxy server not properly configured
请求失败，状态码: 502，响应内容: Proxy server not properly configured
请求失败，状态码: 502，响应内容: Proxy server not properly configured
请求失败，状态码: 502，响应内容: Proxy server not properly configured
请求失败，状态码: 502，响应内容: Proxy server not properly configured
请求失败，状态码: 502，响应内容: Proxy server not properly configured
请求失败，状态码: 502，响应内容: Proxy server not properly configured
请求失败，状态码: 502，响应内容: Proxy server not properly configured
请求失败，状态码: 502，响应内容: Proxy server not properly configured
请求失败，状态码: 502，响应内容: Proxy server not properly configured
请求失败，状态码: 502，响应内容: Proxy server not properly configured
请求失败，状态码: 502，响应内容: Proxy server not properly configured
请求失败，状态码: 502，响应内容: Proxy server not properly configured
请求失败，状态码: 502，响应内容: Proxy server not properly configured
请求失败，状态码: 502，响应内容: Proxy server not properly configured
请求失败，状态码: 502，响应内容: Proxy server not properly configured
请求失败，状态码: 502，响应内容: Proxy server not properly configured
请求失败，状态码: 502，响应内容: Proxy server not properly configured
请求失败，状态码: 502，响应内容: Proxy server not properly configured
请求失败，状态码: 502，响应内容: Proxy server not properly configured
请求失败，状态码: 502，响应内容: Proxy server not properly configured
请求失败，状态码: 502，响应内容: Proxy server not properly configured
请求失败，状态码: 502，响应内容: Proxy server not properly configured
请求失败，状态码: 502，响应内容: Proxy server not properly configured
请求失败，状态码: 502，响应内容: Proxy server not properly configured
请求失败，状态码: 502，响应内容: Proxy server not properly configured
请求失败，状态码: 502，响应内容: Proxy server not properly configured
请求失败，状态码: 502，响应内容: Proxy server not properly configured
请求失败，状态码: 502，响应内容: Proxy server not properly configured
请求失败，状态码: 502，响应内容: Proxy server not properly configured
请求失败，状态码: 502，响应内容: Proxy server not properly configured
请求失败，状态码: 502，响应内容: Proxy server not properly configured
请求失败，状态码: 502，响应内容: Proxy server not properly configured
请求失败，状态码: 502，响应内容: Proxy server not properly configured
请求失败，状态码: 502，响应内容: Proxy server not properly configured
请求失败，状态码: 502，响应内容: Proxy server not properly configured
请求失败，状态码: 502，响应内容: Proxy server not properly configured
请求失败，状态码: 502，响应内容: Proxy server not properly configured
请求失败，状态码: 502，响应内容: Proxy server not properly configured
请求失败，状态码: 502，响应内容: Proxy server not properly configured
请求失败，状态码: 502，响应内容: Proxy server not properly configured
请求失败，状态码: 502，响应内容: Proxy server not properly configured
请求失败，状态码: 502，响应内容: Proxy server not properly configured
请求失败，状态码: 502，响应内容: Proxy server not properly configured
请求失败，状态码: 502，响应内容: Proxy server not properly configured
请求失败，状态码: 502，响应内容: Proxy server not properly configured
请求失败，状态码: 502，响应内容: Proxy server not properly configured
请求失败，状态码: 502，响应内容: Proxy server not properly configured
请求失败，状态码: 502，响应内容: Proxy server not properly configured
请求失败，状态码: 502，响应内容: Proxy server not properly configured
请求失败，状态码: 502，响应内容: Proxy server not properly configured
请求失败，状态码: 502，响应内容: Proxy server not properly configured
请求失败，状态码: 502，响应内容: Proxy server not properly configured
请求失败，状态码: 502，响应内容: Proxy server not properly configured
请求失败，状态码: 502，响应内容: Proxy server not properly configured
请求失败，状态码: 502，响应内容: Proxy server not properly configured
请求失败，状态码: 502，响应内容: Proxy server not properly configured
请求失败，状态码: 502，响应内容: Proxy server not properly configured
请求失败，状态码: 502，响应内容: Proxy server not properly configured
请求失败，状态码: 502，响应内容: Proxy server not properly configured
请求失败，状态码: 502，响应内容: Proxy server not properly configured
请求失败，状态码: 502，响应内容: Proxy server not properly configured
请求失败，状态码: 502，响应内容: Proxy server not properly configured
请求失败，状态码: 502，响应内容: Proxy server not properly configured
请求失败，状态码: 502，响应内容: Proxy server not properly configured
请求失败，状态码: 502，响应内容: Proxy server not properly configured
请求失败，状态码: 502，响应内容: Proxy server not properly configured
请求失败，状态码: 502，响应内容: Proxy server not properly configured
请求失败，状态码: 502，响应内容: Proxy server not properly configured
请求失败，状态码: 502，响应内容: Proxy server not properly configured
请求失败，状态码: 502，响应内容: Proxy server not properly configured
请求失败，状态码: 502，响应内容: Proxy server not properly configured
请求失败，状态码: 502，响应内容: Proxy server not properly configured
请求失败，状态码: 502，响应内容: Proxy server not properly configured
请求失败，状态码: 502，响应内容: Proxy server not properly configured
请求失败，状态码: 502，响应内容: Proxy server not properly configured
请求失败，状态码: 502，响应内容: Proxy server not properly configured
请求失败，状态码: 502，响应内容: Proxy server not properly configured
请求失败，状态码: 502，响应内容: Proxy server not properly configured
请求失败，状态码: 502，响应内容: Proxy server not properly configured
请求失败，状态码: 502，响应内容: Proxy server not properly configured
请求失败，状态码: 502，响应内容: Proxy server not properly configured
请求失败，状态码: 502，响应内容: Proxy server not properly configured
请求失败，状态码: 502，响应内容: Proxy server not properly configured
请求失败，状态码: 502，响应内容: Proxy server not properly configured
请求失败，状态码: 502，响应内容: Proxy server not properly configured
请求失败，状态码: 502，响应内容: Proxy server not properly configured
请求失败，状态码: 502，响应内容: Proxy server not properly configured
请求失败，状态码: 502，响应内容: Proxy server not properly configured
请求失败，状态码: 502，响应内容: Proxy server not properly configured
请求失败，状态码: 502，响应内容: Proxy server not properly configured
请求失败，状态码: 502，响应内容: Proxy server not properly configured
请求失败，状态码: 502，响应内容: Proxy server not properly configured
请求失败，状态码: 502，响应内容: Proxy server not properly configured
请求失败，状态码: 502，响应内容: Proxy server not properly configured
请求失败，状态码: 502，响应内容: Proxy server not properly configured
请求失败，状态码: 502，响应内容: Proxy server not properly configured
请求失败，状态码: 502，响应内容: Proxy server not properly configured
请求失败，状态码: 502，响应内容: Proxy server not properly configured
请求失败，状态码: 502，响应内容: Proxy server not properly configured
请求失败，状态码: 502，响应内容: Proxy server not properly configured
请求失败，状态码: 502，响应内容: Proxy server not properly configured
请求失败，状态码: 502，响应内容: Proxy server not properly configured
请求失败，状态码: 502，响应内容: Proxy server not properly configured
请求失败，状态码: 502，响应内容: Proxy server not properly configured
请求失败，状态码: 502，响应内容: Proxy server not properly configured
请求失败，状态码: 502，响应内容: Proxy server not properly configured
请求失败，状态码: 502，响应内容: Proxy server not properly configured
请求失败，状态码: 502，响应内容: Proxy server not properly configured
请求失败，状态码: 502，响应内容: Proxy server not properly configured
请求失败，状态码: 502，响应内容: Proxy server not properly configured
请求失败，状态码: 502，响应内容: Proxy server not properly configured
请求失败，状态码: 502，响应内容: Proxy server not properly configured
请求失败，状态码: 502，响应内容: Proxy server not properly configured
请求失败，状态码: 502，响应内容: Proxy server not properly configured
请求失败，状态码: 502，响应内容: Proxy server not properly configured
请求失败，状态码: 502，响应内容: Proxy server not properly configured
请求失败，状态码: 502，响应内容: Proxy server not properly configured
请求失败，状态码: 502，响应内容: Proxy server not properly configured
请求失败，状态码: 502，响应内容: Proxy server not properly configured
请求失败，状态码: 502，响应内容: Proxy server not properly configured
请求失败，状态码: 502，响应内容: Proxy server not properly configured
请求失败，状态码: 502，响应内容: Proxy server not properly configured
请求失败，状态码: 502，响应内容: Proxy server not properly configured
请求失败，状态码: 502，响应内容: Proxy server not properly configured
请求失败，状态码: 502，响应内容: Proxy server not properly configured
请求失败，状态码: 502，响应内容: Proxy server not properly configured
请求失败，状态码: 502，响应内容: Proxy server not properly configured
请求失败，状态码: 502，响应内容: Proxy server not properly configured
请求失败，状态码: 502，响应内容: Proxy server not properly configured
请求失败，状态码: 502，响应内容: Proxy server not properly configured
请求失败，状态码: 502，响应内容: Proxy server not properly configured
请求失败，状态码: 502，响应内容: Proxy server not properly configured
请求失败，状态码: 502，响应内容: Proxy server not properly configured
请求失败，状态码: 502，响应内容: Proxy server not properly configured
请求失败，状态码: 502，响应内容: Proxy server not properly configured
请求失败，状态码: 502，响应内容: Proxy server not properly configured
请求失败，状态码: 502，响应内容: Proxy server not properly configured
请求失败，状态码: 502，响应内容: Proxy server not properly configured
请求失败，状态码: 502，响应内容: Proxy server not properly configured
请求失败，状态码: 502，响应内容: Proxy server not properly configured
请求失败，状态码: 502，响应内容: Proxy server not properly configured
请求失败，状态码: 502，响应内容: Proxy server not properly configured
请求失败，状态码: 502，响应内容: Proxy server not properly configured
请求失败，状态码: 502，响应内容: Proxy server not properly configured
请求失败，状态码: 502，响应内容: Proxy server not properly configured
请求失败，状态码: 502，响应内容: Proxy server not properly configured
请求失败，状态码: 502，响应内容: Proxy server not properly configured
请求失败，状态码: 502，响应内容: Proxy server not properly configured
请求失败，状态码: 502，响应内容: Proxy server not properly configured
请求失败，状态码: 502，响应内容: Proxy server not properly configured
请求失败，状态码: 502，响应内容: Proxy server not properly configured
请求失败，状态码: 502，响应内容: Proxy server not properly configured
请求失败，状态码: 502，响应内容: Proxy server not properly configured
请求失败，状态码: 502，响应内容: Proxy server not properly configured
请求失败，状态码: 502，响应内容: Proxy server not properly configured
请求失败，状态码: 502，响应内容: Proxy server not properly configured
请求失败，状态码: 502，响应内容: Proxy server not properly configured
请求失败，状态码: 502，响应内容: Proxy server not properly configured
请求失败，状态码: 502，响应内容: Proxy server not properly configured
请求失败，状态码: 502，响应内容: Proxy server not properly configured
请求失败，状态码: 502，响应内容: Proxy server not properly configured
请求失败，状态码: 502，响应内容: Proxy server not properly configured
请求失败，状态码: 502，响应内容: Proxy server not properly configured
请求失败，状态码: 502，响应内容: Proxy server not properly configured
请求失败，状态码: 502，响应内容: Proxy server not properly configured
请求失败，状态码: 502，响应内容: Proxy server not properly configured
请求失败，状态码: 502，响应内容: Proxy server not properly configured
请求失败，状态码: 502，响应内容: Proxy server not properly configured
请求失败，状态码: 502，响应内容: Proxy server not properly configured
请求失败，状态码: 502，响应内容: Proxy server not properly configured
请求失败，状态码: 502，响应内容: Proxy server not properly configured
请求失败，状态码: 502，响应内容: Proxy server not properly configured
请求失败，状态码: 502，响应内容: Proxy server not properly configured
请求失败，状态码: 502，响应内容: Proxy server not properly configured
请求失败，状态码: 502，响应内容: Proxy server not properly configured
请求失败，状态码: 502，响应内容: Proxy server not properly configured
请求失败，状态码: 502，响应内容: Proxy server not properly configured
请求失败，状态码: 502，响应内容: Proxy server not properly configured
请求失败，状态码: 502，响应内容: Proxy server not properly configured
请求失败，状态码: 502，响应内容: Proxy server not properly configured
请求失败，状态码: 502，响应内容: Proxy server not properly configured
请求失败，状态码: 502，响应内容: Proxy server not properly configured
请求失败，状态码: 502，响应内容: Proxy server not properly configured
请求失败，状态码: 502，响应内容: Proxy server not properly configured
请求失败，状态码: 502，响应内容: Proxy server not properly configured
请求失败，状态码: 502，响应内容: Proxy server not properly configured
请求失败，状态码: 502，响应内容: Proxy server not properly configured
请求失败，状态码: 502，响应内容: Proxy server not properly configured
请求失败，状态码: 502，响应内容: Proxy server not properly configured
请求失败，状态码: 502，响应内容: Proxy server not properly configured
请求失败，状态码: 502，响应内容: Proxy server not properly configured
请求失败，状态码: 502，响应内容: Proxy server not properly configured
请求失败，状态码: 502，响应内容: Proxy server not properly configured
请求失败，状态码: 502，响应内容: Proxy server not properly configured
请求失败，状态码: 502，响应内容: Proxy server not properly configured
请求失败，状态码: 502，响应内容: Proxy server not properly configured
请求失败，状态码: 502，响应内容: Proxy server not properly configured
请求失败，状态码: 502，响应内容: Proxy server not properly configured
请求失败，状态码: 502，响应内容: Proxy server not properly configured
请求失败，状态码: 502，响应内容: Proxy server not properly configured
请求失败，状态码: 502，响应内容: Proxy server not properly configured
请求失败，状态码: 502，响应内容: Proxy server not properly configured
请求失败，状态码: 502，响应内容: Proxy server not properly configured
请求失败，状态码: 502，响应内容: Proxy server not properly configured
请求失败，状态码: 502，响应内容: Proxy server not properly configured
请求失败，状态码: 502，响应内容: Proxy server not properly configured
请求失败，状态码: 502，响应内容: Proxy server not properly configured
请求失败，状态码: 502，响应内容: Proxy server not properly configured
请求失败，状态码: 502，响应内容: Proxy server not properly configured
请求失败，状态码: 502，响应内容: Proxy server not properly configured
请求失败，状态码: 502，响应内容: Proxy server not properly configured
请求失败，状态码: 502，响应内容: Proxy server not properly configured
请求失败，状态码: 502，响应内容: Proxy server not properly configured
请求失败，状态码: 502，响应内容: Proxy server not properly configured
请求失败，状态码: 502，响应内容: Proxy server not properly configured
请求失败，状态码: 502，响应内容: Proxy server not properly configured
请求失败，状态码: 502，响应内容: Proxy server not properly configured
请求失败，状态码: 502，响应内容: Proxy server not properly configured
basic 测试完成:
- QPS: 0.00
- 成功率: 0.00%
- 平均响应时间: N/A ms
{"timestamp":"2025-09-15T10:15:25.216Z","level":"INFO","name":"mitmproxy","message":"Proxy server stopped"}
{"timestamp":"2025-09-15T10:15:25.217Z","level":"INFO","name":"mitmproxy","message":"Node MITMProxy stopped"}

3. 运行固定证书测试...
{"timestamp":"2025-09-15T10:15:25.217Z","level":"INFO","name":"mitmproxy","message":"Node MITMProxy initialized successfully","version":"4.3.0"}
{"timestamp":"2025-09-15T10:15:25.218Z","level":"INFO","name":"mitmproxy","message":"Proxy server started","port":6789,"host":"0.0.0.0"}
{"timestamp":"2025-09-15T10:15:25.218Z","level":"INFO","name":"mitmproxy","message":"Node MITMProxy started","port":6789,"host":"0.0.0.0"}
代理服务器已启动在端口 6789
开始运行工作进程，请求数: 10
开始运行工作进程，请求数: 10
开始运行工作进程，请求数: 10
开始运行工作进程，请求数: 10
开始运行工作进程，请求数: 10
开始运行工作进程，请求数: 10
开始运行工作进程，请求数: 10
开始运行工作进程，请求数: 10
开始运行工作进程，请求数: 10
开始运行工作进程，请求数: 10
开始运行工作进程，请求数: 10
开始运行工作进程，请求数: 10
开始运行工作进程，请求数: 10
开始运行工作进程，请求数: 10
开始运行工作进程，请求数: 10
开始运行工作进程，请求数: 10
开始运行工作进程，请求数: 10
开始运行工作进程，请求数: 10
开始运行工作进程，请求数: 10
开始运行工作进程，请求数: 10
开始运行工作进程，请求数: 10
开始运行工作进程，请求数: 10
开始运行工作进程，请求数: 10
开始运行工作进程，请求数: 10
开始运行工作进程，请求数: 10
开始运行工作进程，请求数: 10
开始运行工作进程，请求数: 10
开始运行工作进程，请求数: 10
开始运行工作进程，请求数: 10
开始运行工作进程，请求数: 10
开始运行工作进程，请求数: 10
开始运行工作进程，请求数: 10
开始运行工作进程，请求数: 10
开始运行工作进程，请求数: 10
开始运行工作进程，请求数: 10
开始运行工作进程，请求数: 10
开始运行工作进程，请求数: 10
开始运行工作进程，请求数: 10
开始运行工作进程，请求数: 10
开始运行工作进程，请求数: 10
开始运行工作进程，请求数: 10
开始运行工作进程，请求数: 10
开始运行工作进程，请求数: 10
开始运行工作进程，请求数: 10
开始运行工作进程，请求数: 10
开始运行工作进程，请求数: 10
开始运行工作进程，请求数: 10
开始运行工作进程，请求数: 10
开始运行工作进程，请求数: 10
开始运行工作进程，请求数: 10
开始运行工作进程，请求数: 10
开始运行工作进程，请求数: 10
开始运行工作进程，请求数: 10
开始运行工作进程，请求数: 10
开始运行工作进程，请求数: 10
开始运行工作进程，请求数: 10
开始运行工作进程，请求数: 10
开始运行工作进程，请求数: 10
开始运行工作进程，请求数: 10
开始运行工作进程，请求数: 10
开始运行工作进程，请求数: 10
开始运行工作进程，请求数: 10
开始运行工作进程，请求数: 10
开始运行工作进程，请求数: 10
开始运行工作进程，请求数: 10
开始运行工作进程，请求数: 10
开始运行工作进程，请求数: 10
开始运行工作进程，请求数: 10
开始运行工作进程，请求数: 10
开始运行工作进程，请求数: 10
开始运行工作进程，请求数: 10
开始运行工作进程，请求数: 10
开始运行工作进程，请求数: 10
开始运行工作进程，请求数: 10
开始运行工作进程，请求数: 10
开始运行工作进程，请求数: 10
开始运行工作进程，请求数: 10
开始运行工作进程，请求数: 10
开始运行工作进程，请求数: 10
开始运行工作进程，请求数: 10
开始运行工作进程，请求数: 10
开始运行工作进程，请求数: 10
开始运行工作进程，请求数: 10
开始运行工作进程，请求数: 10
开始运行工作进程，请求数: 10
开始运行工作进程，请求数: 10
开始运行工作进程，请求数: 10
开始运行工作进程，请求数: 10
开始运行工作进程，请求数: 10
开始运行工作进程，请求数: 10
开始运行工作进程，请求数: 10
开始运行工作进程，请求数: 10
开始运行工作进程，请求数: 10
开始运行工作进程，请求数: 10
开始运行工作进程，请求数: 10
开始运行工作进程，请求数: 10
开始运行工作进程，请求数: 10
开始运行工作进程，请求数: 10
开始运行工作进程，请求数: 10
开始运行工作进程，请求数: 10
请求失败，状态码: 502，响应内容: Proxy server not properly configured
请求失败，状态码: 502，响应内容: Proxy server not properly configured
请求失败，状态码: 502，响应内容: Proxy server not properly configured
请求失败，状态码: 502，响应内容: Proxy server not properly configured
请求失败，状态码: 502，响应内容: Proxy server not properly configured
请求失败，状态码: 502，响应内容: Proxy server not properly configured
请求失败，状态码: 502，响应内容: Proxy server not properly configured
请求失败，状态码: 502，响应内容: Proxy server not properly configured
请求失败，状态码: 502，响应内容: Proxy server not properly configured
请求失败，状态码: 502，响应内容: Proxy server not properly configured
请求失败，状态码: 502，响应内容: Proxy server not properly configured
请求失败，状态码: 502，响应内容: Proxy server not properly configured
请求失败，状态码: 502，响应内容: Proxy server not properly configured
请求失败，状态码: 502，响应内容: Proxy server not properly configured
请求失败，状态码: 502，响应内容: Proxy server not properly configured
请求失败，状态码: 502，响应内容: Proxy server not properly configured
请求失败，状态码: 502，响应内容: Proxy server not properly configured
请求失败，状态码: 502，响应内容: Proxy server not properly configured
请求失败，状态码: 502，响应内容: Proxy server not properly configured
请求失败，状态码: 502，响应内容: Proxy server not properly configured
请求失败，状态码: 502，响应内容: Proxy server not properly configured
请求失败，状态码: 502，响应内容: Proxy server not properly configured
请求失败，状态码: 502，响应内容: Proxy server not properly configured
请求失败，状态码: 502，响应内容: Proxy server not properly configured
请求失败，状态码: 502，响应内容: Proxy server not properly configured
请求失败，状态码: 502，响应内容: Proxy server not properly configured
请求失败，状态码: 502，响应内容: Proxy server not properly configured
请求失败，状态码: 502，响应内容: Proxy server not properly configured
请求失败，状态码: 502，响应内容: Proxy server not properly configured
请求失败，状态码: 502，响应内容: Proxy server not properly configured
请求失败，状态码: 502，响应内容: Proxy server not properly configured
请求失败，状态码: 502，响应内容: Proxy server not properly configured
请求失败，状态码: 502，响应内容: Proxy server not properly configured
请求失败，状态码: 502，响应内容: Proxy server not properly configured
请求失败，状态码: 502，响应内容: Proxy server not properly configured
请求失败，状态码: 502，响应内容: Proxy server not properly configured
请求失败，状态码: 502，响应内容: Proxy server not properly configured
请求失败，状态码: 502，响应内容: Proxy server not properly configured
请求失败，状态码: 502，响应内容: Proxy server not properly configured
请求失败，状态码: 502，响应内容: Proxy server not properly configured
请求失败，状态码: 502，响应内容: Proxy server not properly configured
请求失败，状态码: 502，响应内容: Proxy server not properly configured
请求失败，状态码: 502，响应内容: Proxy server not properly configured
请求失败，状态码: 502，响应内容: Proxy server not properly configured
请求失败，状态码: 502，响应内容: Proxy server not properly configured
请求失败，状态码: 502，响应内容: Proxy server not properly configured
请求失败，状态码: 502，响应内容: Proxy server not properly configured
请求失败，状态码: 502，响应内容: Proxy server not properly configured
请求失败，状态码: 502，响应内容: Proxy server not properly configured
请求失败，状态码: 502，响应内容: Proxy server not properly configured
请求失败，状态码: 502，响应内容: Proxy server not properly configured
请求失败，状态码: 502，响应内容: Proxy server not properly configured
请求失败，状态码: 502，响应内容: Proxy server not properly configured
请求失败，状态码: 502，响应内容: Proxy server not properly configured
请求失败，状态码: 502，响应内容: Proxy server not properly configured
请求失败，状态码: 502，响应内容: Proxy server not properly configured
请求失败，状态码: 502，响应内容: Proxy server not properly configured
请求失败，状态码: 502，响应内容: Proxy server not properly configured
请求失败，状态码: 502，响应内容: Proxy server not properly configured
请求失败，状态码: 502，响应内容: Proxy server not properly configured
请求失败，状态码: 502，响应内容: Proxy server not properly configured
请求失败，状态码: 502，响应内容: Proxy server not properly configured
请求失败，状态码: 502，响应内容: Proxy server not properly configured
请求失败，状态码: 502，响应内容: Proxy server not properly configured
请求失败，状态码: 502，响应内容: Proxy server not properly configured
请求失败，状态码: 502，响应内容: Proxy server not properly configured
请求失败，状态码: 502，响应内容: Proxy server not properly configured
请求失败，状态码: 502，响应内容: Proxy server not properly configured
请求失败，状态码: 502，响应内容: Proxy server not properly configured
请求失败，状态码: 502，响应内容: Proxy server not properly configured
请求失败，状态码: 502，响应内容: Proxy server not properly configured
请求失败，状态码: 502，响应内容: Proxy server not properly configured
请求失败，状态码: 502，响应内容: Proxy server not properly configured
请求失败，状态码: 502，响应内容: Proxy server not properly configured
请求失败，状态码: 502，响应内容: Proxy server not properly configured
请求失败，状态码: 502，响应内容: Proxy server not properly configured
请求失败，状态码: 502，响应内容: Proxy server not properly configured
请求失败，状态码: 502，响应内容: Proxy server not properly configured
请求失败，状态码: 502，响应内容: Proxy server not properly configured
请求失败，状态码: 502，响应内容: Proxy server not properly configured
请求失败，状态码: 502，响应内容: Proxy server not properly configured
请求失败，状态码: 502，响应内容: Proxy server not properly configured
请求失败，状态码: 502，响应内容: Proxy server not properly configured
请求失败，状态码: 502，响应内容: Proxy server not properly configured
请求失败，状态码: 502，响应内容: Proxy server not properly configured
请求失败，状态码: 502，响应内容: Proxy server not properly configured
请求失败，状态码: 502，响应内容: Proxy server not properly configured
请求失败，状态码: 502，响应内容: Proxy server not properly configured
请求失败，状态码: 502，响应内容: Proxy server not properly configured
请求失败，状态码: 502，响应内容: Proxy server not properly configured
请求失败，状态码: 502，响应内容: Proxy server not properly configured
请求失败，状态码: 502，响应内容: Proxy server not properly configured
请求失败，状态码: 502，响应内容: Proxy server not properly configured
请求失败，状态码: 502，响应内容: Proxy server not properly configured
请求失败，状态码: 502，响应内容: Proxy server not properly configured
请求失败，状态码: 502，响应内容: Proxy server not properly configured
请求失败，状态码: 502，响应内容: Proxy server not properly configured
请求失败，状态码: 502，响应内容: Proxy server not properly configured
请求失败，状态码: 502，响应内容: Proxy server not properly configured
请求失败，状态码: 502，响应内容: Proxy server not properly configured
请求失败，状态码: 502，响应内容: Proxy server not properly configured
请求失败，状态码: 502，响应内容: Proxy server not properly configured
请求失败，状态码: 502，响应内容: Proxy server not properly configured
请求失败，状态码: 502，响应内容: Proxy server not properly configured
请求失败，状态码: 502，响应内容: Proxy server not properly configured
请求失败，状态码: 502，响应内容: Proxy server not properly configured
请求失败，状态码: 502，响应内容: Proxy server not properly configured
请求失败，状态码: 502，响应内容: Proxy server not properly configured
请求失败，状态码: 502，响应内容: Proxy server not properly configured
请求失败，状态码: 502，响应内容: Proxy server not properly configured
请求失败，状态码: 502，响应内容: Proxy server not properly configured
请求失败，状态码: 502，响应内容: Proxy server not properly configured
请求失败，状态码: 502，响应内容: Proxy server not properly configured
请求失败，状态码: 502，响应内容: Proxy server not properly configured
请求失败，状态码: 502，响应内容: Proxy server not properly configured
请求失败，状态码: 502，响应内容: Proxy server not properly configured
请求失败，状态码: 502，响应内容: Proxy server not properly configured
请求失败，状态码: 502，响应内容: Proxy server not properly configured
请求失败，状态码: 502，响应内容: Proxy server not properly configured
请求失败，状态码: 502，响应内容: Proxy server not properly configured
请求失败，状态码: 502，响应内容: Proxy server not properly configured
请求失败，状态码: 502，响应内容: Proxy server not properly configured
请求失败，状态码: 502，响应内容: Proxy server not properly configured
请求失败，状态码: 502，响应内容: Proxy server not properly configured
请求失败，状态码: 502，响应内容: Proxy server not properly configured
请求失败，状态码: 502，响应内容: Proxy server not properly configured
请求失败，状态码: 502，响应内容: Proxy server not properly configured
请求失败，状态码: 502，响应内容: Proxy server not properly configured
请求失败，状态码: 502，响应内容: Proxy server not properly configured
请求失败，状态码: 502，响应内容: Proxy server not properly configured
请求失败，状态码: 502，响应内容: Proxy server not properly configured
请求失败，状态码: 502，响应内容: Proxy server not properly configured
请求失败，状态码: 502，响应内容: Proxy server not properly configured
请求失败，状态码: 502，响应内容: Proxy server not properly configured
请求失败，状态码: 502，响应内容: Proxy server not properly configured
请求失败，状态码: 502，响应内容: Proxy server not properly configured
请求失败，状态码: 502，响应内容: Proxy server not properly configured
请求失败，状态码: 502，响应内容: Proxy server not properly configured
请求失败，状态码: 502，响应内容: Proxy server not properly configured
请求失败，状态码: 502，响应内容: Proxy server not properly configured
请求失败，状态码: 502，响应内容: Proxy server not properly configured
请求失败，状态码: 502，响应内容: Proxy server not properly configured
请求失败，状态码: 502，响应内容: Proxy server not properly configured
请求失败，状态码: 502，响应内容: Proxy server not properly configured
请求失败，状态码: 502，响应内容: Proxy server not properly configured
请求失败，状态码: 502，响应内容: Proxy server not properly configured
请求失败，状态码: 502，响应内容: Proxy server not properly configured
请求失败，状态码: 502，响应内容: Proxy server not properly configured
请求失败，状态码: 502，响应内容: Proxy server not properly configured
请求失败，状态码: 502，响应内容: Proxy server not properly configured
请求失败，状态码: 502，响应内容: Proxy server not properly configured
请求失败，状态码: 502，响应内容: Proxy server not properly configured
请求失败，状态码: 502，响应内容: Proxy server not properly configured
请求失败，状态码: 502，响应内容: Proxy server not properly configured
请求失败，状态码: 502，响应内容: Proxy server not properly configured
请求失败，状态码: 502，响应内容: Proxy server not properly configured
请求失败，状态码: 502，响应内容: Proxy server not properly configured
请求失败，状态码: 502，响应内容: Proxy server not properly configured
请求失败，状态码: 502，响应内容: Proxy server not properly configured
请求失败，状态码: 502，响应内容: Proxy server not properly configured
请求失败，状态码: 502，响应内容: Proxy server not properly configured
请求失败，状态码: 502，响应内容: Proxy server not properly configured
请求失败，状态码: 502，响应内容: Proxy server not properly configured
请求失败，状态码: 502，响应内容: Proxy server not properly configured
请求失败，状态码: 502，响应内容: Proxy server not properly configured
请求失败，状态码: 502，响应内容: Proxy server not properly configured
请求失败，状态码: 502，响应内容: Proxy server not properly configured
请求失败，状态码: 502，响应内容: Proxy server not properly configured
请求失败，状态码: 502，响应内容: Proxy server not properly configured
请求失败，状态码: 502，响应内容: Proxy server not properly configured
请求失败，状态码: 502，响应内容: Proxy server not properly configured
请求失败，状态码: 502，响应内容: Proxy server not properly configured
请求失败，状态码: 502，响应内容: Proxy server not properly configured
请求失败，状态码: 502，响应内容: Proxy server not properly configured
请求失败，状态码: 502，响应内容: Proxy server not properly configured
请求失败，状态码: 502，响应内容: Proxy server not properly configured
请求失败，状态码: 502，响应内容: Proxy server not properly configured
请求失败，状态码: 502，响应内容: Proxy server not properly configured
请求失败，状态码: 502，响应内容: Proxy server not properly configured
请求失败，状态码: 502，响应内容: Proxy server not properly configured
请求失败，状态码: 502，响应内容: Proxy server not properly configured
请求失败，状态码: 502，响应内容: Proxy server not properly configured
请求失败，状态码: 502，响应内容: Proxy server not properly configured
请求失败，状态码: 502，响应内容: Proxy server not properly configured
请求失败，状态码: 502，响应内容: Proxy server not properly configured
请求失败，状态码: 502，响应内容: Proxy server not properly configured
请求失败，状态码: 502，响应内容: Proxy server not properly configured
请求失败，状态码: 502，响应内容: Proxy server not properly configured
请求失败，状态码: 502，响应内容: Proxy server not properly configured
请求失败，状态码: 502，响应内容: Proxy server not properly configured
请求失败，状态码: 502，响应内容: Proxy server not properly configured
请求失败，状态码: 502，响应内容: Proxy server not properly configured
请求失败，状态码: 502，响应内容: Proxy server not properly configured
请求失败，状态码: 502，响应内容: Proxy server not properly configured
请求失败，状态码: 502，响应内容: Proxy server not properly configured
请求失败，状态码: 502，响应内容: Proxy server not properly configured
请求失败，状态码: 502，响应内容: Proxy server not properly configured
请求失败，状态码: 502，响应内容: Proxy server not properly configured
请求失败，状态码: 502，响应内容: Proxy server not properly configured
请求失败，状态码: 502，响应内容: Proxy server not properly configured
请求失败，状态码: 502，响应内容: Proxy server not properly configured
请求失败，状态码: 502，响应内容: Proxy server not properly configured
请求失败，状态码: 502，响应内容: Proxy server not properly configured
请求失败，状态码: 502，响应内容: Proxy server not properly configured
请求失败，状态码: 502，响应内容: Proxy server not properly configured
请求失败，状态码: 502，响应内容: Proxy server not properly configured
请求失败，状态码: 502，响应内容: Proxy server not properly configured
请求失败，状态码: 502，响应内容: Proxy server not properly configured
请求失败，状态码: 502，响应内容: Proxy server not properly configured
请求失败，状态码: 502，响应内容: Proxy server not properly configured
请求失败，状态码: 502，响应内容: Proxy server not properly configured
请求失败，状态码: 502，响应内容: Proxy server not properly configured
请求失败，状态码: 502，响应内容: Proxy server not properly configured
请求失败，状态码: 502，响应内容: Proxy server not properly configured
请求失败，状态码: 502，响应内容: Proxy server not properly configured
请求失败，状态码: 502，响应内容: Proxy server not properly configured
请求失败，状态码: 502，响应内容: Proxy server not properly configured
请求失败，状态码: 502，响应内容: Proxy server not properly configured
请求失败，状态码: 502，响应内容: Proxy server not properly configured
请求失败，状态码: 502，响应内容: Proxy server not properly configured
请求失败，状态码: 502，响应内容: Proxy server not properly configured
请求失败，状态码: 502，响应内容: Proxy server not properly configured
请求失败，状态码: 502，响应内容: Proxy server not properly configured
请求失败，状态码: 502，响应内容: Proxy server not properly configured
请求失败，状态码: 502，响应内容: Proxy server not properly configured
请求失败，状态码: 502，响应内容: Proxy server not properly configured
请求失败，状态码: 502，响应内容: Proxy server not properly configured
请求失败，状态码: 502，响应内容: Proxy server not properly configured
请求失败，状态码: 502，响应内容: Proxy server not properly configured
请求失败，状态码: 502，响应内容: Proxy server not properly configured
请求失败，状态码: 502，响应内容: Proxy server not properly configured
请求失败，状态码: 502，响应内容: Proxy server not properly configured
请求失败，状态码: 502，响应内容: Proxy server not properly configured
请求失败，状态码: 502，响应内容: Proxy server not properly configured
请求失败，状态码: 502，响应内容: Proxy server not properly configured
请求失败，状态码: 502，响应内容: Proxy server not properly configured
请求失败，状态码: 502，响应内容: Proxy server not properly configured
请求失败，状态码: 502，响应内容: Proxy server not properly configured
请求失败，状态码: 502，响应内容: Proxy server not properly configured
请求失败，状态码: 502，响应内容: Proxy server not properly configured
请求失败，状态码: 502，响应内容: Proxy server not properly configured
请求失败，状态码: 502，响应内容: Proxy server not properly configured
请求失败，状态码: 502，响应内容: Proxy server not properly configured
请求失败，状态码: 502，响应内容: Proxy server not properly configured
请求失败，状态码: 502，响应内容: Proxy server not properly configured
请求失败，状态码: 502，响应内容: Proxy server not properly configured
请求失败，状态码: 502，响应内容: Proxy server not properly configured
请求失败，状态码: 502，响应内容: Proxy server not properly configured
请求失败，状态码: 502，响应内容: Proxy server not properly configured
请求失败，状态码: 502，响应内容: Proxy server not properly configured
请求失败，状态码: 502，响应内容: Proxy server not properly configured
请求失败，状态码: 502，响应内容: Proxy server not properly configured
请求失败，状态码: 502，响应内容: Proxy server not properly configured
请求失败，状态码: 502，响应内容: Proxy server not properly configured
请求失败，状态码: 502，响应内容: Proxy server not properly configured
请求失败，状态码: 502，响应内容: Proxy server not properly configured
请求失败，状态码: 502，响应内容: Proxy server not properly configured
请求失败，状态码: 502，响应内容: Proxy server not properly configured
请求失败，状态码: 502，响应内容: Proxy server not properly configured
请求失败，状态码: 502，响应内容: Proxy server not properly configured
请求失败，状态码: 502，响应内容: Proxy server not properly configured
请求失败，状态码: 502，响应内容: Proxy server not properly configured
请求失败，状态码: 502，响应内容: Proxy server not properly configured
请求失败，状态码: 502，响应内容: Proxy server not properly configured
请求失败，状态码: 502，响应内容: Proxy server not properly configured
请求失败，状态码: 502，响应内容: Proxy server not properly configured
请求失败，状态码: 502，响应内容: Proxy server not properly configured
请求失败，状态码: 502，响应内容: Proxy server not properly configured
请求失败，状态码: 502，响应内容: Proxy server not properly configured
请求失败，状态码: 502，响应内容: Proxy server not properly configured
请求失败，状态码: 502，响应内容: Proxy server not properly configured
请求失败，状态码: 502，响应内容: Proxy server not properly configured
请求失败，状态码: 502，响应内容: Proxy server not properly configured
请求失败，状态码: 502，响应内容: Proxy server not properly configured
请求失败，状态码: 502，响应内容: Proxy server not properly configured
请求失败，状态码: 502，响应内容: Proxy server not properly configured
请求失败，状态码: 502，响应内容: Proxy server not properly configured
请求失败，状态码: 502，响应内容: Proxy server not properly configured
请求失败，状态码: 502，响应内容: Proxy server not properly configured
请求失败，状态码: 502，响应内容: Proxy server not properly configured
请求失败，状态码: 502，响应内容: Proxy server not properly configured
请求失败，状态码: 502，响应内容: Proxy server not properly configured
请求失败，状态码: 502，响应内容: Proxy server not properly configured
请求失败，状态码: 502，响应内容: Proxy server not properly configured
请求失败，状态码: 502，响应内容: Proxy server not properly configured
请求失败，状态码: 502，响应内容: Proxy server not properly configured
请求失败，状态码: 502，响应内容: Proxy server not properly configured
请求失败，状态码: 502，响应内容: Proxy server not properly configured
请求失败，状态码: 502，响应内容: Proxy server not properly configured
请求失败，状态码: 502，响应内容: Proxy server not properly configured
请求失败，状态码: 502，响应内容: Proxy server not properly configured
请求失败，状态码: 502，响应内容: Proxy server not properly configured
请求失败，状态码: 502，响应内容: Proxy server not properly configured
请求失败，状态码: 502，响应内容: Proxy server not properly configured
请求失败，状态码: 502，响应内容: Proxy server not properly configured
请求失败，状态码: 502，响应内容: Proxy server not properly configured
请求失败，状态码: 502，响应内容: Proxy server not properly configured
请求失败，状态码: 502，响应内容: Proxy server not properly configured
请求失败，状态码: 502，响应内容: Proxy server not properly configured
请求失败，状态码: 502，响应内容: Proxy server not properly configured
请求失败，状态码: 502，响应内容: Proxy server not properly configured
请求失败，状态码: 502，响应内容: Proxy server not properly configured
请求失败，状态码: 502，响应内容: Proxy server not properly configured
请求失败，状态码: 502，响应内容: Proxy server not properly configured
请求失败，状态码: 502，响应内容: Proxy server not properly configured
请求失败，状态码: 502，响应内容: Proxy server not properly configured
请求失败，状态码: 502，响应内容: Proxy server not properly configured
请求失败，状态码: 502，响应内容: Proxy server not properly configured
请求失败，状态码: 502，响应内容: Proxy server not properly configured
请求失败，状态码: 502，响应内容: Proxy server not properly configured
请求失败，状态码: 502，响应内容: Proxy server not properly configured
请求失败，状态码: 502，响应内容: Proxy server not properly configured
请求失败，状态码: 502，响应内容: Proxy server not properly configured
请求失败，状态码: 502，响应内容: Proxy server not properly configured
请求失败，状态码: 502，响应内容: Proxy server not properly configured
请求失败，状态码: 502，响应内容: Proxy server not properly configured
请求失败，状态码: 502，响应内容: Proxy server not properly configured
请求失败，状态码: 502，响应内容: Proxy server not properly configured
请求失败，状态码: 502，响应内容: Proxy server not properly configured
请求失败，状态码: 502，响应内容: Proxy server not properly configured
请求失败，状态码: 502，响应内容: Proxy server not properly configured
请求失败，状态码: 502，响应内容: Proxy server not properly configured
请求失败，状态码: 502，响应内容: Proxy server not properly configured
请求失败，状态码: 502，响应内容: Proxy server not properly configured
请求失败，状态码: 502，响应内容: Proxy server not properly configured
请求失败，状态码: 502，响应内容: Proxy server not properly configured
请求失败，状态码: 502，响应内容: Proxy server not properly configured
请求失败，状态码: 502，响应内容: Proxy server not properly configured
请求失败，状态码: 502，响应内容: Proxy server not properly configured
请求失败，状态码: 502，响应内容: Proxy server not properly configured
请求失败，状态码: 502，响应内容: Proxy server not properly configured
请求失败，状态码: 502，响应内容: Proxy server not properly configured
请求失败，状态码: 502，响应内容: Proxy server not properly configured
请求失败，状态码: 502，响应内容: Proxy server not properly configured
请求失败，状态码: 502，响应内容: Proxy server not properly configured
请求失败，状态码: 502，响应内容: Proxy server not properly configured
请求失败，状态码: 502，响应内容: Proxy server not properly configured
请求失败，状态码: 502，响应内容: Proxy server not properly configured
请求失败，状态码: 502，响应内容: Proxy server not properly configured
请求失败，状态码: 502，响应内容: Proxy server not properly configured
请求失败，状态码: 502，响应内容: Proxy server not properly configured
请求失败，状态码: 502，响应内容: Proxy server not properly configured
请求失败，状态码: 502，响应内容: Proxy server not properly configured
请求失败，状态码: 502，响应内容: Proxy server not properly configured
请求失败，状态码: 502，响应内容: Proxy server not properly configured
请求失败，状态码: 502，响应内容: Proxy server not properly configured
请求失败，状态码: 502，响应内容: Proxy server not properly configured
请求失败，状态码: 502，响应内容: Proxy server not properly configured
请求失败，状态码: 502，响应内容: Proxy server not properly configured
请求失败，状态码: 502，响应内容: Proxy server not properly configured
请求失败，状态码: 502，响应内容: Proxy server not properly configured
请求失败，状态码: 502，响应内容: Proxy server not properly configured
请求失败，状态码: 502，响应内容: Proxy server not properly configured
请求失败，状态码: 502，响应内容: Proxy server not properly configured
请求失败，状态码: 502，响应内容: Proxy server not properly configured
请求失败，状态码: 502，响应内容: Proxy server not properly configured
请求失败，状态码: 502，响应内容: Proxy server not properly configured
请求失败，状态码: 502，响应内容: Proxy server not properly configured
请求失败，状态码: 502，响应内容: Proxy server not properly configured
请求失败，状态码: 502，响应内容: Proxy server not properly configured
请求失败，状态码: 502，响应内容: Proxy server not properly configured
请求失败，状态码: 502，响应内容: Proxy server not properly configured
请求失败，状态码: 502，响应内容: Proxy server not properly configured
请求失败，状态码: 502，响应内容: Proxy server not properly configured
请求失败，状态码: 502，响应内容: Proxy server not properly configured
请求失败，状态码: 502，响应内容: Proxy server not properly configured
请求失败，状态码: 502，响应内容: Proxy server not properly configured
请求失败，状态码: 502，响应内容: Proxy server not properly configured
请求失败，状态码: 502，响应内容: Proxy server not properly configured
请求失败，状态码: 502，响应内容: Proxy server not properly configured
请求失败，状态码: 502，响应内容: Proxy server not properly configured
请求失败，状态码: 502，响应内容: Proxy server not properly configured
请求失败，状态码: 502，响应内容: Proxy server not properly configured
请求失败，状态码: 502，响应内容: Proxy server not properly configured
请求失败，状态码: 502，响应内容: Proxy server not properly configured
请求失败，状态码: 502，响应内容: Proxy server not properly configured
请求失败，状态码: 502，响应内容: Proxy server not properly configured
请求失败，状态码: 502，响应内容: Proxy server not properly configured
请求失败，状态码: 502，响应内容: Proxy server not properly configured
请求失败，状态码: 502，响应内容: Proxy server not properly configured
请求失败，状态码: 502，响应内容: Proxy server not properly configured
请求失败，状态码: 502，响应内容: Proxy server not properly configured
请求失败，状态码: 502，响应内容: Proxy server not properly configured
请求失败，状态码: 502，响应内容: Proxy server not properly configured
请求失败，状态码: 502，响应内容: Proxy server not properly configured
请求失败，状态码: 502，响应内容: Proxy server not properly configured
请求失败，状态码: 502，响应内容: Proxy server not properly configured
请求失败，状态码: 502，响应内容: Proxy server not properly configured
请求失败，状态码: 502，响应内容: Proxy server not properly configured
请求失败，状态码: 502，响应内容: Proxy server not properly configured
请求失败，状态码: 502，响应内容: Proxy server not properly configured
请求失败，状态码: 502，响应内容: Proxy server not properly configured
请求失败，状态码: 502，响应内容: Proxy server not properly configured
请求失败，状态码: 502，响应内容: Proxy server not properly configured
请求失败，状态码: 502，响应内容: Proxy server not properly configured
请求失败，状态码: 502，响应内容: Proxy server not properly configured
请求失败，状态码: 502，响应内容: Proxy server not properly configured
请求失败，状态码: 502，响应内容: Proxy server not properly configured
请求失败，状态码: 502，响应内容: Proxy server not properly configured
请求失败，状态码: 502，响应内容: Proxy server not properly configured
请求失败，状态码: 502，响应内容: Proxy server not properly configured
请求失败，状态码: 502，响应内容: Proxy server not properly configured
请求失败，状态码: 502，响应内容: Proxy server not properly configured
请求失败，状态码: 502，响应内容: Proxy server not properly configured
请求失败，状态码: 502，响应内容: Proxy server not properly configured
请求失败，状态码: 502，响应内容: Proxy server not properly configured
请求失败，状态码: 502，响应内容: Proxy server not properly configured
请求失败，状态码: 502，响应内容: Proxy server not properly configured
请求失败，状态码: 502，响应内容: Proxy server not properly configured
请求失败，状态码: 502，响应内容: Proxy server not properly configured
请求失败，状态码: 502，响应内容: Proxy server not properly configured
请求失败，状态码: 502，响应内容: Proxy server not properly configured
请求失败，状态码: 502，响应内容: Proxy server not properly configured
请求失败，状态码: 502，响应内容: Proxy server not properly configured
请求失败，状态码: 502，响应内容: Proxy server not properly configured
请求失败，状态码: 502，响应内容: Proxy server not properly configured
请求失败，状态码: 502，响应内容: Proxy server not properly configured
请求失败，状态码: 502，响应内容: Proxy server not properly configured
请求失败，状态码: 502，响应内容: Proxy server not properly configured
请求失败，状态码: 502，响应内容: Proxy server not properly configured
请求失败，状态码: 502，响应内容: Proxy server not properly configured
请求失败，状态码: 502，响应内容: Proxy server not properly configured
请求失败，状态码: 502，响应内容: Proxy server not properly configured
请求失败，状态码: 502，响应内容: Proxy server not properly configured
请求失败，状态码: 502，响应内容: Proxy server not properly configured
请求失败，状态码: 502，响应内容: Proxy server not properly configured
请求失败，状态码: 502，响应内容: Proxy server not properly configured
请求失败，状态码: 502，响应内容: Proxy server not properly configured
请求失败，状态码: 502，响应内容: Proxy server not properly configured
请求失败，状态码: 502，响应内容: Proxy server not properly configured
请求失败，状态码: 502，响应内容: Proxy server not properly configured
请求失败，状态码: 502，响应内容: Proxy server not properly configured
请求失败，状态码: 502，响应内容: Proxy server not properly configured
请求失败，状态码: 502，响应内容: Proxy server not properly configured
请求失败，状态码: 502，响应内容: Proxy server not properly configured
请求失败，状态码: 502，响应内容: Proxy server not properly configured
请求失败，状态码: 502，响应内容: Proxy server not properly configured
请求失败，状态码: 502，响应内容: Proxy server not properly configured
请求失败，状态码: 502，响应内容: Proxy server not properly configured
请求失败，状态码: 502，响应内容: Proxy server not properly configured
请求失败，状态码: 502，响应内容: Proxy server not properly configured
请求失败，状态码: 502，响应内容: Proxy server not properly configured
请求失败，状态码: 502，响应内容: Proxy server not properly configured
请求失败，状态码: 502，响应内容: Proxy server not properly configured
请求失败，状态码: 502，响应内容: Proxy server not properly configured
请求失败，状态码: 502，响应内容: Proxy server not properly configured
请求失败，状态码: 502，响应内容: Proxy server not properly configured
请求失败，状态码: 502，响应内容: Proxy server not properly configured
请求失败，状态码: 502，响应内容: Proxy server not properly configured
请求失败，状态码: 502，响应内容: Proxy server not properly configured
请求失败，状态码: 502，响应内容: Proxy server not properly configured
请求失败，状态码: 502，响应内容: Proxy server not properly configured
请求失败，状态码: 502，响应内容: Proxy server not properly configured
请求失败，状态码: 502，响应内容: Proxy server not properly configured
请求失败，状态码: 502，响应内容: Proxy server not properly configured
请求失败，状态码: 502，响应内容: Proxy server not properly configured
请求失败，状态码: 502，响应内容: Proxy server not properly configured
请求失败，状态码: 502，响应内容: Proxy server not properly configured
请求失败，状态码: 502，响应内容: Proxy server not properly configured
请求失败，状态码: 502，响应内容: Proxy server not properly configured
请求失败，状态码: 502，响应内容: Proxy server not properly configured
请求失败，状态码: 502，响应内容: Proxy server not properly configured
请求失败，状态码: 502，响应内容: Proxy server not properly configured
请求失败，状态码: 502，响应内容: Proxy server not properly configured
请求失败，状态码: 502，响应内容: Proxy server not properly configured
请求失败，状态码: 502，响应内容: Proxy server not properly configured
请求失败，状态码: 502，响应内容: Proxy server not properly configured
请求失败，状态码: 502，响应内容: Proxy server not properly configured
请求失败，状态码: 502，响应内容: Proxy server not properly configured
请求失败，状态码: 502，响应内容: Proxy server not properly configured
请求失败，状态码: 502，响应内容: Proxy server not properly configured
请求失败，状态码: 502，响应内容: Proxy server not properly configured
请求失败，状态码: 502，响应内容: Proxy server not properly configured
请求失败，状态码: 502，响应内容: Proxy server not properly configured
请求失败，状态码: 502，响应内容: Proxy server not properly configured
请求失败，状态码: 502，响应内容: Proxy server not properly configured
请求失败，状态码: 502，响应内容: Proxy server not properly configured
请求失败，状态码: 502，响应内容: Proxy server not properly configured
请求失败，状态码: 502，响应内容: Proxy server not properly configured
请求失败，状态码: 502，响应内容: Proxy server not properly configured
请求失败，状态码: 502，响应内容: Proxy server not properly configured
请求失败，状态码: 502，响应内容: Proxy server not properly configured
请求失败，状态码: 502，响应内容: Proxy server not properly configured
请求失败，状态码: 502，响应内容: Proxy server not properly configured
请求失败，状态码: 502，响应内容: Proxy server not properly configured
请求失败，状态码: 502，响应内容: Proxy server not properly configured
请求失败，状态码: 502，响应内容: Proxy server not properly configured
请求失败，状态码: 502，响应内容: Proxy server not properly configured
请求失败，状态码: 502，响应内容: Proxy server not properly configured
请求失败，状态码: 502，响应内容: Proxy server not properly configured
请求失败，状态码: 502，响应内容: Proxy server not properly configured
请求失败，状态码: 502，响应内容: Proxy server not properly configured
请求失败，状态码: 502，响应内容: Proxy server not properly configured
请求失败，状态码: 502，响应内容: Proxy server not properly configured
请求失败，状态码: 502，响应内容: Proxy server not properly configured
请求失败，状态码: 502，响应内容: Proxy server not properly configured
请求失败，状态码: 502，响应内容: Proxy server not properly configured
请求失败，状态码: 502，响应内容: Proxy server not properly configured
请求失败，状态码: 502，响应内容: Proxy server not properly configured
请求失败，状态码: 502，响应内容: Proxy server not properly configured
请求失败，状态码: 502，响应内容: Proxy server not properly configured
请求失败，状态码: 502，响应内容: Proxy server not properly configured
请求失败，状态码: 502，响应内容: Proxy server not properly configured
请求失败，状态码: 502，响应内容: Proxy server not properly configured
请求失败，状态码: 502，响应内容: Proxy server not properly configured
请求失败，状态码: 502，响应内容: Proxy server not properly configured
请求失败，状态码: 502，响应内容: Proxy server not properly configured
请求失败，状态码: 502，响应内容: Proxy server not properly configured
请求失败，状态码: 502，响应内容: Proxy server not properly configured
请求失败，状态码: 502，响应内容: Proxy server not properly configured
请求失败，状态码: 502，响应内容: Proxy server not properly configured
请求失败，状态码: 502，响应内容: Proxy server not properly configured
请求失败，状态码: 502，响应内容: Proxy server not properly configured
请求失败，状态码: 502，响应内容: Proxy server not properly configured
请求失败，状态码: 502，响应内容: Proxy server not properly configured
请求失败，状态码: 502，响应内容: Proxy server not properly configured
请求失败，状态码: 502，响应内容: Proxy server not properly configured
请求失败，状态码: 502，响应内容: Proxy server not properly configured
请求失败，状态码: 502，响应内容: Proxy server not properly configured
请求失败，状态码: 502，响应内容: Proxy server not properly configured
请求失败，状态码: 502，响应内容: Proxy server not properly configured
请求失败，状态码: 502，响应内容: Proxy server not properly configured
请求失败，状态码: 502，响应内容: Proxy server not properly configured
请求失败，状态码: 502，响应内容: Proxy server not properly configured
请求失败，状态码: 502，响应内容: Proxy server not properly configured
请求失败，状态码: 502，响应内容: Proxy server not properly configured
请求失败，状态码: 502，响应内容: Proxy server not properly configured
请求失败，状态码: 502，响应内容: Proxy server not properly configured
请求失败，状态码: 502，响应内容: Proxy server not properly configured
请求失败，状态码: 502，响应内容: Proxy server not properly configured
请求失败，状态码: 502，响应内容: Proxy server not properly configured
请求失败，状态码: 502，响应内容: Proxy server not properly configured
请求失败，状态码: 502，响应内容: Proxy server not properly configured
请求失败，状态码: 502，响应内容: Proxy server not properly configured
请求失败，状态码: 502，响应内容: Proxy server not properly configured
请求失败，状态码: 502，响应内容: Proxy server not properly configured
请求失败，状态码: 502，响应内容: Proxy server not properly configured
请求失败，状态码: 502，响应内容: Proxy server not properly configured
请求失败，状态码: 502，响应内容: Proxy server not properly configured
请求失败，状态码: 502，响应内容: Proxy server not properly configured
请求失败，状态码: 502，响应内容: Proxy server not properly configured
请求失败，状态码: 502，响应内容: Proxy server not properly configured
请求失败，状态码: 502，响应内容: Proxy server not properly configured
请求失败，状态码: 502，响应内容: Proxy server not properly configured
请求失败，状态码: 502，响应内容: Proxy server not properly configured
请求失败，状态码: 502，响应内容: Proxy server not properly configured
请求失败，状态码: 502，响应内容: Proxy server not properly configured
请求失败，状态码: 502，响应内容: Proxy server not properly configured
请求失败，状态码: 502，响应内容: Proxy server not properly configured
请求失败，状态码: 502，响应内容: Proxy server not properly configured
请求失败，状态码: 502，响应内容: Proxy server not properly configured
请求失败，状态码: 502，响应内容: Proxy server not properly configured
请求失败，状态码: 502，响应内容: Proxy server not properly configured
请求失败，状态码: 502，响应内容: Proxy server not properly configured
请求失败，状态码: 502，响应内容: Proxy server not properly configured
请求失败，状态码: 502，响应内容: Proxy server not properly configured
请求失败，状态码: 502，响应内容: Proxy server not properly configured
请求失败，状态码: 502，响应内容: Proxy server not properly configured
请求失败，状态码: 502，响应内容: Proxy server not properly configured
请求失败，状态码: 502，响应内容: Proxy server not properly configured
请求失败，状态码: 502，响应内容: Proxy server not properly configured
请求失败，状态码: 502，响应内容: Proxy server not properly configured
请求失败，状态码: 502，响应内容: Proxy server not properly configured
请求失败，状态码: 502，响应内容: Proxy server not properly configured
请求失败，状态码: 502，响应内容: Proxy server not properly configured
请求失败，状态码: 502，响应内容: Proxy server not properly configured
请求失败，状态码: 502，响应内容: Proxy server not properly configured
请求失败，状态码: 502，响应内容: Proxy server not properly configured
请求失败，状态码: 502，响应内容: Proxy server not properly configured
请求失败，状态码: 502，响应内容: Proxy server not properly configured
请求失败，状态码: 502，响应内容: Proxy server not properly configured
请求失败，状态码: 502，响应内容: Proxy server not properly configured
请求失败，状态码: 502，响应内容: Proxy server not properly configured
请求失败，状态码: 502，响应内容: Proxy server not properly configured
请求失败，状态码: 502，响应内容: Proxy server not properly configured
请求失败，状态码: 502，响应内容: Proxy server not properly configured
请求失败，状态码: 502，响应内容: Proxy server not properly configured
请求失败，状态码: 502，响应内容: Proxy server not properly configured
请求失败，状态码: 502，响应内容: Proxy server not properly configured
请求失败，状态码: 502，响应内容: Proxy server not properly configured
请求失败，状态码: 502，响应内容: Proxy server not properly configured
请求失败，状态码: 502，响应内容: Proxy server not properly configured
请求失败，状态码: 502，响应内容: Proxy server not properly configured
请求失败，状态码: 502，响应内容: Proxy server not properly configured
请求失败，状态码: 502，响应内容: Proxy server not properly configured
请求失败，状态码: 502，响应内容: Proxy server not properly configured
请求失败，状态码: 502，响应内容: Proxy server not properly configured
请求失败，状态码: 502，响应内容: Proxy server not properly configured
请求失败，状态码: 502，响应内容: Proxy server not properly configured
请求失败，状态码: 502，响应内容: Proxy server not properly configured
请求失败，状态码: 502，响应内容: Proxy server not properly configured
请求失败，状态码: 502，响应内容: Proxy server not properly configured
请求失败，状态码: 502，响应内容: Proxy server not properly configured
请求失败，状态码: 502，响应内容: Proxy server not properly configured
请求失败，状态码: 502，响应内容: Proxy server not properly configured
请求失败，状态码: 502，响应内容: Proxy server not properly configured
请求失败，状态码: 502，响应内容: Proxy server not properly configured
请求失败，状态码: 502，响应内容: Proxy server not properly configured
请求失败，状态码: 502，响应内容: Proxy server not properly configured
请求失败，状态码: 502，响应内容: Proxy server not properly configured
请求失败，状态码: 502，响应内容: Proxy server not properly configured
请求失败，状态码: 502，响应内容: Proxy server not properly configured
请求失败，状态码: 502，响应内容: Proxy server not properly configured
请求失败，状态码: 502，响应内容: Proxy server not properly configured
请求失败，状态码: 502，响应内容: Proxy server not properly configured
请求失败，状态码: 502，响应内容: Proxy server not properly configured
请求失败，状态码: 502，响应内容: Proxy server not properly configured
请求失败，状态码: 502，响应内容: Proxy server not properly configured
请求失败，状态码: 502，响应内容: Proxy server not properly configured
请求失败，状态码: 502，响应内容: Proxy server not properly configured
请求失败，状态码: 502，响应内容: Proxy server not properly configured
请求失败，状态码: 502，响应内容: Proxy server not properly configured
请求失败，状态码: 502，响应内容: Proxy server not properly configured
请求失败，状态码: 502，响应内容: Proxy server not properly configured
请求失败，状态码: 502，响应内容: Proxy server not properly configured
请求失败，状态码: 502，响应内容: Proxy server not properly configured
请求失败，状态码: 502，响应内容: Proxy server not properly configured
请求失败，状态码: 502，响应内容: Proxy server not properly configured
请求失败，状态码: 502，响应内容: Proxy server not properly configured
请求失败，状态码: 502，响应内容: Proxy server not properly configured
请求失败，状态码: 502，响应内容: Proxy server not properly configured
请求失败，状态码: 502，响应内容: Proxy server not properly configured
请求失败，状态码: 502，响应内容: Proxy server not properly configured
请求失败，状态码: 502，响应内容: Proxy server not properly configured
请求失败，状态码: 502，响应内容: Proxy server not properly configured
请求失败，状态码: 502，响应内容: Proxy server not properly configured
请求失败，状态码: 502，响应内容: Proxy server not properly configured
请求失败，状态码: 502，响应内容: Proxy server not properly configured
请求失败，状态码: 502，响应内容: Proxy server not properly configured
请求失败，状态码: 502，响应内容: Proxy server not properly configured
请求失败，状态码: 502，响应内容: Proxy server not properly configured
请求失败，状态码: 502，响应内容: Proxy server not properly configured
请求失败，状态码: 502，响应内容: Proxy server not properly configured
请求失败，状态码: 502，响应内容: Proxy server not properly configured
请求失败，状态码: 502，响应内容: Proxy server not properly configured
请求失败，状态码: 502，响应内容: Proxy server not properly configured
请求失败，状态码: 502，响应内容: Proxy server not properly configured
请求失败，状态码: 502，响应内容: Proxy server not properly configured
请求失败，状态码: 502，响应内容: Proxy server not properly configured
请求失败，状态码: 502，响应内容: Proxy server not properly configured
请求失败，状态码: 502，响应内容: Proxy server not properly configured
请求失败，状态码: 502，响应内容: Proxy server not properly configured
请求失败，状态码: 502，响应内容: Proxy server not properly configured
请求失败，状态码: 502，响应内容: Proxy server not properly configured
请求失败，状态码: 502，响应内容: Proxy server not properly configured
请求失败，状态码: 502，响应内容: Proxy server not properly configured
请求失败，状态码: 502，响应内容: Proxy server not properly configured
请求失败，状态码: 502，响应内容: Proxy server not properly configured
请求失败，状态码: 502，响应内容: Proxy server not properly configured
请求失败，状态码: 502，响应内容: Proxy server not properly configured
请求失败，状态码: 502，响应内容: Proxy server not properly configured
请求失败，状态码: 502，响应内容: Proxy server not properly configured
请求失败，状态码: 502，响应内容: Proxy server not properly configured
请求失败，状态码: 502，响应内容: Proxy server not properly configured
请求失败，状态码: 502，响应内容: Proxy server not properly configured
请求失败，状态码: 502，响应内容: Proxy server not properly configured
请求失败，状态码: 502，响应内容: Proxy server not properly configured
请求失败，状态码: 502，响应内容: Proxy server not properly configured
请求失败，状态码: 502，响应内容: Proxy server not properly configured
请求失败，状态码: 502，响应内容: Proxy server not properly configured
请求失败，状态码: 502，响应内容: Proxy server not properly configured
请求失败，状态码: 502，响应内容: Proxy server not properly configured
请求失败，状态码: 502，响应内容: Proxy server not properly configured
请求失败，状态码: 502，响应内容: Proxy server not properly configured
请求失败，状态码: 502，响应内容: Proxy server not properly configured
请求失败，状态码: 502，响应内容: Proxy server not properly configured
请求失败，状态码: 502，响应内容: Proxy server not properly configured
请求失败，状态码: 502，响应内容: Proxy server not properly configured
请求失败，状态码: 502，响应内容: Proxy server not properly configured
请求失败，状态码: 502，响应内容: Proxy server not properly configured
请求失败，状态码: 502，响应内容: Proxy server not properly configured
请求失败，状态码: 502，响应内容: Proxy server not properly configured
请求失败，状态码: 502，响应内容: Proxy server not properly configured
请求失败，状态码: 502，响应内容: Proxy server not properly configured
请求失败，状态码: 502，响应内容: Proxy server not properly configured
请求失败，状态码: 502，响应内容: Proxy server not properly configured
请求失败，状态码: 502，响应内容: Proxy server not properly configured
请求失败，状态码: 502，响应内容: Proxy server not properly configured
请求失败，状态码: 502，响应内容: Proxy server not properly configured
请求失败，状态码: 502，响应内容: Proxy server not properly configured
请求失败，状态码: 502，响应内容: Proxy server not properly configured
请求失败，状态码: 502，响应内容: Proxy server not properly configured
请求失败，状态码: 502，响应内容: Proxy server not properly configured
请求失败，状态码: 502，响应内容: Proxy server not properly configured
请求失败，状态码: 502，响应内容: Proxy server not properly configured
请求失败，状态码: 502，响应内容: Proxy server not properly configured
请求失败，状态码: 502，响应内容: Proxy server not properly configured
请求失败，状态码: 502，响应内容: Proxy server not properly configured
请求失败，状态码: 502，响应内容: Proxy server not properly configured
请求失败，状态码: 502，响应内容: Proxy server not properly configured
请求失败，状态码: 502，响应内容: Proxy server not properly configured
请求失败，状态码: 502，响应内容: Proxy server not properly configured
请求失败，状态码: 502，响应内容: Proxy server not properly configured
请求失败，状态码: 502，响应内容: Proxy server not properly configured
请求失败，状态码: 502，响应内容: Proxy server not properly configured
请求失败，状态码: 502，响应内容: Proxy server not properly configured
请求失败，状态码: 502，响应内容: Proxy server not properly configured
请求失败，状态码: 502，响应内容: Proxy server not properly configured
请求失败，状态码: 502，响应内容: Proxy server not properly configured
请求失败，状态码: 502，响应内容: Proxy server not properly configured
请求失败，状态码: 502，响应内容: Proxy server not properly configured
请求失败，状态码: 502，响应内容: Proxy server not properly configured
请求失败，状态码: 502，响应内容: Proxy server not properly configured
请求失败，状态码: 502，响应内容: Proxy server not properly configured
请求失败，状态码: 502，响应内容: Proxy server not properly configured
请求失败，状态码: 502，响应内容: Proxy server not properly configured
请求失败，状态码: 502，响应内容: Proxy server not properly configured
请求失败，状态码: 502，响应内容: Proxy server not properly configured
请求失败，状态码: 502，响应内容: Proxy server not properly configured
请求失败，状态码: 502，响应内容: Proxy server not properly configured
请求失败，状态码: 502，响应内容: Proxy server not properly configured
请求失败，状态码: 502，响应内容: Proxy server not properly configured
请求失败，状态码: 502，响应内容: Proxy server not properly configured
请求失败，状态码: 502，响应内容: Proxy server not properly configured
请求失败，状态码: 502，响应内容: Proxy server not properly configured
请求失败，状态码: 502，响应内容: Proxy server not properly configured
请求失败，状态码: 502，响应内容: Proxy server not properly configured
请求失败，状态码: 502，响应内容: Proxy server not properly configured
请求失败，状态码: 502，响应内容: Proxy server not properly configured
请求失败，状态码: 502，响应内容: Proxy server not properly configured
请求失败，状态码: 502，响应内容: Proxy server not properly configured
请求失败，状态码: 502，响应内容: Proxy server not properly configured
请求失败，状态码: 502，响应内容: Proxy server not properly configured
请求失败，状态码: 502，响应内容: Proxy server not properly configured
请求失败，状态码: 502，响应内容: Proxy server not properly configured
请求失败，状态码: 502，响应内容: Proxy server not properly configured
请求失败，状态码: 502，响应内容: Proxy server not properly configured
请求失败，状态码: 502，响应内容: Proxy server not properly configured
请求失败，状态码: 502，响应内容: Proxy server not properly configured
请求失败，状态码: 502，响应内容: Proxy server not properly configured
请求失败，状态码: 502，响应内容: Proxy server not properly configured
请求失败，状态码: 502，响应内容: Proxy server not properly configured
请求失败，状态码: 502，响应内容: Proxy server not properly configured
请求失败，状态码: 502，响应内容: Proxy server not properly configured
请求失败，状态码: 502，响应内容: Proxy server not properly configured
请求失败，状态码: 502，响应内容: Proxy server not properly configured
请求失败，状态码: 502，响应内容: Proxy server not properly configured
请求失败，状态码: 502，响应内容: Proxy server not properly configured
请求失败，状态码: 502，响应内容: Proxy server not properly configured
请求失败，状态码: 502，响应内容: Proxy server not properly configured
请求失败，状态码: 502，响应内容: Proxy server not properly configured
请求失败，状态码: 502，响应内容: Proxy server not properly configured
请求失败，状态码: 502，响应内容: Proxy server not properly configured
请求失败，状态码: 502，响应内容: Proxy server not properly configured
请求失败，状态码: 502，响应内容: Proxy server not properly configured
请求失败，状态码: 502，响应内容: Proxy server not properly configured
请求失败，状态码: 502，响应内容: Proxy server not properly configured
请求失败，状态码: 502，响应内容: Proxy server not properly configured
请求失败，状态码: 502，响应内容: Proxy server not properly configured
请求失败，状态码: 502，响应内容: Proxy server not properly configured
请求失败，状态码: 502，响应内容: Proxy server not properly configured
请求失败，状态码: 502，响应内容: Proxy server not properly configured
请求失败，状态码: 502，响应内容: Proxy server not properly configured
请求失败，状态码: 502，响应内容: Proxy server not properly configured
请求失败，状态码: 502，响应内容: Proxy server not properly configured
请求失败，状态码: 502，响应内容: Proxy server not properly configured
请求失败，状态码: 502，响应内容: Proxy server not properly configured
请求失败，状态码: 502，响应内容: Proxy server not properly configured
请求失败，状态码: 502，响应内容: Proxy server not properly configured
请求失败，状态码: 502，响应内容: Proxy server not properly configured
请求失败，状态码: 502，响应内容: Proxy server not properly configured
请求失败，状态码: 502，响应内容: Proxy server not properly configured
请求失败，状态码: 502，响应内容: Proxy server not properly configured
请求失败，状态码: 502，响应内容: Proxy server not properly configured
请求失败，状态码: 502，响应内容: Proxy server not properly configured
请求失败，状态码: 502，响应内容: Proxy server not properly configured
请求失败，状态码: 502，响应内容: Proxy server not properly configured
请求失败，状态码: 502，响应内容: Proxy server not properly configured
请求失败，状态码: 502，响应内容: Proxy server not properly configured
请求失败，状态码: 502，响应内容: Proxy server not properly configured
请求失败，状态码: 502，响应内容: Proxy server not properly configured
请求失败，状态码: 502，响应内容: Proxy server not properly configured
请求失败，状态码: 502，响应内容: Proxy server not properly configured
请求失败，状态码: 502，响应内容: Proxy server not properly configured
请求失败，状态码: 502，响应内容: Proxy server not properly configured
请求失败，状态码: 502，响应内容: Proxy server not properly configured
请求失败，状态码: 502，响应内容: Proxy server not properly configured
请求失败，状态码: 502，响应内容: Proxy server not properly configured
请求失败，状态码: 502，响应内容: Proxy server not properly configured
请求失败，状态码: 502，响应内容: Proxy server not properly configured
请求失败，状态码: 502，响应内容: Proxy server not properly configured
请求失败，状态码: 502，响应内容: Proxy server not properly configured
请求失败，状态码: 502，响应内容: Proxy server not properly configured
请求失败，状态码: 502，响应内容: Proxy server not properly configured
请求失败，状态码: 502，响应内容: Proxy server not properly configured
请求失败，状态码: 502，响应内容: Proxy server not properly configured
请求失败，状态码: 502，响应内容: Proxy server not properly configured
请求失败，状态码: 502，响应内容: Proxy server not properly configured
请求失败，状态码: 502，响应内容: Proxy server not properly configured
请求失败，状态码: 502，响应内容: Proxy server not properly configured
请求失败，状态码: 502，响应内容: Proxy server not properly configured
请求失败，状态码: 502，响应内容: Proxy server not properly configured
请求失败，状态码: 502，响应内容: Proxy server not properly configured
请求失败，状态码: 502，响应内容: Proxy server not properly configured
请求失败，状态码: 502，响应内容: Proxy server not properly configured
请求失败，状态码: 502，响应内容: Proxy server not properly configured
请求失败，状态码: 502，响应内容: Proxy server not properly configured
请求失败，状态码: 502，响应内容: Proxy server not properly configured
请求失败，状态码: 502，响应内容: Proxy server not properly configured
请求失败，状态码: 502，响应内容: Proxy server not properly configured
请求失败，状态码: 502，响应内容: Proxy server not properly configured
请求失败，状态码: 502，响应内容: Proxy server not properly configured
请求失败，状态码: 502，响应内容: Proxy server not properly configured
请求失败，状态码: 502，响应内容: Proxy server not properly configured
请求失败，状态码: 502，响应内容: Proxy server not properly configured
请求失败，状态码: 502，响应内容: Proxy server not properly configured
请求失败，状态码: 502，响应内容: Proxy server not properly configured
请求失败，状态码: 502，响应内容: Proxy server not properly configured
请求失败，状态码: 502，响应内容: Proxy server not properly configured
请求失败，状态码: 502，响应内容: Proxy server not properly configured
请求失败，状态码: 502，响应内容: Proxy server not properly configured
请求失败，状态码: 502，响应内容: Proxy server not properly configured
请求失败，状态码: 502，响应内容: Proxy server not properly configured
请求失败，状态码: 502，响应内容: Proxy server not properly configured
请求失败，状态码: 502，响应内容: Proxy server not properly configured
请求失败，状态码: 502，响应内容: Proxy server not properly configured
请求失败，状态码: 502，响应内容: Proxy server not properly configured
请求失败，状态码: 502，响应内容: Proxy server not properly configured
请求失败，状态码: 502，响应内容: Proxy server not properly configured
请求失败，状态码: 502，响应内容: Proxy server not properly configured
请求失败，状态码: 502，响应内容: Proxy server not properly configured
请求失败，状态码: 502，响应内容: Proxy server not properly configured
请求失败，状态码: 502，响应内容: Proxy server not properly configured
请求失败，状态码: 502，响应内容: Proxy server not properly configured
请求失败，状态码: 502，响应内容: Proxy server not properly configured
请求失败，状态码: 502，响应内容: Proxy server not properly configured
请求失败，状态码: 502，响应内容: Proxy server not properly configured
请求失败，状态码: 502，响应内容: Proxy server not properly configured
请求失败，状态码: 502，响应内容: Proxy server not properly configured
请求失败，状态码: 502，响应内容: Proxy server not properly configured
请求失败，状态码: 502，响应内容: Proxy server not properly configured
请求失败，状态码: 502，响应内容: Proxy server not properly configured
请求失败，状态码: 502，响应内容: Proxy server not properly configured
请求失败，状态码: 502，响应内容: Proxy server not properly configured
请求失败，状态码: 502，响应内容: Proxy server not properly configured
请求失败，状态码: 502，响应内容: Proxy server not properly configured
请求失败，状态码: 502，响应内容: Proxy server not properly configured
请求失败，状态码: 502，响应内容: Proxy server not properly configured
请求失败，状态码: 502，响应内容: Proxy server not properly configured
请求失败，状态码: 502，响应内容: Proxy server not properly configured
请求失败，状态码: 502，响应内容: Proxy server not properly configured
请求失败，状态码: 502，响应内容: Proxy server not properly configured
请求失败，状态码: 502，响应内容: Proxy server not properly configured
请求失败，状态码: 502，响应内容: Proxy server not properly configured
请求失败，状态码: 502，响应内容: Proxy server not properly configured
请求失败，状态码: 502，响应内容: Proxy server not properly configured
请求失败，状态码: 502，响应内容: Proxy server not properly configured
请求失败，状态码: 502，响应内容: Proxy server not properly configured
请求失败，状态码: 502，响应内容: Proxy server not properly configured
请求失败，状态码: 502，响应内容: Proxy server not properly configured
请求失败，状态码: 502，响应内容: Proxy server not properly configured
请求失败，状态码: 502，响应内容: Proxy server not properly configured
请求失败，状态码: 502，响应内容: Proxy server not properly configured
请求失败，状态码: 502，响应内容: Proxy server not properly configured
请求失败，状态码: 502，响应内容: Proxy server not properly configured
请求失败，状态码: 502，响应内容: Proxy server not properly configured
请求失败，状态码: 502，响应内容: Proxy server not properly configured
请求失败，状态码: 502，响应内容: Proxy server not properly configured
请求失败，状态码: 502，响应内容: Proxy server not properly configured
请求失败，状态码: 502，响应内容: Proxy server not properly configured
请求失败，状态码: 502，响应内容: Proxy server not properly configured
请求失败，状态码: 502，响应内容: Proxy server not properly configured
请求失败，状态码: 502，响应内容: Proxy server not properly configured
请求失败，状态码: 502，响应内容: Proxy server not properly configured
请求失败，状态码: 502，响应内容: Proxy server not properly configured
请求失败，状态码: 502，响应内容: Proxy server not properly configured
请求失败，状态码: 502，响应内容: Proxy server not properly configured
请求失败，状态码: 502，响应内容: Proxy server not properly configured
请求失败，状态码: 502，响应内容: Proxy server not properly configured
请求失败，状态码: 502，响应内容: Proxy server not properly configured
请求失败，状态码: 502，响应内容: Proxy server not properly configured
请求失败，状态码: 502，响应内容: Proxy server not properly configured
请求失败，状态码: 502，响应内容: Proxy server not properly configured
请求失败，状态码: 502，响应内容: Proxy server not properly configured
请求失败，状态码: 502，响应内容: Proxy server not properly configured
请求失败，状态码: 502，响应内容: Proxy server not properly configured
请求失败，状态码: 502，响应内容: Proxy server not properly configured
请求失败，状态码: 502，响应内容: Proxy server not properly configured
请求失败，状态码: 502，响应内容: Proxy server not properly configured
请求失败，状态码: 502，响应内容: Proxy server not properly configured
请求失败，状态码: 502，响应内容: Proxy server not properly configured
请求失败，状态码: 502，响应内容: Proxy server not properly configured
请求失败，状态码: 502，响应内容: Proxy server not properly configured
请求失败，状态码: 502，响应内容: Proxy server not properly configured
请求失败，状态码: 502，响应内容: Proxy server not properly configured
请求失败，状态码: 502，响应内容: Proxy server not properly configured
请求失败，状态码: 502，响应内容: Proxy server not properly configured
请求失败，状态码: 502，响应内容: Proxy server not properly configured
请求失败，状态码: 502，响应内容: Proxy server not properly configured
请求失败，状态码: 502，响应内容: Proxy server not properly configured
请求失败，状态码: 502，响应内容: Proxy server not properly configured
请求失败，状态码: 502，响应内容: Proxy server not properly configured
请求失败，状态码: 502，响应内容: Proxy server not properly configured
请求失败，状态码: 502，响应内容: Proxy server not properly configured
请求失败，状态码: 502，响应内容: Proxy server not properly configured
请求失败，状态码: 502，响应内容: Proxy server not properly configured
请求失败，状态码: 502，响应内容: Proxy server not properly configured
请求失败，状态码: 502，响应内容: Proxy server not properly configured
请求失败，状态码: 502，响应内容: Proxy server not properly configured
请求失败，状态码: 502，响应内容: Proxy server not properly configured
请求失败，状态码: 502，响应内容: Proxy server not properly configured
请求失败，状态码: 502，响应内容: Proxy server not properly configured
请求失败，状态码: 502，响应内容: Proxy server not properly configured
请求失败，状态码: 502，响应内容: Proxy server not properly configured
请求失败，状态码: 502，响应内容: Proxy server not properly configured
请求失败，状态码: 502，响应内容: Proxy server not properly configured
请求失败，状态码: 502，响应内容: Proxy server not properly configured
请求失败，状态码: 502，响应内容: Proxy server not properly configured
请求失败，状态码: 502，响应内容: Proxy server not properly configured
请求失败，状态码: 502，响应内容: Proxy server not properly configured
请求失败，状态码: 502，响应内容: Proxy server not properly configured
请求失败，状态码: 502，响应内容: Proxy server not properly configured
请求失败，状态码: 502，响应内容: Proxy server not properly configured
请求失败，状态码: 502，响应内容: Proxy server not properly configured
请求失败，状态码: 502，响应内容: Proxy server not properly configured
请求失败，状态码: 502，响应内容: Proxy server not properly configured
请求失败，状态码: 502，响应内容: Proxy server not properly configured
请求失败，状态码: 502，响应内容: Proxy server not properly configured
请求失败，状态码: 502，响应内容: Proxy server not properly configured
请求失败，状态码: 502，响应内容: Proxy server not properly configured
请求失败，状态码: 502，响应内容: Proxy server not properly configured
请求失败，状态码: 502，响应内容: Proxy server not properly configured
请求失败，状态码: 502，响应内容: Proxy server not properly configured
请求失败，状态码: 502，响应内容: Proxy server not properly configured
请求失败，状态码: 502，响应内容: Proxy server not properly configured
请求失败，状态码: 502，响应内容: Proxy server not properly configured
请求失败，状态码: 502，响应内容: Proxy server not properly configured
请求失败，状态码: 502，响应内容: Proxy server not properly configured
请求失败，状态码: 502，响应内容: Proxy server not properly configured
请求失败，状态码: 502，响应内容: Proxy server not properly configured
请求失败，状态码: 502，响应内容: Proxy server not properly configured
请求失败，状态码: 502，响应内容: Proxy server not properly configured
请求失败，状态码: 502，响应内容: Proxy server not properly configured
请求失败，状态码: 502，响应内容: Proxy server not properly configured
请求失败，状态码: 502，响应内容: Proxy server not properly configured
请求失败，状态码: 502，响应内容: Proxy server not properly configured
请求失败，状态码: 502，响应内容: Proxy server not properly configured
请求失败，状态码: 502，响应内容: Proxy server not properly configured
请求失败，状态码: 502，响应内容: Proxy server not properly configured
请求失败，状态码: 502，响应内容: Proxy server not properly configured
请求失败，状态码: 502，响应内容: Proxy server not properly configured
请求失败，状态码: 502，响应内容: Proxy server not properly configured
请求失败，状态码: 502，响应内容: Proxy server not properly configured
请求失败，状态码: 502，响应内容: Proxy server not properly configured
请求失败，状态码: 502，响应内容: Proxy server not properly configured
请求失败，状态码: 502，响应内容: Proxy server not properly configured
请求失败，状态码: 502，响应内容: Proxy server not properly configured
请求失败，状态码: 502，响应内容: Proxy server not properly configured
请求失败，状态码: 502，响应内容: Proxy server not properly configured
请求失败，状态码: 502，响应内容: Proxy server not properly configured
请求失败，状态码: 502，响应内容: Proxy server not properly configured
请求失败，状态码: 502，响应内容: Proxy server not properly configured
请求失败，状态码: 502，响应内容: Proxy server not properly configured
请求失败，状态码: 502，响应内容: Proxy server not properly configured
请求失败，状态码: 502，响应内容: Proxy server not properly configured
请求失败，状态码: 502，响应内容: Proxy server not properly configured
请求失败，状态码: 502，响应内容: Proxy server not properly configured
请求失败，状态码: 502，响应内容: Proxy server not properly configured
请求失败，状态码: 502，响应内容: Proxy server not properly configured
请求失败，状态码: 502，响应内容: Proxy server not properly configured
请求失败，状态码: 502，响应内容: Proxy server not properly configured
请求失败，状态码: 502，响应内容: Proxy server not properly configured
请求失败，状态码: 502，响应内容: Proxy server not properly configured
请求失败，状态码: 502，响应内容: Proxy server not properly configured
请求失败，状态码: 502，响应内容: Proxy server not properly configured
请求失败，状态码: 502，响应内容: Proxy server not properly configured
请求失败，状态码: 502，响应内容: Proxy server not properly configured
请求失败，状态码: 502，响应内容: Proxy server not properly configured
请求失败，状态码: 502，响应内容: Proxy server not properly configured
请求失败，状态码: 502，响应内容: Proxy server not properly configured
请求失败，状态码: 502，响应内容: Proxy server not properly configured
请求失败，状态码: 502，响应内容: Proxy server not properly configured
请求失败，状态码: 502，响应内容: Proxy server not properly configured
请求失败，状态码: 502，响应内容: Proxy server not properly configured
请求失败，状态码: 502，响应内容: Proxy server not properly configured
请求失败，状态码: 502，响应内容: Proxy server not properly configured
请求失败，状态码: 502，响应内容: Proxy server not properly configured
请求失败，状态码: 502，响应内容: Proxy server not properly configured
请求失败，状态码: 502，响应内容: Proxy server not properly configured
请求失败，状态码: 502，响应内容: Proxy server not properly configured
请求失败，状态码: 502，响应内容: Proxy server not properly configured
请求失败，状态码: 502，响应内容: Proxy server not properly configured
请求失败，状态码: 502，响应内容: Proxy server not properly configured
请求失败，状态码: 502，响应内容: Proxy server not properly configured
请求失败，状态码: 502，响应内容: Proxy server not properly configured
请求失败，状态码: 502，响应内容: Proxy server not properly configured
请求失败，状态码: 502，响应内容: Proxy server not properly configured
请求失败，状态码: 502，响应内容: Proxy server not properly configured
请求失败，状态码: 502，响应内容: Proxy server not properly configured
请求失败，状态码: 502，响应内容: Proxy server not properly configured
请求失败，状态码: 502，响应内容: Proxy server not properly configured
请求失败，状态码: 502，响应内容: Proxy server not properly configured
请求失败，状态码: 502，响应内容: Proxy server not properly configured
请求失败，状态码: 502，响应内容: Proxy server not properly configured
请求失败，状态码: 502，响应内容: Proxy server not properly configured
请求失败，状态码: 502，响应内容: Proxy server not properly configured
请求失败，状态码: 502，响应内容: Proxy server not properly configured
请求失败，状态码: 502，响应内容: Proxy server not properly configured
请求失败，状态码: 502，响应内容: Proxy server not properly configured
请求失败，状态码: 502，响应内容: Proxy server not properly configured
fixedCert 测试完成:
- QPS: 0.00
- 成功率: 0.00%
- 平均响应时间: N/A ms
{"timestamp":"2025-09-15T10:15:26.878Z","level":"INFO","name":"mitmproxy","message":"Proxy server stopped"}
{"timestamp":"2025-09-15T10:15:26.879Z","level":"INFO","name":"mitmproxy","message":"Node MITMProxy stopped"}

4. 运行完全优化测试...
{"timestamp":"2025-09-15T10:15:26.879Z","level":"INFO","name":"mitmproxy","message":"Node MITMProxy initialized successfully","version":"4.3.0"}
{"timestamp":"2025-09-15T10:15:26.880Z","level":"INFO","name":"mitmproxy","message":"Proxy server started","port":6789,"host":"0.0.0.0"}
{"timestamp":"2025-09-15T10:15:26.881Z","level":"INFO","name":"mitmproxy","message":"Node MITMProxy started","port":6789,"host":"0.0.0.0"}
代理服务器已启动在端口 6789
开始运行工作进程，请求数: 10
开始运行工作进程，请求数: 10
开始运行工作进程，请求数: 10
开始运行工作进程，请求数: 10
开始运行工作进程，请求数: 10
开始运行工作进程，请求数: 10
开始运行工作进程，请求数: 10
开始运行工作进程，请求数: 10
开始运行工作进程，请求数: 10
开始运行工作进程，请求数: 10
开始运行工作进程，请求数: 10
开始运行工作进程，请求数: 10
开始运行工作进程，请求数: 10
开始运行工作进程，请求数: 10
开始运行工作进程，请求数: 10
开始运行工作进程，请求数: 10
开始运行工作进程，请求数: 10
开始运行工作进程，请求数: 10
开始运行工作进程，请求数: 10
开始运行工作进程，请求数: 10
开始运行工作进程，请求数: 10
开始运行工作进程，请求数: 10
开始运行工作进程，请求数: 10
开始运行工作进程，请求数: 10
开始运行工作进程，请求数: 10
开始运行工作进程，请求数: 10
开始运行工作进程，请求数: 10
开始运行工作进程，请求数: 10
开始运行工作进程，请求数: 10
开始运行工作进程，请求数: 10
开始运行工作进程，请求数: 10
开始运行工作进程，请求数: 10
开始运行工作进程，请求数: 10
开始运行工作进程，请求数: 10
开始运行工作进程，请求数: 10
开始运行工作进程，请求数: 10
开始运行工作进程，请求数: 10
开始运行工作进程，请求数: 10
开始运行工作进程，请求数: 10
开始运行工作进程，请求数: 10
开始运行工作进程，请求数: 10
开始运行工作进程，请求数: 10
开始运行工作进程，请求数: 10
开始运行工作进程，请求数: 10
开始运行工作进程，请求数: 10
开始运行工作进程，请求数: 10
开始运行工作进程，请求数: 10
开始运行工作进程，请求数: 10
开始运行工作进程，请求数: 10
开始运行工作进程，请求数: 10
开始运行工作进程，请求数: 10
开始运行工作进程，请求数: 10
开始运行工作进程，请求数: 10
开始运行工作进程，请求数: 10
开始运行工作进程，请求数: 10
开始运行工作进程，请求数: 10
开始运行工作进程，请求数: 10
开始运行工作进程，请求数: 10
开始运行工作进程，请求数: 10
开始运行工作进程，请求数: 10
开始运行工作进程，请求数: 10
开始运行工作进程，请求数: 10
开始运行工作进程，请求数: 10
开始运行工作进程，请求数: 10
开始运行工作进程，请求数: 10
开始运行工作进程，请求数: 10
开始运行工作进程，请求数: 10
开始运行工作进程，请求数: 10
开始运行工作进程，请求数: 10
开始运行工作进程，请求数: 10
开始运行工作进程，请求数: 10
开始运行工作进程，请求数: 10
开始运行工作进程，请求数: 10
开始运行工作进程，请求数: 10
开始运行工作进程，请求数: 10
开始运行工作进程，请求数: 10
开始运行工作进程，请求数: 10
开始运行工作进程，请求数: 10
开始运行工作进程，请求数: 10
开始运行工作进程，请求数: 10
开始运行工作进程，请求数: 10
开始运行工作进程，请求数: 10
开始运行工作进程，请求数: 10
开始运行工作进程，请求数: 10
开始运行工作进程，请求数: 10
开始运行工作进程，请求数: 10
开始运行工作进程，请求数: 10
开始运行工作进程，请求数: 10
开始运行工作进程，请求数: 10
开始运行工作进程，请求数: 10
开始运行工作进程，请求数: 10
开始运行工作进程，请求数: 10
开始运行工作进程，请求数: 10
开始运行工作进程，请求数: 10
开始运行工作进程，请求数: 10
开始运行工作进程，请求数: 10
开始运行工作进程，请求数: 10
开始运行工作进程，请求数: 10
开始运行工作进程，请求数: 10
开始运行工作进程，请求数: 10
请求失败，状态码: 502，响应内容: Proxy server not properly configured
请求失败，状态码: 502，响应内容: Proxy server not properly configured
请求失败，状态码: 502，响应内容: Proxy server not properly configured
请求失败，状态码: 502，响应内容: Proxy server not properly configured
请求失败，状态码: 502，响应内容: Proxy server not properly configured
请求失败，状态码: 502，响应内容: Proxy server not properly configured
请求失败，状态码: 502，响应内容: Proxy server not properly configured
请求失败，状态码: 502，响应内容: Proxy server not properly configured
请求失败，状态码: 502，响应内容: Proxy server not properly configured
请求失败，状态码: 502，响应内容: Proxy server not properly configured
请求失败，状态码: 502，响应内容: Proxy server not properly configured
请求失败，状态码: 502，响应内容: Proxy server not properly configured
请求失败，状态码: 502，响应内容: Proxy server not properly configured
请求失败，状态码: 502，响应内容: Proxy server not properly configured
请求失败，状态码: 502，响应内容: Proxy server not properly configured
请求失败，状态码: 502，响应内容: Proxy server not properly configured
请求失败，状态码: 502，响应内容: Proxy server not properly configured
请求失败，状态码: 502，响应内容: Proxy server not properly configured
请求失败，状态码: 502，响应内容: Proxy server not properly configured
请求失败，状态码: 502，响应内容: Proxy server not properly configured
请求失败，状态码: 502，响应内容: Proxy server not properly configured
请求失败，状态码: 502，响应内容: Proxy server not properly configured
请求失败，状态码: 502，响应内容: Proxy server not properly configured
请求失败，状态码: 502，响应内容: Proxy server not properly configured
请求失败，状态码: 502，响应内容: Proxy server not properly configured
请求失败，状态码: 502，响应内容: Proxy server not properly configured
请求失败，状态码: 502，响应内容: Proxy server not properly configured
请求失败，状态码: 502，响应内容: Proxy server not properly configured
请求失败，状态码: 502，响应内容: Proxy server not properly configured
请求失败，状态码: 502，响应内容: Proxy server not properly configured
请求失败，状态码: 502，响应内容: Proxy server not properly configured
请求失败，状态码: 502，响应内容: Proxy server not properly configured
请求失败，状态码: 502，响应内容: Proxy server not properly configured
请求失败，状态码: 502，响应内容: Proxy server not properly configured
请求失败，状态码: 502，响应内容: Proxy server not properly configured
请求失败，状态码: 502，响应内容: Proxy server not properly configured
请求失败，状态码: 502，响应内容: Proxy server not properly configured
请求失败，状态码: 502，响应内容: Proxy server not properly configured
请求失败，状态码: 502，响应内容: Proxy server not properly configured
请求失败，状态码: 502，响应内容: Proxy server not properly configured
请求失败，状态码: 502，响应内容: Proxy server not properly configured
请求失败，状态码: 502，响应内容: Proxy server not properly configured
请求失败，状态码: 502，响应内容: Proxy server not properly configured
请求失败，状态码: 502，响应内容: Proxy server not properly configured
请求失败，状态码: 502，响应内容: Proxy server not properly configured
请求失败，状态码: 502，响应内容: Proxy server not properly configured
请求失败，状态码: 502，响应内容: Proxy server not properly configured
请求失败，状态码: 502，响应内容: Proxy server not properly configured
请求失败，状态码: 502，响应内容: Proxy server not properly configured
请求失败，状态码: 502，响应内容: Proxy server not properly configured
请求失败，状态码: 502，响应内容: Proxy server not properly configured
请求失败，状态码: 502，响应内容: Proxy server not properly configured
请求失败，状态码: 502，响应内容: Proxy server not properly configured
请求失败，状态码: 502，响应内容: Proxy server not properly configured
请求失败，状态码: 502，响应内容: Proxy server not properly configured
请求失败，状态码: 502，响应内容: Proxy server not properly configured
请求失败，状态码: 502，响应内容: Proxy server not properly configured
请求失败，状态码: 502，响应内容: Proxy server not properly configured
请求失败，状态码: 502，响应内容: Proxy server not properly configured
请求失败，状态码: 502，响应内容: Proxy server not properly configured
请求失败，状态码: 502，响应内容: Proxy server not properly configured
请求失败，状态码: 502，响应内容: Proxy server not properly configured
请求失败，状态码: 502，响应内容: Proxy server not properly configured
请求失败，状态码: 502，响应内容: Proxy server not properly configured
请求失败，状态码: 502，响应内容: Proxy server not properly configured
请求失败，状态码: 502，响应内容: Proxy server not properly configured
请求失败，状态码: 502，响应内容: Proxy server not properly configured
请求失败，状态码: 502，响应内容: Proxy server not properly configured
请求失败，状态码: 502，响应内容: Proxy server not properly configured
请求失败，状态码: 502，响应内容: Proxy server not properly configured
请求失败，状态码: 502，响应内容: Proxy server not properly configured
请求失败，状态码: 502，响应内容: Proxy server not properly configured
请求失败，状态码: 502，响应内容: Proxy server not properly configured
请求失败，状态码: 502，响应内容: Proxy server not properly configured
请求失败，状态码: 502，响应内容: Proxy server not properly configured
请求失败，状态码: 502，响应内容: Proxy server not properly configured
请求失败，状态码: 502，响应内容: Proxy server not properly configured
请求失败，状态码: 502，响应内容: Proxy server not properly configured
请求失败，状态码: 502，响应内容: Proxy server not properly configured
请求失败，状态码: 502，响应内容: Proxy server not properly configured
请求失败，状态码: 502，响应内容: Proxy server not properly configured
请求失败，状态码: 502，响应内容: Proxy server not properly configured
请求失败，状态码: 502，响应内容: Proxy server not properly configured
请求失败，状态码: 502，响应内容: Proxy server not properly configured
请求失败，状态码: 502，响应内容: Proxy server not properly configured
请求失败，状态码: 502，响应内容: Proxy server not properly configured
请求失败，状态码: 502，响应内容: Proxy server not properly configured
请求失败，状态码: 502，响应内容: Proxy server not properly configured
请求失败，状态码: 502，响应内容: Proxy server not properly configured
请求失败，状态码: 502，响应内容: Proxy server not properly configured
请求失败，状态码: 502，响应内容: Proxy server not properly configured
请求失败，状态码: 502，响应内容: Proxy server not properly configured
请求失败，状态码: 502，响应内容: Proxy server not properly configured
请求失败，状态码: 502，响应内容: Proxy server not properly configured
请求失败，状态码: 502，响应内容: Proxy server not properly configured
请求失败，状态码: 502，响应内容: Proxy server not properly configured
请求失败，状态码: 502，响应内容: Proxy server not properly configured
请求失败，状态码: 502，响应内容: Proxy server not properly configured
请求失败，状态码: 502，响应内容: Proxy server not properly configured
请求失败，状态码: 502，响应内容: Proxy server not properly configured
请求失败，状态码: 502，响应内容: Proxy server not properly configured
请求失败，状态码: 502，响应内容: Proxy server not properly configured
请求失败，状态码: 502，响应内容: Proxy server not properly configured
请求失败，状态码: 502，响应内容: Proxy server not properly configured
请求失败，状态码: 502，响应内容: Proxy server not properly configured
请求失败，状态码: 502，响应内容: Proxy server not properly configured
请求失败，状态码: 502，响应内容: Proxy server not properly configured
请求失败，状态码: 502，响应内容: Proxy server not properly configured
请求失败，状态码: 502，响应内容: Proxy server not properly configured
请求失败，状态码: 502，响应内容: Proxy server not properly configured
请求失败，状态码: 502，响应内容: Proxy server not properly configured
请求失败，状态码: 502，响应内容: Proxy server not properly configured
请求失败，状态码: 502，响应内容: Proxy server not properly configured
请求失败，状态码: 502，响应内容: Proxy server not properly configured
请求失败，状态码: 502，响应内容: Proxy server not properly configured
请求失败，状态码: 502，响应内容: Proxy server not properly configured
请求失败，状态码: 502，响应内容: Proxy server not properly configured
请求失败，状态码: 502，响应内容: Proxy server not properly configured
请求失败，状态码: 502，响应内容: Proxy server not properly configured
请求失败，状态码: 502，响应内容: Proxy server not properly configured
请求失败，状态码: 502，响应内容: Proxy server not properly configured
请求失败，状态码: 502，响应内容: Proxy server not properly configured
请求失败，状态码: 502，响应内容: Proxy server not properly configured
请求失败，状态码: 502，响应内容: Proxy server not properly configured
请求失败，状态码: 502，响应内容: Proxy server not properly configured
请求失败，状态码: 502，响应内容: Proxy server not properly configured
请求失败，状态码: 502，响应内容: Proxy server not properly configured
请求失败，状态码: 502，响应内容: Proxy server not properly configured
请求失败，状态码: 502，响应内容: Proxy server not properly configured
请求失败，状态码: 502，响应内容: Proxy server not properly configured
请求失败，状态码: 502，响应内容: Proxy server not properly configured
请求失败，状态码: 502，响应内容: Proxy server not properly configured
请求失败，状态码: 502，响应内容: Proxy server not properly configured
请求失败，状态码: 502，响应内容: Proxy server not properly configured
请求失败，状态码: 502，响应内容: Proxy server not properly configured
请求失败，状态码: 502，响应内容: Proxy server not properly configured
请求失败，状态码: 502，响应内容: Proxy server not properly configured
请求失败，状态码: 502，响应内容: Proxy server not properly configured
请求失败，状态码: 502，响应内容: Proxy server not properly configured
请求失败，状态码: 502，响应内容: Proxy server not properly configured
请求失败，状态码: 502，响应内容: Proxy server not properly configured
请求失败，状态码: 502，响应内容: Proxy server not properly configured
请求失败，状态码: 502，响应内容: Proxy server not properly configured
请求失败，状态码: 502，响应内容: Proxy server not properly configured
请求失败，状态码: 502，响应内容: Proxy server not properly configured
请求失败，状态码: 502，响应内容: Proxy server not properly configured
请求失败，状态码: 502，响应内容: Proxy server not properly configured
请求失败，状态码: 502，响应内容: Proxy server not properly configured
请求失败，状态码: 502，响应内容: Proxy server not properly configured
请求失败，状态码: 502，响应内容: Proxy server not properly configured
请求失败，状态码: 502，响应内容: Proxy server not properly configured
请求失败，状态码: 502，响应内容: Proxy server not properly configured
请求失败，状态码: 502，响应内容: Proxy server not properly configured
请求失败，状态码: 502，响应内容: Proxy server not properly configured
请求失败，状态码: 502，响应内容: Proxy server not properly configured
请求失败，状态码: 502，响应内容: Proxy server not properly configured
请求失败，状态码: 502，响应内容: Proxy server not properly configured
请求失败，状态码: 502，响应内容: Proxy server not properly configured
请求失败，状态码: 502，响应内容: Proxy server not properly configured
请求失败，状态码: 502，响应内容: Proxy server not properly configured
请求失败，状态码: 502，响应内容: Proxy server not properly configured
请求失败，状态码: 502，响应内容: Proxy server not properly configured
请求失败，状态码: 502，响应内容: Proxy server not properly configured
请求失败，状态码: 502，响应内容: Proxy server not properly configured
请求失败，状态码: 502，响应内容: Proxy server not properly configured
请求失败，状态码: 502，响应内容: Proxy server not properly configured
请求失败，状态码: 502，响应内容: Proxy server not properly configured
请求失败，状态码: 502，响应内容: Proxy server not properly configured
请求失败，状态码: 502，响应内容: Proxy server not properly configured
请求失败，状态码: 502，响应内容: Proxy server not properly configured
请求失败，状态码: 502，响应内容: Proxy server not properly configured
请求失败，状态码: 502，响应内容: Proxy server not properly configured
请求失败，状态码: 502，响应内容: Proxy server not properly configured
请求失败，状态码: 502，响应内容: Proxy server not properly configured
请求失败，状态码: 502，响应内容: Proxy server not properly configured
请求失败，状态码: 502，响应内容: Proxy server not properly configured
请求失败，状态码: 502，响应内容: Proxy server not properly configured
请求失败，状态码: 502，响应内容: Proxy server not properly configured
请求失败，状态码: 502，响应内容: Proxy server not properly configured
请求失败，状态码: 502，响应内容: Proxy server not properly configured
请求失败，状态码: 502，响应内容: Proxy server not properly configured
请求失败，状态码: 502，响应内容: Proxy server not properly configured
请求失败，状态码: 502，响应内容: Proxy server not properly configured
请求失败，状态码: 502，响应内容: Proxy server not properly configured
请求失败，状态码: 502，响应内容: Proxy server not properly configured
请求失败，状态码: 502，响应内容: Proxy server not properly configured
请求失败，状态码: 502，响应内容: Proxy server not properly configured
请求失败，状态码: 502，响应内容: Proxy server not properly configured
请求失败，状态码: 502，响应内容: Proxy server not properly configured
请求失败，状态码: 502，响应内容: Proxy server not properly configured
请求失败，状态码: 502，响应内容: Proxy server not properly configured
请求失败，状态码: 502，响应内容: Proxy server not properly configured
请求失败，状态码: 502，响应内容: Proxy server not properly configured
请求失败，状态码: 502，响应内容: Proxy server not properly configured
请求失败，状态码: 502，响应内容: Proxy server not properly configured
请求失败，状态码: 502，响应内容: Proxy server not properly configured
请求失败，状态码: 502，响应内容: Proxy server not properly configured
请求失败，状态码: 502，响应内容: Proxy server not properly configured
请求失败，状态码: 502，响应内容: Proxy server not properly configured
请求失败，状态码: 502，响应内容: Proxy server not properly configured
请求失败，状态码: 502，响应内容: Proxy server not properly configured
请求失败，状态码: 502，响应内容: Proxy server not properly configured
请求失败，状态码: 502，响应内容: Proxy server not properly configured
请求失败，状态码: 502，响应内容: Proxy server not properly configured
请求失败，状态码: 502，响应内容: Proxy server not properly configured
请求失败，状态码: 502，响应内容: Proxy server not properly configured
请求失败，状态码: 502，响应内容: Proxy server not properly configured
请求失败，状态码: 502，响应内容: Proxy server not properly configured
请求失败，状态码: 502，响应内容: Proxy server not properly configured
请求失败，状态码: 502，响应内容: Proxy server not properly configured
请求失败，状态码: 502，响应内容: Proxy server not properly configured
请求失败，状态码: 502，响应内容: Proxy server not properly configured
请求失败，状态码: 502，响应内容: Proxy server not properly configured
请求失败，状态码: 502，响应内容: Proxy server not properly configured
请求失败，状态码: 502，响应内容: Proxy server not properly configured
请求失败，状态码: 502，响应内容: Proxy server not properly configured
请求失败，状态码: 502，响应内容: Proxy server not properly configured
请求失败，状态码: 502，响应内容: Proxy server not properly configured
请求失败，状态码: 502，响应内容: Proxy server not properly configured
请求失败，状态码: 502，响应内容: Proxy server not properly configured
请求失败，状态码: 502，响应内容: Proxy server not properly configured
请求失败，状态码: 502，响应内容: Proxy server not properly configured
请求失败，状态码: 502，响应内容: Proxy server not properly configured
请求失败，状态码: 502，响应内容: Proxy server not properly configured
请求失败，状态码: 502，响应内容: Proxy server not properly configured
请求失败，状态码: 502，响应内容: Proxy server not properly configured
请求失败，状态码: 502，响应内容: Proxy server not properly configured
请求失败，状态码: 502，响应内容: Proxy server not properly configured
请求失败，状态码: 502，响应内容: Proxy server not properly configured
请求失败，状态码: 502，响应内容: Proxy server not properly configured
请求失败，状态码: 502，响应内容: Proxy server not properly configured
请求失败，状态码: 502，响应内容: Proxy server not properly configured
请求失败，状态码: 502，响应内容: Proxy server not properly configured
请求失败，状态码: 502，响应内容: Proxy server not properly configured
请求失败，状态码: 502，响应内容: Proxy server not properly configured
请求失败，状态码: 502，响应内容: Proxy server not properly configured
请求失败，状态码: 502，响应内容: Proxy server not properly configured
请求失败，状态码: 502，响应内容: Proxy server not properly configured
请求失败，状态码: 502，响应内容: Proxy server not properly configured
请求失败，状态码: 502，响应内容: Proxy server not properly configured
请求失败，状态码: 502，响应内容: Proxy server not properly configured
请求失败，状态码: 502，响应内容: Proxy server not properly configured
请求失败，状态码: 502，响应内容: Proxy server not properly configured
请求失败，状态码: 502，响应内容: Proxy server not properly configured
请求失败，状态码: 502，响应内容: Proxy server not properly configured
请求失败，状态码: 502，响应内容: Proxy server not properly configured
请求失败，状态码: 502，响应内容: Proxy server not properly configured
请求失败，状态码: 502，响应内容: Proxy server not properly configured
请求失败，状态码: 502，响应内容: Proxy server not properly configured
请求失败，状态码: 502，响应内容: Proxy server not properly configured
请求失败，状态码: 502，响应内容: Proxy server not properly configured
请求失败，状态码: 502，响应内容: Proxy server not properly configured
请求失败，状态码: 502，响应内容: Proxy server not properly configured
请求失败，状态码: 502，响应内容: Proxy server not properly configured
请求失败，状态码: 502，响应内容: Proxy server not properly configured
请求失败，状态码: 502，响应内容: Proxy server not properly configured
请求失败，状态码: 502，响应内容: Proxy server not properly configured
请求失败，状态码: 502，响应内容: Proxy server not properly configured
请求失败，状态码: 502，响应内容: Proxy server not properly configured
请求失败，状态码: 502，响应内容: Proxy server not properly configured
请求失败，状态码: 502，响应内容: Proxy server not properly configured
请求失败，状态码: 502，响应内容: Proxy server not properly configured
请求失败，状态码: 502，响应内容: Proxy server not properly configured
请求失败，状态码: 502，响应内容: Proxy server not properly configured
请求失败，状态码: 502，响应内容: Proxy server not properly configured
请求失败，状态码: 502，响应内容: Proxy server not properly configured
请求失败，状态码: 502，响应内容: Proxy server not properly configured
请求失败，状态码: 502，响应内容: Proxy server not properly configured
请求失败，状态码: 502，响应内容: Proxy server not properly configured
请求失败，状态码: 502，响应内容: Proxy server not properly configured
请求失败，状态码: 502，响应内容: Proxy server not properly configured
请求失败，状态码: 502，响应内容: Proxy server not properly configured
请求失败，状态码: 502，响应内容: Proxy server not properly configured
请求失败，状态码: 502，响应内容: Proxy server not properly configured
请求失败，状态码: 502，响应内容: Proxy server not properly configured
请求失败，状态码: 502，响应内容: Proxy server not properly configured
请求失败，状态码: 502，响应内容: Proxy server not properly configured
请求失败，状态码: 502，响应内容: Proxy server not properly configured
请求失败，状态码: 502，响应内容: Proxy server not properly configured
请求失败，状态码: 502，响应内容: Proxy server not properly configured
请求失败，状态码: 502，响应内容: Proxy server not properly configured
请求失败，状态码: 502，响应内容: Proxy server not properly configured
请求失败，状态码: 502，响应内容: Proxy server not properly configured
请求失败，状态码: 502，响应内容: Proxy server not properly configured
请求失败，状态码: 502，响应内容: Proxy server not properly configured
请求失败，状态码: 502，响应内容: Proxy server not properly configured
请求失败，状态码: 502，响应内容: Proxy server not properly configured
请求失败，状态码: 502，响应内容: Proxy server not properly configured
请求失败，状态码: 502，响应内容: Proxy server not properly configured
请求失败，状态码: 502，响应内容: Proxy server not properly configured
请求失败，状态码: 502，响应内容: Proxy server not properly configured
请求失败，状态码: 502，响应内容: Proxy server not properly configured
请求失败，状态码: 502，响应内容: Proxy server not properly configured
请求失败，状态码: 502，响应内容: Proxy server not properly configured
请求失败，状态码: 502，响应内容: Proxy server not properly configured
请求失败，状态码: 502，响应内容: Proxy server not properly configured
请求失败，状态码: 502，响应内容: Proxy server not properly configured
请求失败，状态码: 502，响应内容: Proxy server not properly configured
请求失败，状态码: 502，响应内容: Proxy server not properly configured
请求失败，状态码: 502，响应内容: Proxy server not properly configured
请求失败，状态码: 502，响应内容: Proxy server not properly configured
请求失败，状态码: 502，响应内容: Proxy server not properly configured
请求失败，状态码: 502，响应内容: Proxy server not properly configured
请求失败，状态码: 502，响应内容: Proxy server not properly configured
请求失败，状态码: 502，响应内容: Proxy server not properly configured
请求失败，状态码: 502，响应内容: Proxy server not properly configured
请求失败，状态码: 502，响应内容: Proxy server not properly configured
请求失败，状态码: 502，响应内容: Proxy server not properly configured
请求失败，状态码: 502，响应内容: Proxy server not properly configured
请求失败，状态码: 502，响应内容: Proxy server not properly configured
请求失败，状态码: 502，响应内容: Proxy server not properly configured
请求失败，状态码: 502，响应内容: Proxy server not properly configured
请求失败，状态码: 502，响应内容: Proxy server not properly configured
请求失败，状态码: 502，响应内容: Proxy server not properly configured
请求失败，状态码: 502，响应内容: Proxy server not properly configured
请求失败，状态码: 502，响应内容: Proxy server not properly configured
请求失败，状态码: 502，响应内容: Proxy server not properly configured
请求失败，状态码: 502，响应内容: Proxy server not properly configured
请求失败，状态码: 502，响应内容: Proxy server not properly configured
请求失败，状态码: 502，响应内容: Proxy server not properly configured
请求失败，状态码: 502，响应内容: Proxy server not properly configured
请求失败，状态码: 502，响应内容: Proxy server not properly configured
请求失败，状态码: 502，响应内容: Proxy server not properly configured
请求失败，状态码: 502，响应内容: Proxy server not properly configured
请求失败，状态码: 502，响应内容: Proxy server not properly configured
请求失败，状态码: 502，响应内容: Proxy server not properly configured
请求失败，状态码: 502，响应内容: Proxy server not properly configured
请求失败，状态码: 502，响应内容: Proxy server not properly configured
请求失败，状态码: 502，响应内容: Proxy server not properly configured
请求失败，状态码: 502，响应内容: Proxy server not properly configured
请求失败，状态码: 502，响应内容: Proxy server not properly configured
请求失败，状态码: 502，响应内容: Proxy server not properly configured
请求失败，状态码: 502，响应内容: Proxy server not properly configured
请求失败，状态码: 502，响应内容: Proxy server not properly configured
请求失败，状态码: 502，响应内容: Proxy server not properly configured
请求失败，状态码: 502，响应内容: Proxy server not properly configured
请求失败，状态码: 502，响应内容: Proxy server not properly configured
请求失败，状态码: 502，响应内容: Proxy server not properly configured
请求失败，状态码: 502，响应内容: Proxy server not properly configured
请求失败，状态码: 502，响应内容: Proxy server not properly configured
请求失败，状态码: 502，响应内容: Proxy server not properly configured
请求失败，状态码: 502，响应内容: Proxy server not properly configured
请求失败，状态码: 502，响应内容: Proxy server not properly configured
请求失败，状态码: 502，响应内容: Proxy server not properly configured
请求失败，状态码: 502，响应内容: Proxy server not properly configured
请求失败，状态码: 502，响应内容: Proxy server not properly configured
请求失败，状态码: 502，响应内容: Proxy server not properly configured
请求失败，状态码: 502，响应内容: Proxy server not properly configured
请求失败，状态码: 502，响应内容: Proxy server not properly configured
请求失败，状态码: 502，响应内容: Proxy server not properly configured
请求失败，状态码: 502，响应内容: Proxy server not properly configured
请求失败，状态码: 502，响应内容: Proxy server not properly configured
请求失败，状态码: 502，响应内容: Proxy server not properly configured
请求失败，状态码: 502，响应内容: Proxy server not properly configured
请求失败，状态码: 502，响应内容: Proxy server not properly configured
请求失败，状态码: 502，响应内容: Proxy server not properly configured
请求失败，状态码: 502，响应内容: Proxy server not properly configured
请求失败，状态码: 502，响应内容: Proxy server not properly configured
请求失败，状态码: 502，响应内容: Proxy server not properly configured
请求失败，状态码: 502，响应内容: Proxy server not properly configured
请求失败，状态码: 502，响应内容: Proxy server not properly configured
请求失败，状态码: 502，响应内容: Proxy server not properly configured
请求失败，状态码: 502，响应内容: Proxy server not properly configured
请求失败，状态码: 502，响应内容: Proxy server not properly configured
请求失败，状态码: 502，响应内容: Proxy server not properly configured
请求失败，状态码: 502，响应内容: Proxy server not properly configured
请求失败，状态码: 502，响应内容: Proxy server not properly configured
请求失败，状态码: 502，响应内容: Proxy server not properly configured
请求失败，状态码: 502，响应内容: Proxy server not properly configured
请求失败，状态码: 502，响应内容: Proxy server not properly configured
请求失败，状态码: 502，响应内容: Proxy server not properly configured
请求失败，状态码: 502，响应内容: Proxy server not properly configured
请求失败，状态码: 502，响应内容: Proxy server not properly configured
请求失败，状态码: 502，响应内容: Proxy server not properly configured
请求失败，状态码: 502，响应内容: Proxy server not properly configured
请求失败，状态码: 502，响应内容: Proxy server not properly configured
请求失败，状态码: 502，响应内容: Proxy server not properly configured
请求失败，状态码: 502，响应内容: Proxy server not properly configured
请求失败，状态码: 502，响应内容: Proxy server not properly configured
请求失败，状态码: 502，响应内容: Proxy server not properly configured
请求失败，状态码: 502，响应内容: Proxy server not properly configured
请求失败，状态码: 502，响应内容: Proxy server not properly configured
请求失败，状态码: 502，响应内容: Proxy server not properly configured
请求失败，状态码: 502，响应内容: Proxy server not properly configured
请求失败，状态码: 502，响应内容: Proxy server not properly configured
请求失败，状态码: 502，响应内容: Proxy server not properly configured
请求失败，状态码: 502，响应内容: Proxy server not properly configured
请求失败，状态码: 502，响应内容: Proxy server not properly configured
请求失败，状态码: 502，响应内容: Proxy server not properly configured
请求失败，状态码: 502，响应内容: Proxy server not properly configured
请求失败，状态码: 502，响应内容: Proxy server not properly configured
请求失败，状态码: 502，响应内容: Proxy server not properly configured
请求失败，状态码: 502，响应内容: Proxy server not properly configured
请求失败，状态码: 502，响应内容: Proxy server not properly configured
请求失败，状态码: 502，响应内容: Proxy server not properly configured
请求失败，状态码: 502，响应内容: Proxy server not properly configured
请求失败，状态码: 502，响应内容: Proxy server not properly configured
请求失败，状态码: 502，响应内容: Proxy server not properly configured
请求失败，状态码: 502，响应内容: Proxy server not properly configured
请求失败，状态码: 502，响应内容: Proxy server not properly configured
请求失败，状态码: 502，响应内容: Proxy server not properly configured
请求失败，状态码: 502，响应内容: Proxy server not properly configured
请求失败，状态码: 502，响应内容: Proxy server not properly configured
请求失败，状态码: 502，响应内容: Proxy server not properly configured
请求失败，状态码: 502，响应内容: Proxy server not properly configured
请求失败，状态码: 502，响应内容: Proxy server not properly configured
请求失败，状态码: 502，响应内容: Proxy server not properly configured
请求失败，状态码: 502，响应内容: Proxy server not properly configured
请求失败，状态码: 502，响应内容: Proxy server not properly configured
请求失败，状态码: 502，响应内容: Proxy server not properly configured
请求失败，状态码: 502，响应内容: Proxy server not properly configured
请求失败，状态码: 502，响应内容: Proxy server not properly configured
请求失败，状态码: 502，响应内容: Proxy server not properly configured
请求失败，状态码: 502，响应内容: Proxy server not properly configured
请求失败，状态码: 502，响应内容: Proxy server not properly configured
请求失败，状态码: 502，响应内容: Proxy server not properly configured
请求失败，状态码: 502，响应内容: Proxy server not properly configured
请求失败，状态码: 502，响应内容: Proxy server not properly configured
请求失败，状态码: 502，响应内容: Proxy server not properly configured
请求失败，状态码: 502，响应内容: Proxy server not properly configured
请求失败，状态码: 502，响应内容: Proxy server not properly configured
请求失败，状态码: 502，响应内容: Proxy server not properly configured
请求失败，状态码: 502，响应内容: Proxy server not properly configured
请求失败，状态码: 502，响应内容: Proxy server not properly configured
请求失败，状态码: 502，响应内容: Proxy server not properly configured
请求失败，状态码: 502，响应内容: Proxy server not properly configured
请求失败，状态码: 502，响应内容: Proxy server not properly configured
请求失败，状态码: 502，响应内容: Proxy server not properly configured
请求失败，状态码: 502，响应内容: Proxy server not properly configured
请求失败，状态码: 502，响应内容: Proxy server not properly configured
请求失败，状态码: 502，响应内容: Proxy server not properly configured
请求失败，状态码: 502，响应内容: Proxy server not properly configured
请求失败，状态码: 502，响应内容: Proxy server not properly configured
请求失败，状态码: 502，响应内容: Proxy server not properly configured
请求失败，状态码: 502，响应内容: Proxy server not properly configured
请求失败，状态码: 502，响应内容: Proxy server not properly configured
请求失败，状态码: 502，响应内容: Proxy server not properly configured
请求失败，状态码: 502，响应内容: Proxy server not properly configured
请求失败，状态码: 502，响应内容: Proxy server not properly configured
请求失败，状态码: 502，响应内容: Proxy server not properly configured
请求失败，状态码: 502，响应内容: Proxy server not properly configured
请求失败，状态码: 502，响应内容: Proxy server not properly configured
请求失败，状态码: 502，响应内容: Proxy server not properly configured
请求失败，状态码: 502，响应内容: Proxy server not properly configured
请求失败，状态码: 502，响应内容: Proxy server not properly configured
请求失败，状态码: 502，响应内容: Proxy server not properly configured
请求失败，状态码: 502，响应内容: Proxy server not properly configured
请求失败，状态码: 502，响应内容: Proxy server not properly configured
请求失败，状态码: 502，响应内容: Proxy server not properly configured
请求失败，状态码: 502，响应内容: Proxy server not properly configured
请求失败，状态码: 502，响应内容: Proxy server not properly configured
请求失败，状态码: 502，响应内容: Proxy server not properly configured
请求失败，状态码: 502，响应内容: Proxy server not properly configured
请求失败，状态码: 502，响应内容: Proxy server not properly configured
请求失败，状态码: 502，响应内容: Proxy server not properly configured
请求失败，状态码: 502，响应内容: Proxy server not properly configured
请求失败，状态码: 502，响应内容: Proxy server not properly configured
请求失败，状态码: 502，响应内容: Proxy server not properly configured
请求失败，状态码: 502，响应内容: Proxy server not properly configured
请求失败，状态码: 502，响应内容: Proxy server not properly configured
请求失败，状态码: 502，响应内容: Proxy server not properly configured
请求失败，状态码: 502，响应内容: Proxy server not properly configured
请求失败，状态码: 502，响应内容: Proxy server not properly configured
请求失败，状态码: 502，响应内容: Proxy server not properly configured
请求失败，状态码: 502，响应内容: Proxy server not properly configured
请求失败，状态码: 502，响应内容: Proxy server not properly configured
请求失败，状态码: 502，响应内容: Proxy server not properly configured
请求失败，状态码: 502，响应内容: Proxy server not properly configured
请求失败，状态码: 502，响应内容: Proxy server not properly configured
请求失败，状态码: 502，响应内容: Proxy server not properly configured
请求失败，状态码: 502，响应内容: Proxy server not properly configured
请求失败，状态码: 502，响应内容: Proxy server not properly configured
请求失败，状态码: 502，响应内容: Proxy server not properly configured
请求失败，状态码: 502，响应内容: Proxy server not properly configured
请求失败，状态码: 502，响应内容: Proxy server not properly configured
请求失败，状态码: 502，响应内容: Proxy server not properly configured
请求失败，状态码: 502，响应内容: Proxy server not properly configured
请求失败，状态码: 502，响应内容: Proxy server not properly configured
请求失败，状态码: 502，响应内容: Proxy server not properly configured
请求失败，状态码: 502，响应内容: Proxy server not properly configured
请求失败，状态码: 502，响应内容: Proxy server not properly configured
请求失败，状态码: 502，响应内容: Proxy server not properly configured
请求失败，状态码: 502，响应内容: Proxy server not properly configured
请求失败，状态码: 502，响应内容: Proxy server not properly configured
请求失败，状态码: 502，响应内容: Proxy server not properly configured
请求失败，状态码: 502，响应内容: Proxy server not properly configured
请求失败，状态码: 502，响应内容: Proxy server not properly configured
请求失败，状态码: 502，响应内容: Proxy server not properly configured
请求失败，状态码: 502，响应内容: Proxy server not properly configured
请求失败，状态码: 502，响应内容: Proxy server not properly configured
请求失败，状态码: 502，响应内容: Proxy server not properly configured
请求失败，状态码: 502，响应内容: Proxy server not properly configured
请求失败，状态码: 502，响应内容: Proxy server not properly configured
请求失败，状态码: 502，响应内容: Proxy server not properly configured
请求失败，状态码: 502，响应内容: Proxy server not properly configured
请求失败，状态码: 502，响应内容: Proxy server not properly configured
请求失败，状态码: 502，响应内容: Proxy server not properly configured
请求失败，状态码: 502，响应内容: Proxy server not properly configured
请求失败，状态码: 502，响应内容: Proxy server not properly configured
请求失败，状态码: 502，响应内容: Proxy server not properly configured
请求失败，状态码: 502，响应内容: Proxy server not properly configured
请求失败，状态码: 502，响应内容: Proxy server not properly configured
请求失败，状态码: 502，响应内容: Proxy server not properly configured
请求失败，状态码: 502，响应内容: Proxy server not properly configured
请求失败，状态码: 502，响应内容: Proxy server not properly configured
请求失败，状态码: 502，响应内容: Proxy server not properly configured
请求失败，状态码: 502，响应内容: Proxy server not properly configured
请求失败，状态码: 502，响应内容: Proxy server not properly configured
请求失败，状态码: 502，响应内容: Proxy server not properly configured
请求失败，状态码: 502，响应内容: Proxy server not properly configured
请求失败，状态码: 502，响应内容: Proxy server not properly configured
请求失败，状态码: 502，响应内容: Proxy server not properly configured
请求失败，状态码: 502，响应内容: Proxy server not properly configured
请求失败，状态码: 502，响应内容: Proxy server not properly configured
请求失败，状态码: 502，响应内容: Proxy server not properly configured
请求失败，状态码: 502，响应内容: Proxy server not properly configured
请求失败，状态码: 502，响应内容: Proxy server not properly configured
请求失败，状态码: 502，响应内容: Proxy server not properly configured
请求失败，状态码: 502，响应内容: Proxy server not properly configured
请求失败，状态码: 502，响应内容: Proxy server not properly configured
请求失败，状态码: 502，响应内容: Proxy server not properly configured
请求失败，状态码: 502，响应内容: Proxy server not properly configured
请求失败，状态码: 502，响应内容: Proxy server not properly configured
请求失败，状态码: 502，响应内容: Proxy server not properly configured
请求失败，状态码: 502，响应内容: Proxy server not properly configured
请求失败，状态码: 502，响应内容: Proxy server not properly configured
请求失败，状态码: 502，响应内容: Proxy server not properly configured
请求失败，状态码: 502，响应内容: Proxy server not properly configured
请求失败，状态码: 502，响应内容: Proxy server not properly configured
请求失败，状态码: 502，响应内容: Proxy server not properly configured
请求失败，状态码: 502，响应内容: Proxy server not properly configured
请求失败，状态码: 502，响应内容: Proxy server not properly configured
请求失败，状态码: 502，响应内容: Proxy server not properly configured
请求失败，状态码: 502，响应内容: Proxy server not properly configured
请求失败，状态码: 502，响应内容: Proxy server not properly configured
请求失败，状态码: 502，响应内容: Proxy server not properly configured
请求失败，状态码: 502，响应内容: Proxy server not properly configured
请求失败，状态码: 502，响应内容: Proxy server not properly configured
请求失败，状态码: 502，响应内容: Proxy server not properly configured
请求失败，状态码: 502，响应内容: Proxy server not properly configured
请求失败，状态码: 502，响应内容: Proxy server not properly configured
请求失败，状态码: 502，响应内容: Proxy server not properly configured
请求失败，状态码: 502，响应内容: Proxy server not properly configured
请求失败，状态码: 502，响应内容: Proxy server not properly configured
请求失败，状态码: 502，响应内容: Proxy server not properly configured
请求失败，状态码: 502，响应内容: Proxy server not properly configured
请求失败，状态码: 502，响应内容: Proxy server not properly configured
请求失败，状态码: 502，响应内容: Proxy server not properly configured
请求失败，状态码: 502，响应内容: Proxy server not properly configured
请求失败，状态码: 502，响应内容: Proxy server not properly configured
请求失败，状态码: 502，响应内容: Proxy server not properly configured
请求失败，状态码: 502，响应内容: Proxy server not properly configured
请求失败，状态码: 502，响应内容: Proxy server not properly configured
请求失败，状态码: 502，响应内容: Proxy server not properly configured
请求失败，状态码: 502，响应内容: Proxy server not properly configured
请求失败，状态码: 502，响应内容: Proxy server not properly configured
请求失败，状态码: 502，响应内容: Proxy server not properly configured
请求失败，状态码: 502，响应内容: Proxy server not properly configured
请求失败，状态码: 502，响应内容: Proxy server not properly configured
请求失败，状态码: 502，响应内容: Proxy server not properly configured
请求失败，状态码: 502，响应内容: Proxy server not properly configured
请求失败，状态码: 502，响应内容: Proxy server not properly configured
请求失败，状态码: 502，响应内容: Proxy server not properly configured
请求失败，状态码: 502，响应内容: Proxy server not properly configured
请求失败，状态码: 502，响应内容: Proxy server not properly configured
请求失败，状态码: 502，响应内容: Proxy server not properly configured
请求失败，状态码: 502，响应内容: Proxy server not properly configured
请求失败，状态码: 502，响应内容: Proxy server not properly configured
请求失败，状态码: 502，响应内容: Proxy server not properly configured
请求失败，状态码: 502，响应内容: Proxy server not properly configured
请求失败，状态码: 502，响应内容: Proxy server not properly configured
请求失败，状态码: 502，响应内容: Proxy server not properly configured
请求失败，状态码: 502，响应内容: Proxy server not properly configured
请求失败，状态码: 502，响应内容: Proxy server not properly configured
请求失败，状态码: 502，响应内容: Proxy server not properly configured
请求失败，状态码: 502，响应内容: Proxy server not properly configured
请求失败，状态码: 502，响应内容: Proxy server not properly configured
请求失败，状态码: 502，响应内容: Proxy server not properly configured
请求失败，状态码: 502，响应内容: Proxy server not properly configured
请求失败，状态码: 502，响应内容: Proxy server not properly configured
请求失败，状态码: 502，响应内容: Proxy server not properly configured
请求失败，状态码: 502，响应内容: Proxy server not properly configured
请求失败，状态码: 502，响应内容: Proxy server not properly configured
请求失败，状态码: 502，响应内容: Proxy server not properly configured
请求失败，状态码: 502，响应内容: Proxy server not properly configured
请求失败，状态码: 502，响应内容: Proxy server not properly configured
请求失败，状态码: 502，响应内容: Proxy server not properly configured
请求失败，状态码: 502，响应内容: Proxy server not properly configured
请求失败，状态码: 502，响应内容: Proxy server not properly configured
请求失败，状态码: 502，响应内容: Proxy server not properly configured
请求失败，状态码: 502，响应内容: Proxy server not properly configured
请求失败，状态码: 502，响应内容: Proxy server not properly configured
请求失败，状态码: 502，响应内容: Proxy server not properly configured
请求失败，状态码: 502，响应内容: Proxy server not properly configured
请求失败，状态码: 502，响应内容: Proxy server not properly configured
请求失败，状态码: 502，响应内容: Proxy server not properly configured
请求失败，状态码: 502，响应内容: Proxy server not properly configured
请求失败，状态码: 502，响应内容: Proxy server not properly configured
请求失败，状态码: 502，响应内容: Proxy server not properly configured
请求失败，状态码: 502，响应内容: Proxy server not properly configured
请求失败，状态码: 502，响应内容: Proxy server not properly configured
请求失败，状态码: 502，响应内容: Proxy server not properly configured
请求失败，状态码: 502，响应内容: Proxy server not properly configured
请求失败，状态码: 502，响应内容: Proxy server not properly configured
请求失败，状态码: 502，响应内容: Proxy server not properly configured
请求失败，状态码: 502，响应内容: Proxy server not properly configured
请求失败，状态码: 502，响应内容: Proxy server not properly configured
请求失败，状态码: 502，响应内容: Proxy server not properly configured
请求失败，状态码: 502，响应内容: Proxy server not properly configured
请求失败，状态码: 502，响应内容: Proxy server not properly configured
请求失败，状态码: 502，响应内容: Proxy server not properly configured
请求失败，状态码: 502，响应内容: Proxy server not properly configured
请求失败，状态码: 502，响应内容: Proxy server not properly configured
请求失败，状态码: 502，响应内容: Proxy server not properly configured
请求失败，状态码: 502，响应内容: Proxy server not properly configured
请求失败，状态码: 502，响应内容: Proxy server not properly configured
请求失败，状态码: 502，响应内容: Proxy server not properly configured
请求失败，状态码: 502，响应内容: Proxy server not properly configured
请求失败，状态码: 502，响应内容: Proxy server not properly configured
请求失败，状态码: 502，响应内容: Proxy server not properly configured
请求失败，状态码: 502，响应内容: Proxy server not properly configured
请求失败，状态码: 502，响应内容: Proxy server not properly configured
请求失败，状态码: 502，响应内容: Proxy server not properly configured
请求失败，状态码: 502，响应内容: Proxy server not properly configured
请求失败，状态码: 502，响应内容: Proxy server not properly configured
请求失败，状态码: 502，响应内容: Proxy server not properly configured
请求失败，状态码: 502，响应内容: Proxy server not properly configured
请求失败，状态码: 502，响应内容: Proxy server not properly configured
请求失败，状态码: 502，响应内容: Proxy server not properly configured
请求失败，状态码: 502，响应内容: Proxy server not properly configured
请求失败，状态码: 502，响应内容: Proxy server not properly configured
请求失败，状态码: 502，响应内容: Proxy server not properly configured
请求失败，状态码: 502，响应内容: Proxy server not properly configured
请求失败，状态码: 502，响应内容: Proxy server not properly configured
请求失败，状态码: 502，响应内容: Proxy server not properly configured
请求失败，状态码: 502，响应内容: Proxy server not properly configured
请求失败，状态码: 502，响应内容: Proxy server not properly configured
请求失败，状态码: 502，响应内容: Proxy server not properly configured
请求失败，状态码: 502，响应内容: Proxy server not properly configured
请求失败，状态码: 502，响应内容: Proxy server not properly configured
请求失败，状态码: 502，响应内容: Proxy server not properly configured
请求失败，状态码: 502，响应内容: Proxy server not properly configured
请求失败，状态码: 502，响应内容: Proxy server not properly configured
请求失败，状态码: 502，响应内容: Proxy server not properly configured
请求失败，状态码: 502，响应内容: Proxy server not properly configured
请求失败，状态码: 502，响应内容: Proxy server not properly configured
请求失败，状态码: 502，响应内容: Proxy server not properly configured
请求失败，状态码: 502，响应内容: Proxy server not properly configured
请求失败，状态码: 502，响应内容: Proxy server not properly configured
请求失败，状态码: 502，响应内容: Proxy server not properly configured
请求失败，状态码: 502，响应内容: Proxy server not properly configured
请求失败，状态码: 502，响应内容: Proxy server not properly configured
请求失败，状态码: 502，响应内容: Proxy server not properly configured
请求失败，状态码: 502，响应内容: Proxy server not properly configured
请求失败，状态码: 502，响应内容: Proxy server not properly configured
请求失败，状态码: 502，响应内容: Proxy server not properly configured
请求失败，状态码: 502，响应内容: Proxy server not properly configured
请求失败，状态码: 502，响应内容: Proxy server not properly configured
请求失败，状态码: 502，响应内容: Proxy server not properly configured
请求失败，状态码: 502，响应内容: Proxy server not properly configured
请求失败，状态码: 502，响应内容: Proxy server not properly configured
请求失败，状态码: 502，响应内容: Proxy server not properly configured
请求失败，状态码: 502，响应内容: Proxy server not properly configured
请求失败，状态码: 502，响应内容: Proxy server not properly configured
请求失败，状态码: 502，响应内容: Proxy server not properly configured
请求失败，状态码: 502，响应内容: Proxy server not properly configured
请求失败，状态码: 502，响应内容: Proxy server not properly configured
请求失败，状态码: 502，响应内容: Proxy server not properly configured
请求失败，状态码: 502，响应内容: Proxy server not properly configured
请求失败，状态码: 502，响应内容: Proxy server not properly configured
请求失败，状态码: 502，响应内容: Proxy server not properly configured
请求失败，状态码: 502，响应内容: Proxy server not properly configured
请求失败，状态码: 502，响应内容: Proxy server not properly configured
请求失败，状态码: 502，响应内容: Proxy server not properly configured
请求失败，状态码: 502，响应内容: Proxy server not properly configured
请求失败，状态码: 502，响应内容: Proxy server not properly configured
请求失败，状态码: 502，响应内容: Proxy server not properly configured
请求失败，状态码: 502，响应内容: Proxy server not properly configured
请求失败，状态码: 502，响应内容: Proxy server not properly configured
请求失败，状态码: 502，响应内容: Proxy server not properly configured
请求失败，状态码: 502，响应内容: Proxy server not properly configured
请求失败，状态码: 502，响应内容: Proxy server not properly configured
请求失败，状态码: 502，响应内容: Proxy server not properly configured
请求失败，状态码: 502，响应内容: Proxy server not properly configured
请求失败，状态码: 502，响应内容: Proxy server not properly configured
请求失败，状态码: 502，响应内容: Proxy server not properly configured
请求失败，状态码: 502，响应内容: Proxy server not properly configured
请求失败，状态码: 502，响应内容: Proxy server not properly configured
请求失败，状态码: 502，响应内容: Proxy server not properly configured
请求失败，状态码: 502，响应内容: Proxy server not properly configured
请求失败，状态码: 502，响应内容: Proxy server not properly configured
请求失败，状态码: 502，响应内容: Proxy server not properly configured
请求失败，状态码: 502，响应内容: Proxy server not properly configured
请求失败，状态码: 502，响应内容: Proxy server not properly configured
请求失败，状态码: 502，响应内容: Proxy server not properly configured
请求失败，状态码: 502，响应内容: Proxy server not properly configured
请求失败，状态码: 502，响应内容: Proxy server not properly configured
请求失败，状态码: 502，响应内容: Proxy server not properly configured
请求失败，状态码: 502，响应内容: Proxy server not properly configured
请求失败，状态码: 502，响应内容: Proxy server not properly configured
请求失败，状态码: 502，响应内容: Proxy server not properly configured
请求失败，状态码: 502，响应内容: Proxy server not properly configured
请求失败，状态码: 502，响应内容: Proxy server not properly configured
请求失败，状态码: 502，响应内容: Proxy server not properly configured
请求失败，状态码: 502，响应内容: Proxy server not properly configured
请求失败，状态码: 502，响应内容: Proxy server not properly configured
请求失败，状态码: 502，响应内容: Proxy server not properly configured
请求失败，状态码: 502，响应内容: Proxy server not properly configured
请求失败，状态码: 502，响应内容: Proxy server not properly configured
请求失败，状态码: 502，响应内容: Proxy server not properly configured
请求失败，状态码: 502，响应内容: Proxy server not properly configured
请求失败，状态码: 502，响应内容: Proxy server not properly configured
请求失败，状态码: 502，响应内容: Proxy server not properly configured
请求失败，状态码: 502，响应内容: Proxy server not properly configured
请求失败，状态码: 502，响应内容: Proxy server not properly configured
请求失败，状态码: 502，响应内容: Proxy server not properly configured
请求失败，状态码: 502，响应内容: Proxy server not properly configured
请求失败，状态码: 502，响应内容: Proxy server not properly configured
请求失败，状态码: 502，响应内容: Proxy server not properly configured
请求失败，状态码: 502，响应内容: Proxy server not properly configured
请求失败，状态码: 502，响应内容: Proxy server not properly configured
请求失败，状态码: 502，响应内容: Proxy server not properly configured
请求失败，状态码: 502，响应内容: Proxy server not properly configured
请求失败，状态码: 502，响应内容: Proxy server not properly configured
请求失败，状态码: 502，响应内容: Proxy server not properly configured
请求失败，状态码: 502，响应内容: Proxy server not properly configured
请求失败，状态码: 502，响应内容: Proxy server not properly configured
请求失败，状态码: 502，响应内容: Proxy server not properly configured
请求失败，状态码: 502，响应内容: Proxy server not properly configured
请求失败，状态码: 502，响应内容: Proxy server not properly configured
请求失败，状态码: 502，响应内容: Proxy server not properly configured
请求失败，状态码: 502，响应内容: Proxy server not properly configured
请求失败，状态码: 502，响应内容: Proxy server not properly configured
请求失败，状态码: 502，响应内容: Proxy server not properly configured
请求失败，状态码: 502，响应内容: Proxy server not properly configured
请求失败，状态码: 502，响应内容: Proxy server not properly configured
请求失败，状态码: 502，响应内容: Proxy server not properly configured
请求失败，状态码: 502，响应内容: Proxy server not properly configured
请求失败，状态码: 502，响应内容: Proxy server not properly configured
请求失败，状态码: 502，响应内容: Proxy server not properly configured
请求失败，状态码: 502，响应内容: Proxy server not properly configured
请求失败，状态码: 502，响应内容: Proxy server not properly configured
请求失败，状态码: 502，响应内容: Proxy server not properly configured
请求失败，状态码: 502，响应内容: Proxy server not properly configured
请求失败，状态码: 502，响应内容: Proxy server not properly configured
请求失败，状态码: 502，响应内容: Proxy server not properly configured
请求失败，状态码: 502，响应内容: Proxy server not properly configured
请求失败，状态码: 502，响应内容: Proxy server not properly configured
请求失败，状态码: 502，响应内容: Proxy server not properly configured
请求失败，状态码: 502，响应内容: Proxy server not properly configured
请求失败，状态码: 502，响应内容: Proxy server not properly configured
请求失败，状态码: 502，响应内容: Proxy server not properly configured
请求失败，状态码: 502，响应内容: Proxy server not properly configured
请求失败，状态码: 502，响应内容: Proxy server not properly configured
请求失败，状态码: 502，响应内容: Proxy server not properly configured
请求失败，状态码: 502，响应内容: Proxy server not properly configured
请求失败，状态码: 502，响应内容: Proxy server not properly configured
请求失败，状态码: 502，响应内容: Proxy server not properly configured
请求失败，状态码: 502，响应内容: Proxy server not properly configured
请求失败，状态码: 502，响应内容: Proxy server not properly configured
请求失败，状态码: 502，响应内容: Proxy server not properly configured
请求失败，状态码: 502，响应内容: Proxy server not properly configured
请求失败，状态码: 502，响应内容: Proxy server not properly configured
请求失败，状态码: 502，响应内容: Proxy server not properly configured
请求失败，状态码: 502，响应内容: Proxy server not properly configured
请求失败，状态码: 502，响应内容: Proxy server not properly configured
请求失败，状态码: 502，响应内容: Proxy server not properly configured
请求失败，状态码: 502，响应内容: Proxy server not properly configured
请求失败，状态码: 502，响应内容: Proxy server not properly configured
请求失败，状态码: 502，响应内容: Proxy server not properly configured
请求失败，状态码: 502，响应内容: Proxy server not properly configured
请求失败，状态码: 502，响应内容: Proxy server not properly configured
请求失败，状态码: 502，响应内容: Proxy server not properly configured
请求失败，状态码: 502，响应内容: Proxy server not properly configured
请求失败，状态码: 502，响应内容: Proxy server not properly configured
请求失败，状态码: 502，响应内容: Proxy server not properly configured
请求失败，状态码: 502，响应内容: Proxy server not properly configured
请求失败，状态码: 502，响应内容: Proxy server not properly configured
请求失败，状态码: 502，响应内容: Proxy server not properly configured
请求失败，状态码: 502，响应内容: Proxy server not properly configured
请求失败，状态码: 502，响应内容: Proxy server not properly configured
请求失败，状态码: 502，响应内容: Proxy server not properly configured
请求失败，状态码: 502，响应内容: Proxy server not properly configured
请求失败，状态码: 502，响应内容: Proxy server not properly configured
请求失败，状态码: 502，响应内容: Proxy server not properly configured
请求失败，状态码: 502，响应内容: Proxy server not properly configured
请求失败，状态码: 502，响应内容: Proxy server not properly configured
请求失败，状态码: 502，响应内容: Proxy server not properly configured
请求失败，状态码: 502，响应内容: Proxy server not properly configured
请求失败，状态码: 502，响应内容: Proxy server not properly configured
请求失败，状态码: 502，响应内容: Proxy server not properly configured
请求失败，状态码: 502，响应内容: Proxy server not properly configured
请求失败，状态码: 502，响应内容: Proxy server not properly configured
请求失败，状态码: 502，响应内容: Proxy server not properly configured
请求失败，状态码: 502，响应内容: Proxy server not properly configured
请求失败，状态码: 502，响应内容: Proxy server not properly configured
请求失败，状态码: 502，响应内容: Proxy server not properly configured
请求失败，状态码: 502，响应内容: Proxy server not properly configured
请求失败，状态码: 502，响应内容: Proxy server not properly configured
请求失败，状态码: 502，响应内容: Proxy server not properly configured
请求失败，状态码: 502，响应内容: Proxy server not properly configured
请求失败，状态码: 502，响应内容: Proxy server not properly configured
请求失败，状态码: 502，响应内容: Proxy server not properly configured
请求失败，状态码: 502，响应内容: Proxy server not properly configured
请求失败，状态码: 502，响应内容: Proxy server not properly configured
请求失败，状态码: 502，响应内容: Proxy server not properly configured
请求失败，状态码: 502，响应内容: Proxy server not properly configured
请求失败，状态码: 502，响应内容: Proxy server not properly configured
请求失败，状态码: 502，响应内容: Proxy server not properly configured
请求失败，状态码: 502，响应内容: Proxy server not properly configured
请求失败，状态码: 502，响应内容: Proxy server not properly configured
请求失败，状态码: 502，响应内容: Proxy server not properly configured
请求失败，状态码: 502，响应内容: Proxy server not properly configured
请求失败，状态码: 502，响应内容: Proxy server not properly configured
请求失败，状态码: 502，响应内容: Proxy server not properly configured
请求失败，状态码: 502，响应内容: Proxy server not properly configured
请求失败，状态码: 502，响应内容: Proxy server not properly configured
请求失败，状态码: 502，响应内容: Proxy server not properly configured
请求失败，状态码: 502，响应内容: Proxy server not properly configured
请求失败，状态码: 502，响应内容: Proxy server not properly configured
请求失败，状态码: 502，响应内容: Proxy server not properly configured
请求失败，状态码: 502，响应内容: Proxy server not properly configured
请求失败，状态码: 502，响应内容: Proxy server not properly configured
请求失败，状态码: 502，响应内容: Proxy server not properly configured
请求失败，状态码: 502，响应内容: Proxy server not properly configured
请求失败，状态码: 502，响应内容: Proxy server not properly configured
请求失败，状态码: 502，响应内容: Proxy server not properly configured
请求失败，状态码: 502，响应内容: Proxy server not properly configured
请求失败，状态码: 502，响应内容: Proxy server not properly configured
请求失败，状态码: 502，响应内容: Proxy server not properly configured
请求失败，状态码: 502，响应内容: Proxy server not properly configured
请求失败，状态码: 502，响应内容: Proxy server not properly configured
请求失败，状态码: 502，响应内容: Proxy server not properly configured
请求失败，状态码: 502，响应内容: Proxy server not properly configured
请求失败，状态码: 502，响应内容: Proxy server not properly configured
请求失败，状态码: 502，响应内容: Proxy server not properly configured
请求失败，状态码: 502，响应内容: Proxy server not properly configured
请求失败，状态码: 502，响应内容: Proxy server not properly configured
请求失败，状态码: 502，响应内容: Proxy server not properly configured
请求失败，状态码: 502，响应内容: Proxy server not properly configured
请求失败，状态码: 502，响应内容: Proxy server not properly configured
请求失败，状态码: 502，响应内容: Proxy server not properly configured
请求失败，状态码: 502，响应内容: Proxy server not properly configured
请求失败，状态码: 502，响应内容: Proxy server not properly configured
请求失败，状态码: 502，响应内容: Proxy server not properly configured
请求失败，状态码: 502，响应内容: Proxy server not properly configured
请求失败，状态码: 502，响应内容: Proxy server not properly configured
请求失败，状态码: 502，响应内容: Proxy server not properly configured
请求失败，状态码: 502，响应内容: Proxy server not properly configured
请求失败，状态码: 502，响应内容: Proxy server not properly configured
请求失败，状态码: 502，响应内容: Proxy server not properly configured
请求失败，状态码: 502，响应内容: Proxy server not properly configured
请求失败，状态码: 502，响应内容: Proxy server not properly configured
请求失败，状态码: 502，响应内容: Proxy server not properly configured
请求失败，状态码: 502，响应内容: Proxy server not properly configured
请求失败，状态码: 502，响应内容: Proxy server not properly configured
请求失败，状态码: 502，响应内容: Proxy server not properly configured
请求失败，状态码: 502，响应内容: Proxy server not properly configured
请求失败，状态码: 502，响应内容: Proxy server not properly configured
请求失败，状态码: 502，响应内容: Proxy server not properly configured
请求失败，状态码: 502，响应内容: Proxy server not properly configured
请求失败，状态码: 502，响应内容: Proxy server not properly configured
请求失败，状态码: 502，响应内容: Proxy server not properly configured
请求失败，状态码: 502，响应内容: Proxy server not properly configured
请求失败，状态码: 502，响应内容: Proxy server not properly configured
请求失败，状态码: 502，响应内容: Proxy server not properly configured
请求失败，状态码: 502，响应内容: Proxy server not properly configured
请求失败，状态码: 502，响应内容: Proxy server not properly configured
请求失败，状态码: 502，响应内容: Proxy server not properly configured
请求失败，状态码: 502，响应内容: Proxy server not properly configured
请求失败，状态码: 502，响应内容: Proxy server not properly configured
请求失败，状态码: 502，响应内容: Proxy server not properly configured
请求失败，状态码: 502，响应内容: Proxy server not properly configured
请求失败，状态码: 502，响应内容: Proxy server not properly configured
请求失败，状态码: 502，响应内容: Proxy server not properly configured
请求失败，状态码: 502，响应内容: Proxy server not properly configured
请求失败，状态码: 502，响应内容: Proxy server not properly configured
请求失败，状态码: 502，响应内容: Proxy server not properly configured
请求失败，状态码: 502，响应内容: Proxy server not properly configured
请求失败，状态码: 502，响应内容: Proxy server not properly configured
请求失败，状态码: 502，响应内容: Proxy server not properly configured
请求失败，状态码: 502，响应内容: Proxy server not properly configured
请求失败，状态码: 502，响应内容: Proxy server not properly configured
请求失败，状态码: 502，响应内容: Proxy server not properly configured
请求失败，状态码: 502，响应内容: Proxy server not properly configured
请求失败，状态码: 502，响应内容: Proxy server not properly configured
请求失败，状态码: 502，响应内容: Proxy server not properly configured
请求失败，状态码: 502，响应内容: Proxy server not properly configured
请求失败，状态码: 502，响应内容: Proxy server not properly configured
请求失败，状态码: 502，响应内容: Proxy server not properly configured
请求失败，状态码: 502，响应内容: Proxy server not properly configured
请求失败，状态码: 502，响应内容: Proxy server not properly configured
请求失败，状态码: 502，响应内容: Proxy server not properly configured
请求失败，状态码: 502，响应内容: Proxy server not properly configured
请求失败，状态码: 502，响应内容: Proxy server not properly configured
请求失败，状态码: 502，响应内容: Proxy server not properly configured
请求失败，状态码: 502，响应内容: Proxy server not properly configured
请求失败，状态码: 502，响应内容: Proxy server not properly configured
请求失败，状态码: 502，响应内容: Proxy server not properly configured
请求失败，状态码: 502，响应内容: Proxy server not properly configured
请求失败，状态码: 502，响应内容: Proxy server not properly configured
请求失败，状态码: 502，响应内容: Proxy server not properly configured
请求失败，状态码: 502，响应内容: Proxy server not properly configured
请求失败，状态码: 502，响应内容: Proxy server not properly configured
请求失败，状态码: 502，响应内容: Proxy server not properly configured
请求失败，状态码: 502，响应内容: Proxy server not properly configured
请求失败，状态码: 502，响应内容: Proxy server not properly configured
请求失败，状态码: 502，响应内容: Proxy server not properly configured
请求失败，状态码: 502，响应内容: Proxy server not properly configured
请求失败，状态码: 502，响应内容: Proxy server not properly configured
请求失败，状态码: 502，响应内容: Proxy server not properly configured
请求失败，状态码: 502，响应内容: Proxy server not properly configured
请求失败，状态码: 502，响应内容: Proxy server not properly configured
请求失败，状态码: 502，响应内容: Proxy server not properly configured
请求失败，状态码: 502，响应内容: Proxy server not properly configured
请求失败，状态码: 502，响应内容: Proxy server not properly configured
请求失败，状态码: 502，响应内容: Proxy server not properly configured
请求失败，状态码: 502，响应内容: Proxy server not properly configured
请求失败，状态码: 502，响应内容: Proxy server not properly configured
请求失败，状态码: 502，响应内容: Proxy server not properly configured
请求失败，状态码: 502，响应内容: Proxy server not properly configured
请求失败，状态码: 502，响应内容: Proxy server not properly configured
请求失败，状态码: 502，响应内容: Proxy server not properly configured
请求失败，状态码: 502，响应内容: Proxy server not properly configured
请求失败，状态码: 502，响应内容: Proxy server not properly configured
请求失败，状态码: 502，响应内容: Proxy server not properly configured
请求失败，状态码: 502，响应内容: Proxy server not properly configured
请求失败，状态码: 502，响应内容: Proxy server not properly configured
请求失败，状态码: 502，响应内容: Proxy server not properly configured
请求失败，状态码: 502，响应内容: Proxy server not properly configured
请求失败，状态码: 502，响应内容: Proxy server not properly configured
请求失败，状态码: 502，响应内容: Proxy server not properly configured
请求失败，状态码: 502，响应内容: Proxy server not properly configured
请求失败，状态码: 502，响应内容: Proxy server not properly configured
请求失败，状态码: 502，响应内容: Proxy server not properly configured
请求失败，状态码: 502，响应内容: Proxy server not properly configured
请求失败，状态码: 502，响应内容: Proxy server not properly configured
请求失败，状态码: 502，响应内容: Proxy server not properly configured
请求失败，状态码: 502，响应内容: Proxy server not properly configured
请求失败，状态码: 502，响应内容: Proxy server not properly configured
请求失败，状态码: 502，响应内容: Proxy server not properly configured
请求失败，状态码: 502，响应内容: Proxy server not properly configured
请求失败，状态码: 502，响应内容: Proxy server not properly configured
请求失败，状态码: 502，响应内容: Proxy server not properly configured
请求失败，状态码: 502，响应内容: Proxy server not properly configured
请求失败，状态码: 502，响应内容: Proxy server not properly configured
请求失败，状态码: 502，响应内容: Proxy server not properly configured
请求失败，状态码: 502，响应内容: Proxy server not properly configured
请求失败，状态码: 502，响应内容: Proxy server not properly configured
请求失败，状态码: 502，响应内容: Proxy server not properly configured
请求失败，状态码: 502，响应内容: Proxy server not properly configured
请求失败，状态码: 502，响应内容: Proxy server not properly configured
请求失败，状态码: 502，响应内容: Proxy server not properly configured
请求失败，状态码: 502，响应内容: Proxy server not properly configured
请求失败，状态码: 502，响应内容: Proxy server not properly configured
请求失败，状态码: 502，响应内容: Proxy server not properly configured
请求失败，状态码: 502，响应内容: Proxy server not properly configured
请求失败，状态码: 502，响应内容: Proxy server not properly configured
请求失败，状态码: 502，响应内容: Proxy server not properly configured
请求失败，状态码: 502，响应内容: Proxy server not properly configured
请求失败，状态码: 502，响应内容: Proxy server not properly configured
请求失败，状态码: 502，响应内容: Proxy server not properly configured
请求失败，状态码: 502，响应内容: Proxy server not properly configured
请求失败，状态码: 502，响应内容: Proxy server not properly configured
请求失败，状态码: 502，响应内容: Proxy server not properly configured
请求失败，状态码: 502，响应内容: Proxy server not properly configured
请求失败，状态码: 502，响应内容: Proxy server not properly configured
请求失败，状态码: 502，响应内容: Proxy server not properly configured
请求失败，状态码: 502，响应内容: Proxy server not properly configured
请求失败，状态码: 502，响应内容: Proxy server not properly configured
请求失败，状态码: 502，响应内容: Proxy server not properly configured
请求失败，状态码: 502，响应内容: Proxy server not properly configured
请求失败，状态码: 502，响应内容: Proxy server not properly configured
请求失败，状态码: 502，响应内容: Proxy server not properly configured
请求失败，状态码: 502，响应内容: Proxy server not properly configured
请求失败，状态码: 502，响应内容: Proxy server not properly configured
请求失败，状态码: 502，响应内容: Proxy server not properly configured
请求失败，状态码: 502，响应内容: Proxy server not properly configured
请求失败，状态码: 502，响应内容: Proxy server not properly configured
请求失败，状态码: 502，响应内容: Proxy server not properly configured
请求失败，状态码: 502，响应内容: Proxy server not properly configured
请求失败，状态码: 502，响应内容: Proxy server not properly configured
请求失败，状态码: 502，响应内容: Proxy server not properly configured
请求失败，状态码: 502，响应内容: Proxy server not properly configured
请求失败，状态码: 502，响应内容: Proxy server not properly configured
请求失败，状态码: 502，响应内容: Proxy server not properly configured
请求失败，状态码: 502，响应内容: Proxy server not properly configured
请求失败，状态码: 502，响应内容: Proxy server not properly configured
请求失败，状态码: 502，响应内容: Proxy server not properly configured
请求失败，状态码: 502，响应内容: Proxy server not properly configured
请求失败，状态码: 502，响应内容: Proxy server not properly configured
请求失败，状态码: 502，响应内容: Proxy server not properly configured
请求失败，状态码: 502，响应内容: Proxy server not properly configured
请求失败，状态码: 502，响应内容: Proxy server not properly configured
请求失败，状态码: 502，响应内容: Proxy server not properly configured
请求失败，状态码: 502，响应内容: Proxy server not properly configured
请求失败，状态码: 502，响应内容: Proxy server not properly configured
请求失败，状态码: 502，响应内容: Proxy server not properly configured
请求失败，状态码: 502，响应内容: Proxy server not properly configured
请求失败，状态码: 502，响应内容: Proxy server not properly configured
optimized 测试完成:
- QPS: 0.00
- 成功率: 0.00%
- 平均响应时间: N/A ms
{"timestamp":"2025-09-15T10:15:28.352Z","level":"INFO","name":"mitmproxy","message":"Proxy server stopped"}
{"timestamp":"2025-09-15T10:15:28.352Z","level":"INFO","name":"mitmproxy","message":"Node MITMProxy stopped"}

5. 生成性能对比报告...

=== 性能对比报告 ===
基本代理改进: {
  qps: { original: 67.71, new: 0, improvement: '-100.00%' },
  responseTime: { original: 9150.5, new: 0, improvement: '100.00%' },
  memory: { original: '170.04 MB', new: '0.00 MB', improvement: '100.00%' },
  successRate: { original: 100, new: 0, improvement: '-100.00%' }
}
固定证书改进: {
  qps: { original: 67.71, new: 0, improvement: '-100.00%' },
  responseTime: { original: 9150.5, new: 0, improvement: '100.00%' },
  memory: { original: '170.04 MB', new: '0.00 MB', improvement: '100.00%' },
  successRate: { original: 100, new: 0, improvement: '-100.00%' }
}
完全优化改进: {
  qps: { original: 67.71, new: 0, improvement: '-100.00%' },
  responseTime: { original: 9150.5, new: 0, improvement: '100.00%' },
  memory: { original: '170.04 MB', new: '0.00 MB', improvement: '100.00%' },
  successRate: { original: 100, new: 0, improvement: '-100.00%' }
}

详细报告已保存到: /home/liuzm/projects/browser-mirror/node-mitmproxy/test/refactored-benchmark-2025-09-15T10:15:23.022Z.json

=== 性能测试完成 ===
测试服务器已停止
